
> anirvedawebsite@0.0.0 test:ipl
> node --test "src/lib/iplAuction/__tests__/*.test.js"

TAP version 13
# Subtest: admin auth
    # Subtest: local mode is always an admin with no login
    ok 1 - local mode is always an admin with no login
      ---
      duration_ms: 3.0257
      type: 'test'
      ...
    # Subtest: appwrite mode: signed out ΓåÆ not admin; admin label ΓåÆ admin; other users ΓåÆ not admin
    ok 2 - appwrite mode: signed out ΓåÆ not admin; admin label ΓåÆ admin; other users ΓåÆ not admin
      ---
      duration_ms: 1.2091
      type: 'test'
      ...
    # Subtest: wrong password and non-auth errors surface to the caller
    ok 3 - wrong password and non-auth errors surface to the caller
      ---
      duration_ms: 4.2334
      type: 'test'
      ...
    # Subtest: table permissions: anyone reads, only the admin label writes
    ok 4 - table permissions: anyone reads, only the admin label writes
      ---
      duration_ms: 1.575
      type: 'test'
      ...
    1..4
ok 1 - admin auth
  ---
  duration_ms: 13.5718
  type: 'suite'
  ...
# Subtest: appwrite adapter: reading
    # Subtest: shows a placeholder, then loads the newest auction once subscribed
    not ok 1 - shows a placeholder, then loads the newest auction once subscribed
      ---
      duration_ms: 37.5238
      type: 'test'
      location: 'C:\\Users\\Aaryan\\Desktop\\anirveda\\src\\lib\\iplAuction\\__tests__\\appwriteAdapter.test.js:73:3'
      failureType: 'testCodeFailure'
      error: |-
        Expected values to be strictly deep-equal:
        + actual - expected
        ... Skipped lines
        
          {
            activity: [
              {
                actor: {
                  role: 'ADMIN'
        ...
                image: null,
        -       isFemale: false,
                isOverseas: false,
                name: 'Test ar1',
                nationality: null,
                recentPerformance: [],
                role: 'ALL_ROUNDER',
        ...
                image: null,
        -       isFemale: false,
                isOverseas: false,
                name: 'Test bat1',
                nationality: null,
                recentPerformance: [],
                role: 'BATTER',
        ...
                image: null,
        -       isFemale: false,
                isOverseas: false,
                name: 'Test bat2',
                nationality: null,
                recentPerformance: [],
                role: 'BATTER',
        ...
                image: null,
        -       isFemale: false,
                isOverseas: false,
                name: 'Test bat3',
                nationality: null,
                recentPerformance: [],
                role: 'BATTER',
        ...
                image: null,
        -       isFemale: false,
                isOverseas: false,
                name: 'Test bowl1',
                nationality: null,
                recentPerformance: [],
                role: 'BOWLER',
        ...
                image: null,
        -       isFemale: false,
                isOverseas: true,
                name: 'Test bowl2',
                nationality: null,
                recentPerformance: [],
                role: 'BOWLER',
        ...
                image: null,
        -       isFemale: false,
                isOverseas: true,
                name: 'Test os1',
                nationality: null,
                recentPerformance: [],
                role: 'BATTER',
        ...
                image: null,
        -       isFemale: false,
                isOverseas: true,
                name: 'Test os2',
                nationality: null,
                recentPerformance: [],
                role: 'BOWLER',
        ...
                image: null,
        -       isFemale: false,
                isOverseas: false,
                name: 'Test wk1',
                nationality: null,
                recentPerformance: [],
                role: 'WICKETKEEPER',
        ...
                image: null,
        -       isFemale: false,
                isOverseas: false,
                name: 'Test wk2',
                nationality: null,
                recentPerformance: [],
                role: 'WICKETKEEPER',
        
      code: 'ERR_ASSERTION'
      name: 'AssertionError'
      expected:
        schemaVersion: 2
        auctionId: 'newer-auction'
        name: 'Auction'
        createdAt: 50
        version: 3
        status: 'LIVE'
        config:
          initialPurse: 1000
          squad:
            min: 0
            max: 4
          maxOverseas: 1
          minFemale: 2
          roleLimits:
            BATTER:
              min: 0
              max: 2
            BOWLER:
              min: 0
              max: 2
            ALL_ROUNDER:
              min: 0
              max: 2
            WICKETKEEPER:
              min: 0
              max: 1
          minimumReserve:
            enabled: false
            perSlot: 20
          allowUnsoldRelist: true
          undoDepth: 20
        teams:
          t1:
            id: 't1'
            name: 'Test Team One'
            shortName: 'TES'
            logo: ~
          t2:
            id: 't2'
            name: 'Test Team Two'
            shortName: 'TES'
            logo: ~
          t3:
            id: 't3'
            name: 'Test Team Three'
            shortName: 'TES'
            logo: ~
        teamOrder:
          0: 't1'
          1: 't2'
          2: 't3'
        players:
          bat1:
            id: 'bat1'
            name: 'Test bat1'
            role: 'BATTER'
            isOverseas: false
            isFemale: false
            basePrice: 20
            nationality: ~
            battingStyle: ~
            bowlingStyle: ~
            image: ~
            stats: ~
            recentPerformance:
            dataSource: 'FICTIONAL'
            status: 'SOLD'
            soldTo: 't1'
            soldPrice: 20
          bat2:
            id: 'bat2'
            name: 'Test bat2'
            role: 'BATTER'
            isOverseas: false
            isFemale: false
            basePrice: 50
            nationality: ~
            battingStyle: ~
            bowlingStyle: ~
            image: ~
            stats: ~
            recentPerformance:
            dataSource: 'FICTIONAL'
            status: 'AVAILABLE'
            soldTo: ~
            soldPrice: ~
          bat3:
            id: 'bat3'
            name: 'Test bat3'
            role: 'BATTER'
            isOverseas: false
            isFemale: false
            basePrice: 100
            nationality: ~
            battingStyle: ~
            bowlingStyle: ~
            image: ~
            stats: ~
            recentPerformance:
            dataSource: 'FICTIONAL'
            status: 'AVAILABLE'
            soldTo: ~
            soldPrice: ~
          bowl1:
            id: 'bowl1'
            name: 'Test bowl1'
            role: 'BOWLER'
            isOverseas: false
            isFemale: false
            basePrice: 20
            nationality: ~
            battingStyle: ~
            bowlingStyle: ~
            image: ~
            stats: ~
            recentPerformance:
            dataSource: 'FICTIONAL'
            status: 'AVAILABLE'
            soldTo: ~
            soldPrice: ~
          bowl2:
            id: 'bowl2'
            name: 'Test bowl2'
            role: 'BOWLER'
            isOverseas: true
            isFemale: false
            basePrice: 75
            nationality: ~
            battingStyle: ~
            bowlingStyle: ~
            image: ~
            stats: ~
            recentPerformance:
            dataSource: 'FICTIONAL'
            status: 'AVAILABLE'
            soldTo: ~
            soldPrice: ~
          ar1:
            id: 'ar1'
            name: 'Test ar1'
            role: 'ALL_ROUNDER'
            isOverseas: false
            isFemale: false
            basePrice: 200
            nationality: ~
            battingStyle: ~
            bowlingStyle: ~
            image: ~
            stats: ~
            recentPerformance:
            dataSource: 'FICTIONAL'
            status: 'AVAILABLE'
            soldTo: ~
            soldPrice: ~
          wk1:
            id: 'wk1'
            name: 'Test wk1'
            role: 'WICKETKEEPER'
            isOverseas: false
            isFemale: false
            basePrice: 20
            nationality: ~
            battingStyle: ~
            bowlingStyle: ~
            image: ~
            stats: ~
            recentPerformance:
            dataSource: 'FICTIONAL'
            status: 'AVAILABLE'
            soldTo: ~
            soldPrice: ~
          wk2:
            id: 'wk2'
            name: 'Test wk2'
            role: 'WICKETKEEPER'
            isOverseas: false
            isFemale: false
            basePrice: 30
            nationality: ~
            battingStyle: ~
            bowlingStyle: ~
            image: ~
            stats: ~
            recentPerformance:
            dataSource: 'FICTIONAL'
            status: 'AVAILABLE'
            soldTo: ~
            soldPrice: ~
          os1:
            id: 'os1'
            name: 'Test os1'
            role: 'BATTER'
            isOverseas: true
            isFemale: false
            basePrice: 20
            nationality: ~
            battingStyle: ~
            bowlingStyle: ~
            image: ~
            stats: ~
            recentPerformance:
            dataSource: 'FICTIONAL'
            status: 'AVAILABLE'
            soldTo: ~
            soldPrice: ~
          os2:
            id: 'os2'
            name: 'Test os2'
            role: 'BOWLER'
            isOverseas: true
            isFemale: false
            basePrice: 20
            nationality: ~
            battingStyle: ~
            bowlingStyle: ~
            image: ~
            stats: ~
            recentPerformance:
            dataSource: 'FICTIONAL'
            status: 'AVAILABLE'
            soldTo: ~
            soldPrice: ~
        playerOrder:
          0: 'bat1'
          1: 'bat2'
          2: 'bat3'
          3: 'bowl1'
          4: 'bowl2'
          5: 'ar1'
          6: 'wk1'
          7: 'wk2'
          8: 'os1'
          9: 'os2'
        lot: ~
        purchases:
          0:
            id: 'purchase-1'
            seq: 1
            lotId: 'lot-1'
            playerId: 'bat1'
            teamId: 't1'
            price: 20
            at: 1000
        activity:
          0:
            seq: 1
            type: 'START_AUCTION'
            at: 1000
            actor:
              role: 'ADMIN'
            message: 'Auction started.'
          1:
            seq: 2
            type: 'OPEN_LOT'
            at: 1000
            actor:
              role: 'ADMIN'
            playerId: 'bat1'
            amount: 20
            message: 'Test bat1 is up for bidding at base price Γé╣20 L.'
          2:
            seq: 3
            type: 'SELL_PLAYER'
            at: 1000
            actor:
              role: 'ADMIN'
            playerId: 'bat1'
            teamId: 't1'
            amount: 20
            message: 'SOLD: Test bat1 to Test Team One for Γé╣20 L.'
        undoStack:
          0:
            commandType: 'OPEN_LOT'
            activitySeq: 2
            description: 'Test bat1 is up for bidding at base price Γé╣20 L.'
            lot: ~
            purchasesLength: 0
            players:
              bat1:
                status: 'AVAILABLE'
                soldTo: ~
                soldPrice: ~
          1:
            commandType: 'SELL_PLAYER'
            activitySeq: 3
            description: 'SOLD: Test bat1 to Test Team One for Γé╣20 L.'
            lot:
              id: 'lot-1'
              playerId: 'bat1'
              openedAt: 1000
              currentBid: ~
              currentBidTeamId: ~
            purchasesLength: 0
            players:
              bat1:
                status: 'ON_BLOCK'
                soldTo: ~
                soldPrice: ~
        counters:
          activity: 3
          purchase: 1
          lot: 1
      actual:
        schemaVersion: 2
        auctionId: 'newer-auction'
        name: 'Auction'
        createdAt: 50
        version: 3
        status: 'LIVE'
        config:
          initialPurse: 1000
          squad:
            min: 0
            max: 4
          maxOverseas: 1
          minFemale: 2
          roleLimits:
            BATTER:
              min: 0
              max: 2
            BOWLER:
              min: 0
              max: 2
            ALL_ROUNDER:
              min: 0
              max: 2
            WICKETKEEPER:
              min: 0
              max: 1
          minimumReserve:
            enabled: false
            perSlot: 20
          allowUnsoldRelist: true
          undoDepth: 20
        teams:
          t1:
            id: 't1'
            name: 'Test Team One'
            shortName: 'TES'
            logo: ~
          t2:
            id: 't2'
            name: 'Test Team Two'
            shortName: 'TES'
            logo: ~
          t3:
            id: 't3'
            name: 'Test Team Three'
            shortName: 'TES'
            logo: ~
        teamOrder:
          0: 't1'
          1: 't2'
          2: 't3'
        players:
          bat1:
            id: 'bat1'
            name: 'Test bat1'
            role: 'BATTER'
            isOverseas: false
            basePrice: 20
            nationality: ~
            battingStyle: ~
            bowlingStyle: ~
            image: ~
            stats: ~
            recentPerformance:
            dataSource: 'FICTIONAL'
            status: 'SOLD'
            soldTo: 't1'
            soldPrice: 20
          bat2:
            id: 'bat2'
            name: 'Test bat2'
            role: 'BATTER'
            isOverseas: false
            basePrice: 50
            nationality: ~
            battingStyle: ~
            bowlingStyle: ~
            image: ~
            stats: ~
            recentPerformance:
            dataSource: 'FICTIONAL'
            status: 'AVAILABLE'
            soldTo: ~
            soldPrice: ~
          bat3:
            id: 'bat3'
            name: 'Test bat3'
            role: 'BATTER'
            isOverseas: false
            basePrice: 100
            nationality: ~
            battingStyle: ~
            bowlingStyle: ~
            image: ~
            stats: ~
            recentPerformance:
            dataSource: 'FICTIONAL'
            status: 'AVAILABLE'
            soldTo: ~
            soldPrice: ~
          bowl1:
            id: 'bowl1'
            name: 'Test bowl1'
            role: 'BOWLER'
            isOverseas: false
            basePrice: 20
            nationality: ~
            battingStyle: ~
            bowlingStyle: ~
            image: ~
            stats: ~
            recentPerformance:
            dataSource: 'FICTIONAL'
            status: 'AVAILABLE'
            soldTo: ~
            soldPrice: ~
          bowl2:
            id: 'bowl2'
            name: 'Test bowl2'
            role: 'BOWLER'
            isOverseas: true
            basePrice: 75
            nationality: ~
            battingStyle: ~
            bowlingStyle: ~
            image: ~
            stats: ~
            recentPerformance:
            dataSource: 'FICTIONAL'
            status: 'AVAILABLE'
            soldTo: ~
            soldPrice: ~
          ar1:
            id: 'ar1'
            name: 'Test ar1'
            role: 'ALL_ROUNDER'
            isOverseas: false
            basePrice: 200
            nationality: ~
            battingStyle: ~
            bowlingStyle: ~
            image: ~
            stats: ~
            recentPerformance:
            dataSource: 'FICTIONAL'
            status: 'AVAILABLE'
            soldTo: ~
            soldPrice: ~
          wk1:
            id: 'wk1'
            name: 'Test wk1'
            role: 'WICKETKEEPER'
            isOverseas: false
            basePrice: 20
            nationality: ~
            battingStyle: ~
            bowlingStyle: ~
            image: ~
            stats: ~
            recentPerformance:
            dataSource: 'FICTIONAL'
            status: 'AVAILABLE'
            soldTo: ~
            soldPrice: ~
          wk2:
            id: 'wk2'
            name: 'Test wk2'
            role: 'WICKETKEEPER'
            isOverseas: false
            basePrice: 30
            nationality: ~
            battingStyle: ~
            bowlingStyle: ~
            image: ~
            stats: ~
            recentPerformance:
            dataSource: 'FICTIONAL'
            status: 'AVAILABLE'
            soldTo: ~
            soldPrice: ~
          os1:
            id: 'os1'
            name: 'Test os1'
            role: 'BATTER'
            isOverseas: true
            basePrice: 20
            nationality: ~
            battingStyle: ~
            bowlingStyle: ~
            image: ~
            stats: ~
            recentPerformance:
            dataSource: 'FICTIONAL'
            status: 'AVAILABLE'
            soldTo: ~
            soldPrice: ~
          os2:
            id: 'os2'
            name: 'Test os2'
            role: 'BOWLER'
            isOverseas: true
            basePrice: 20
            nationality: ~
            battingStyle: ~
            bowlingStyle: ~
            image: ~
            stats: ~
            recentPerformance:
            dataSource: 'FICTIONAL'
            status: 'AVAILABLE'
            soldTo: ~
            soldPrice: ~
        playerOrder:
          0: 'bat1'
          1: 'bat2'
          2: 'bat3'
          3: 'bowl1'
          4: 'bowl2'
          5: 'ar1'
          6: 'wk1'
          7: 'wk2'
          8: 'os1'
          9: 'os2'
        lot: ~
        purchases:
          0:
            id: 'purchase-1'
            seq: 1
            lotId: 'lot-1'
            playerId: 'bat1'
            teamId: 't1'
            price: 20
            at: 1000
        activity:
          0:
            seq: 1
            type: 'START_AUCTION'
            at: 1000
            actor:
              role: 'ADMIN'
            message: 'Auction started.'
          1:
            seq: 2
            type: 'OPEN_LOT'
            at: 1000
            actor:
              role: 'ADMIN'
            message: 'Test bat1 is up for bidding at base price Γé╣20 L.'
            playerId: 'bat1'
            amount: 20
          2:
            seq: 3
            type: 'SELL_PLAYER'
            at: 1000
            actor:
              role: 'ADMIN'
            message: 'SOLD: Test bat1 to Test Team One for Γé╣20 L.'
            playerId: 'bat1'
            teamId: 't1'
            amount: 20
        undoStack:
          0:
            commandType: 'OPEN_LOT'
            activitySeq: 2
            description: 'Test bat1 is up for bidding at base price Γé╣20 L.'
            lot: ~
            purchasesLength: 0
            players:
              bat1:
                status: 'AVAILABLE'
                soldTo: ~
                soldPrice: ~
          1:
            commandType: 'SELL_PLAYER'
            activitySeq: 3
            description: 'SOLD: Test bat1 to Test Team One for Γé╣20 L.'
            lot:
              id: 'lot-1'
              playerId: 'bat1'
              openedAt: 1000
              currentBid: ~
              currentBidTeamId: ~
            purchasesLength: 0
            players:
              bat1:
                status: 'ON_BLOCK'
                soldTo: ~
                soldPrice: ~
        counters:
          activity: 3
          purchase: 1
          lot: 1
      operator: 'deepStrictEqual'
      stack: |-
        TestContext.<anonymous> (file:///C:/Users/Aaryan/Desktop/anirveda/src/lib/iplAuction/__tests__/appwriteAdapter.test.js:84:12)
        async Test.run (node:internal/test_runner/test:1054:7)
        async Promise.all (index 0)
        async Suite.run (node:internal/test_runner/test:1442:7)
        async startSubtestAfterBootstrap (node:internal/test_runner/harness:296:3)
      ...
    # Subtest: loads a specific auction when auctionId is given
    ok 2 - loads a specific auction when auctionId is given
      ---
      duration_ms: 5.666
      type: 'test'
      ...
    # Subtest: pages through large tables
    ok 3 - pages through large tables
      ---
      duration_ms: 14.4958
      type: 'test'
      ...
    # Subtest: keeps the same snapshot reference when nothing changed, and updates on a newer version
    ok 4 - keeps the same snapshot reference when nothing changed, and updates on a newer version
      ---
      duration_ms: 5.0639
      type: 'test'
      ...
    # Subtest: retries a read that raced a write, and never shows a torn state
    not ok 5 - retries a read that raced a write, and never shows a torn state
      ---
      duration_ms: 7.0598
      type: 'test'
      location: 'C:\\Users\\Aaryan\\Desktop\\anirveda\\src\\lib\\iplAuction\\__tests__\\appwriteAdapter.test.js:134:3'
      failureType: 'testCodeFailure'
      error: |-
        Expected values to be strictly deep-equal:
        + actual - expected
        ... Skipped lines
        
          {
            activity: [
              {
                actor: {
                  role: 'ADMIN'
        ...
                image: null,
        -       isFemale: false,
                isOverseas: false,
                name: 'Test ar1',
                nationality: null,
                recentPerformance: [],
                role: 'ALL_ROUNDER',
        ...
                image: null,
        -       isFemale: false,
                isOverseas: false,
                name: 'Test bat1',
                nationality: null,
                recentPerformance: [],
                role: 'BATTER',
        ...
                image: null,
        -       isFemale: false,
                isOverseas: false,
                name: 'Test bat2',
                nationality: null,
                recentPerformance: [],
                role: 'BATTER',
        ...
                image: null,
        -       isFemale: false,
                isOverseas: false,
                name: 'Test bat3',
                nationality: null,
                recentPerformance: [],
                role: 'BATTER',
        ...
                image: null,
        -       isFemale: false,
                isOverseas: false,
                name: 'Test bowl1',
                nationality: null,
                recentPerformance: [],
                role: 'BOWLER',
        ...
                image: null,
        -       isFemale: false,
                isOverseas: true,
                name: 'Test bowl2',
                nationality: null,
                recentPerformance: [],
                role: 'BOWLER',
        ...
                image: null,
        -       isFemale: false,
                isOverseas: true,
                name: 'Test os1',
                nationality: null,
                recentPerformance: [],
                role: 'BATTER',
        ...
                image: null,
        -       isFemale: false,
                isOverseas: true,
                name: 'Test os2',
                nationality: null,
                recentPerformance: [],
                role: 'BOWLER',
        ...
                image: null,
        -       isFemale: false,
                isOverseas: false,
                name: 'Test wk1',
                nationality: null,
                recentPerformance: [],
                role: 'WICKETKEEPER',
        ...
                image: null,
        -       isFemale: false,
                isOverseas: false,
                name: 'Test wk2',
                nationality: null,
                recentPerformance: [],
                role: 'WICKETKEEPER',
        
      code: 'ERR_ASSERTION'
      name: 'AssertionError'
      expected:
        schemaVersion: 2
        auctionId: 'test-auction'
        name: 'Auction'
        createdAt: 1
        version: 3
        status: 'LIVE'
        config:
          initialPurse: 1000
          squad:
            min: 0
            max: 4
          maxOverseas: 1
          minFemale: 2
          roleLimits:
            BATTER:
              min: 0
              max: 2
            BOWLER:
              min: 0
              max: 2
            ALL_ROUNDER:
              min: 0
              max: 2
            WICKETKEEPER:
              min: 0
              max: 1
          minimumReserve:
            enabled: false
            perSlot: 20
          allowUnsoldRelist: true
          undoDepth: 20
        teams:
          t1:
            id: 't1'
            name: 'Test Team One'
            shortName: 'TES'
            logo: ~
          t2:
            id: 't2'
            name: 'Test Team Two'
            shortName: 'TES'
            logo: ~
          t3:
            id: 't3'
            name: 'Test Team Three'
            shortName: 'TES'
            logo: ~
        teamOrder:
          0: 't1'
          1: 't2'
          2: 't3'
        players:
          bat1:
            id: 'bat1'
            name: 'Test bat1'
            role: 'BATTER'
            isOverseas: false
            isFemale: false
            basePrice: 20
            nationality: ~
            battingStyle: ~
            bowlingStyle: ~
            image: ~
            stats: ~
            recentPerformance:
            dataSource: 'FICTIONAL'
            status: 'SOLD'
            soldTo: 't1'
            soldPrice: 20
          bat2:
            id: 'bat2'
            name: 'Test bat2'
            role: 'BATTER'
            isOverseas: false
            isFemale: false
            basePrice: 50
            nationality: ~
            battingStyle: ~
            bowlingStyle: ~
            image: ~
            stats: ~
            recentPerformance:
            dataSource: 'FICTIONAL'
            status: 'AVAILABLE'
            soldTo: ~
            soldPrice: ~
          bat3:
            id: 'bat3'
            name: 'Test bat3'
            role: 'BATTER'
            isOverseas: false
            isFemale: false
            basePrice: 100
            nationality: ~
            battingStyle: ~
            bowlingStyle: ~
            image: ~
            stats: ~
            recentPerformance:
            dataSource: 'FICTIONAL'
            status: 'AVAILABLE'
            soldTo: ~
            soldPrice: ~
          bowl1:
            id: 'bowl1'
            name: 'Test bowl1'
            role: 'BOWLER'
            isOverseas: false
            isFemale: false
            basePrice: 20
            nationality: ~
            battingStyle: ~
            bowlingStyle: ~
            image: ~
            stats: ~
            recentPerformance:
            dataSource: 'FICTIONAL'
            status: 'AVAILABLE'
            soldTo: ~
            soldPrice: ~
          bowl2:
            id: 'bowl2'
            name: 'Test bowl2'
            role: 'BOWLER'
            isOverseas: true
            isFemale: false
            basePrice: 75
            nationality: ~
            battingStyle: ~
            bowlingStyle: ~
            image: ~
            stats: ~
            recentPerformance:
            dataSource: 'FICTIONAL'
            status: 'AVAILABLE'
            soldTo: ~
            soldPrice: ~
          ar1:
            id: 'ar1'
            name: 'Test ar1'
            role: 'ALL_ROUNDER'
            isOverseas: false
            isFemale: false
            basePrice: 200
            nationality: ~
            battingStyle: ~
            bowlingStyle: ~
            image: ~
            stats: ~
            recentPerformance:
            dataSource: 'FICTIONAL'
            status: 'AVAILABLE'
            soldTo: ~
            soldPrice: ~
          wk1:
            id: 'wk1'
            name: 'Test wk1'
            role: 'WICKETKEEPER'
            isOverseas: false
            isFemale: false
            basePrice: 20
            nationality: ~
            battingStyle: ~
            bowlingStyle: ~
            image: ~
            stats: ~
            recentPerformance:
            dataSource: 'FICTIONAL'
            status: 'AVAILABLE'
            soldTo: ~
            soldPrice: ~
          wk2:
            id: 'wk2'
            name: 'Test wk2'
            role: 'WICKETKEEPER'
            isOverseas: false
            isFemale: false
            basePrice: 30
            nationality: ~
            battingStyle: ~
            bowlingStyle: ~
            image: ~
            stats: ~
            recentPerformance:
            dataSource: 'FICTIONAL'
            status: 'AVAILABLE'
            soldTo: ~
            soldPrice: ~
          os1:
            id: 'os1'
            name: 'Test os1'
            role: 'BATTER'
            isOverseas: true
            isFemale: false
            basePrice: 20
            nationality: ~
            battingStyle: ~
            bowlingStyle: ~
            image: ~
            stats: ~
            recentPerformance:
            dataSource: 'FICTIONAL'
            status: 'AVAILABLE'
            soldTo: ~
            soldPrice: ~
          os2:
            id: 'os2'
            name: 'Test os2'
            role: 'BOWLER'
            isOverseas: true
            isFemale: false
            basePrice: 20
            nationality: ~
            battingStyle: ~
            bowlingStyle: ~
            image: ~
            stats: ~
            recentPerformance:
            dataSource: 'FICTIONAL'
            status: 'AVAILABLE'
            soldTo: ~
            soldPrice: ~
        playerOrder:
          0: 'bat1'
          1: 'bat2'
          2: 'bat3'
          3: 'bowl1'
          4: 'bowl2'
          5: 'ar1'
          6: 'wk1'
          7: 'wk2'
          8: 'os1'
          9: 'os2'
        lot: ~
        purchases:
          0:
            id: 'purchase-1'
            seq: 1
            lotId: 'lot-1'
            playerId: 'bat1'
            teamId: 't1'
            price: 20
            at: 1000
        activity:
          0:
            seq: 1
            type: 'START_AUCTION'
            at: 1000
            actor:
              role: 'ADMIN'
            message: 'Auction started.'
          1:
            seq: 2
            type: 'OPEN_LOT'
            at: 1000
            actor:
              role: 'ADMIN'
            playerId: 'bat1'
            amount: 20
            message: 'Test bat1 is up for bidding at base price Γé╣20 L.'
          2:
            seq: 3
            type: 'SELL_PLAYER'
            at: 1000
            actor:
              role: 'ADMIN'
            playerId: 'bat1'
            teamId: 't1'
            amount: 20
            message: 'SOLD: Test bat1 to Test Team One for Γé╣20 L.'
        undoStack:
          0:
            commandType: 'OPEN_LOT'
            activitySeq: 2
            description: 'Test bat1 is up for bidding at base price Γé╣20 L.'
            lot: ~
            purchasesLength: 0
            players:
              bat1:
                status: 'AVAILABLE'
                soldTo: ~
                soldPrice: ~
          1:
            commandType: 'SELL_PLAYER'
            activitySeq: 3
            description: 'SOLD: Test bat1 to Test Team One for Γé╣20 L.'
            lot:
              id: 'lot-1'
              playerId: 'bat1'
              openedAt: 1000
              currentBid: ~
              currentBidTeamId: ~
            purchasesLength: 0
            players:
              bat1:
                status: 'ON_BLOCK'
                soldTo: ~
                soldPrice: ~
        counters:
          activity: 3
          purchase: 1
          lot: 1
      actual:
        schemaVersion: 2
        auctionId: 'test-auction'
        name: 'Auction'
        createdAt: 1
        version: 3
        status: 'LIVE'
        config:
          initialPurse: 1000
          squad:
            min: 0
            max: 4
          maxOverseas: 1
          minFemale: 2
          roleLimits:
            BATTER:
              min: 0
              max: 2
            BOWLER:
              min: 0
              max: 2
            ALL_ROUNDER:
              min: 0
              max: 2
            WICKETKEEPER:
              min: 0
              max: 1
          minimumReserve:
            enabled: false
            perSlot: 20
          allowUnsoldRelist: true
          undoDepth: 20
        teams:
          t1:
            id: 't1'
            name: 'Test Team One'
            shortName: 'TES'
            logo: ~
          t2:
            id: 't2'
            name: 'Test Team Two'
            shortName: 'TES'
            logo: ~
          t3:
            id: 't3'
            name: 'Test Team Three'
            shortName: 'TES'
            logo: ~
        teamOrder:
          0: 't1'
          1: 't2'
          2: 't3'
        players:
          bat1:
            id: 'bat1'
            name: 'Test bat1'
            role: 'BATTER'
            isOverseas: false
            basePrice: 20
            nationality: ~
            battingStyle: ~
            bowlingStyle: ~
            image: ~
            stats: ~
            recentPerformance:
            dataSource: 'FICTIONAL'
            status: 'SOLD'
            soldTo: 't1'
            soldPrice: 20
          bat2:
            id: 'bat2'
            name: 'Test bat2'
            role: 'BATTER'
            isOverseas: false
            basePrice: 50
            nationality: ~
            battingStyle: ~
            bowlingStyle: ~
            image: ~
            stats: ~
            recentPerformance:
            dataSource: 'FICTIONAL'
            status: 'AVAILABLE'
            soldTo: ~
            soldPrice: ~
          bat3:
            id: 'bat3'
            name: 'Test bat3'
            role: 'BATTER'
            isOverseas: false
            basePrice: 100
            nationality: ~
            battingStyle: ~
            bowlingStyle: ~
            image: ~
            stats: ~
            recentPerformance:
            dataSource: 'FICTIONAL'
            status: 'AVAILABLE'
            soldTo: ~
            soldPrice: ~
          bowl1:
            id: 'bowl1'
            name: 'Test bowl1'
            role: 'BOWLER'
            isOverseas: false
            basePrice: 20
            nationality: ~
            battingStyle: ~
            bowlingStyle: ~
            image: ~
            stats: ~
            recentPerformance:
            dataSource: 'FICTIONAL'
            status: 'AVAILABLE'
            soldTo: ~
            soldPrice: ~
          bowl2:
            id: 'bowl2'
            name: 'Test bowl2'
            role: 'BOWLER'
            isOverseas: true
            basePrice: 75
            nationality: ~
            battingStyle: ~
            bowlingStyle: ~
            image: ~
            stats: ~
            recentPerformance:
            dataSource: 'FICTIONAL'
            status: 'AVAILABLE'
            soldTo: ~
            soldPrice: ~
          ar1:
            id: 'ar1'
            name: 'Test ar1'
            role: 'ALL_ROUNDER'
            isOverseas: false
            basePrice: 200
            nationality: ~
            battingStyle: ~
            bowlingStyle: ~
            image: ~
            stats: ~
            recentPerformance:
            dataSource: 'FICTIONAL'
            status: 'AVAILABLE'
            soldTo: ~
            soldPrice: ~
          wk1:
            id: 'wk1'
            name: 'Test wk1'
            role: 'WICKETKEEPER'
            isOverseas: false
            basePrice: 20
            nationality: ~
            battingStyle: ~
            bowlingStyle: ~
            image: ~
            stats: ~
            recentPerformance:
            dataSource: 'FICTIONAL'
            status: 'AVAILABLE'
            soldTo: ~
            soldPrice: ~
          wk2:
            id: 'wk2'
            name: 'Test wk2'
            role: 'WICKETKEEPER'
            isOverseas: false
            basePrice: 30
            nationality: ~
            battingStyle: ~
            bowlingStyle: ~
            image: ~
            stats: ~
            recentPerformance:
            dataSource: 'FICTIONAL'
            status: 'AVAILABLE'
            soldTo: ~
            soldPrice: ~
          os1:
            id: 'os1'
            name: 'Test os1'
            role: 'BATTER'
            isOverseas: true
            basePrice: 20
            nationality: ~
            battingStyle: ~
            bowlingStyle: ~
            image: ~
            stats: ~
            recentPerformance:
            dataSource: 'FICTIONAL'
            status: 'AVAILABLE'
            soldTo: ~
            soldPrice: ~
          os2:
            id: 'os2'
            name: 'Test os2'
            role: 'BOWLER'
            isOverseas: true
            basePrice: 20
            nationality: ~
            battingStyle: ~
            bowlingStyle: ~
            image: ~
            stats: ~
            recentPerformance:
            dataSource: 'FICTIONAL'
            status: 'AVAILABLE'
            soldTo: ~
            soldPrice: ~
        playerOrder:
          0: 'bat1'
          1: 'bat2'
          2: 'bat3'
          3: 'bowl1'
          4: 'bowl2'
          5: 'ar1'
          6: 'wk1'
          7: 'wk2'
          8: 'os1'
          9: 'os2'
        lot: ~
        purchases:
          0:
            id: 'purchase-1'
            seq: 1
            lotId: 'lot-1'
            playerId: 'bat1'
            teamId: 't1'
            price: 20
            at: 1000
        activity:
          0:
            seq: 1
            type: 'START_AUCTION'
            at: 1000
            actor:
              role: 'ADMIN'
            message: 'Auction started.'
          1:
            seq: 2
            type: 'OPEN_LOT'
            at: 1000
            actor:
              role: 'ADMIN'
            message: 'Test bat1 is up for bidding at base price Γé╣20 L.'
            playerId: 'bat1'
            amount: 20
          2:
            seq: 3
            type: 'SELL_PLAYER'
            at: 1000
            actor:
              role: 'ADMIN'
            message: 'SOLD: Test bat1 to Test Team One for Γé╣20 L.'
            playerId: 'bat1'
            teamId: 't1'
            amount: 20
        undoStack:
          0:
            commandType: 'OPEN_LOT'
            activitySeq: 2
            description: 'Test bat1 is up for bidding at base price Γé╣20 L.'
            lot: ~
            purchasesLength: 0
            players:
              bat1:
                status: 'AVAILABLE'
                soldTo: ~
                soldPrice: ~
          1:
            commandType: 'SELL_PLAYER'
            activitySeq: 3
            description: 'SOLD: Test bat1 to Test Team One for Γé╣20 L.'
            lot:
              id: 'lot-1'
              playerId: 'bat1'
              openedAt: 1000
              currentBid: ~
              currentBidTeamId: ~
            purchasesLength: 0
            players:
              bat1:
                status: 'ON_BLOCK'
                soldTo: ~
                soldPrice: ~
        counters:
          activity: 3
          purchase: 1
          lot: 1
      operator: 'deepStrictEqual'
      stack: |-
        TestContext.<anonymous> (file:///C:/Users/Aaryan/Desktop/anirveda/src/lib/iplAuction/__tests__/appwriteAdapter.test.js:149:12)
        async Test.run (node:internal/test_runner/test:1054:7)
        async Suite.processPendingSubtests (node:internal/test_runner/test:744:7)
      ...
    # Subtest: shows the error when the first load fails, and keeps the last good state on later failures
    not ok 6 - shows the error when the first load fails, and keeps the last good state on later failures
      ---
      duration_ms: 7.0184
      type: 'test'
      location: 'C:\\Users\\Aaryan\\Desktop\\anirveda\\src\\lib\\iplAuction\\__tests__\\appwriteAdapter.test.js:152:3'
      failureType: 'testCodeFailure'
      error: |-
        Expected values to be strictly deep-equal:
        + actual - expected
        ... Skipped lines
        
          {
            activity: [
              {
                actor: {
                  role: 'ADMIN'
        ...
                image: null,
        -       isFemale: false,
                isOverseas: false,
                name: 'Test ar1',
                nationality: null,
                recentPerformance: [],
                role: 'ALL_ROUNDER',
        ...
                image: null,
        -       isFemale: false,
                isOverseas: false,
                name: 'Test bat1',
                nationality: null,
                recentPerformance: [],
                role: 'BATTER',
        ...
                image: null,
        -       isFemale: false,
                isOverseas: false,
                name: 'Test bat2',
                nationality: null,
                recentPerformance: [],
                role: 'BATTER',
        ...
                image: null,
        -       isFemale: false,
                isOverseas: false,
                name: 'Test bat3',
                nationality: null,
                recentPerformance: [],
                role: 'BATTER',
        ...
                image: null,
        -       isFemale: false,
                isOverseas: false,
                name: 'Test bowl1',
                nationality: null,
                recentPerformance: [],
                role: 'BOWLER',
        ...
                image: null,
        -       isFemale: false,
                isOverseas: true,
                name: 'Test bowl2',
                nationality: null,
                recentPerformance: [],
                role: 'BOWLER',
        ...
                image: null,
        -       isFemale: false,
                isOverseas: true,
                name: 'Test os1',
                nationality: null,
                recentPerformance: [],
                role: 'BATTER',
        ...
                image: null,
        -       isFemale: false,
                isOverseas: true,
                name: 'Test os2',
                nationality: null,
                recentPerformance: [],
                role: 'BOWLER',
        ...
                image: null,
        -       isFemale: false,
                isOverseas: false,
                name: 'Test wk1',
                nationality: null,
                recentPerformance: [],
                role: 'WICKETKEEPER',
        ...
                image: null,
        -       isFemale: false,
                isOverseas: false,
                name: 'Test wk2',
                nationality: null,
                recentPerformance: [],
                role: 'WICKETKEEPER',
        
      code: 'ERR_ASSERTION'
      name: 'AssertionError'
      expected:
        schemaVersion: 2
        auctionId: 'test-auction'
        name: 'Auction'
        createdAt: 1
        version: 1
        status: 'LIVE'
        config:
          initialPurse: 1000
          squad:
            min: 0
            max: 4
          maxOverseas: 1
          minFemale: 2
          roleLimits:
            BATTER:
              min: 0
              max: 2
            BOWLER:
              min: 0
              max: 2
            ALL_ROUNDER:
              min: 0
              max: 2
            WICKETKEEPER:
              min: 0
              max: 1
          minimumReserve:
            enabled: false
            perSlot: 20
          allowUnsoldRelist: true
          undoDepth: 20
        teams:
          t1:
            id: 't1'
            name: 'Test Team One'
            shortName: 'TES'
            logo: ~
          t2:
            id: 't2'
            name: 'Test Team Two'
            shortName: 'TES'
            logo: ~
          t3:
            id: 't3'
            name: 'Test Team Three'
            shortName: 'TES'
            logo: ~
        teamOrder:
          0: 't1'
          1: 't2'
          2: 't3'
        players:
          bat1:
            id: 'bat1'
            name: 'Test bat1'
            role: 'BATTER'
            isOverseas: false
            isFemale: false
            basePrice: 20
            nationality: ~
            battingStyle: ~
            bowlingStyle: ~
            image: ~
            stats: ~
            recentPerformance:
            dataSource: 'FICTIONAL'
            status: 'AVAILABLE'
            soldTo: ~
            soldPrice: ~
          bat2:
            id: 'bat2'
            name: 'Test bat2'
            role: 'BATTER'
            isOverseas: false
            isFemale: false
            basePrice: 50
            nationality: ~
            battingStyle: ~
            bowlingStyle: ~
            image: ~
            stats: ~
            recentPerformance:
            dataSource: 'FICTIONAL'
            status: 'AVAILABLE'
            soldTo: ~
            soldPrice: ~
          bat3:
            id: 'bat3'
            name: 'Test bat3'
            role: 'BATTER'
            isOverseas: false
            isFemale: false
            basePrice: 100
            nationality: ~
            battingStyle: ~
            bowlingStyle: ~
            image: ~
            stats: ~
            recentPerformance:
            dataSource: 'FICTIONAL'
            status: 'AVAILABLE'
            soldTo: ~
            soldPrice: ~
          bowl1:
            id: 'bowl1'
            name: 'Test bowl1'
            role: 'BOWLER'
            isOverseas: false
            isFemale: false
            basePrice: 20
            nationality: ~
            battingStyle: ~
            bowlingStyle: ~
            image: ~
            stats: ~
            recentPerformance:
            dataSource: 'FICTIONAL'
            status: 'AVAILABLE'
            soldTo: ~
            soldPrice: ~
          bowl2:
            id: 'bowl2'
            name: 'Test bowl2'
            role: 'BOWLER'
            isOverseas: true
            isFemale: false
            basePrice: 75
            nationality: ~
            battingStyle: ~
            bowlingStyle: ~
            image: ~
            stats: ~
            recentPerformance:
            dataSource: 'FICTIONAL'
            status: 'AVAILABLE'
            soldTo: ~
            soldPrice: ~
          ar1:
            id: 'ar1'
            name: 'Test ar1'
            role: 'ALL_ROUNDER'
            isOverseas: false
            isFemale: false
            basePrice: 200
            nationality: ~
            battingStyle: ~
            bowlingStyle: ~
            image: ~
            stats: ~
            recentPerformance:
            dataSource: 'FICTIONAL'
            status: 'AVAILABLE'
            soldTo: ~
            soldPrice: ~
          wk1:
            id: 'wk1'
            name: 'Test wk1'
            role: 'WICKETKEEPER'
            isOverseas: false
            isFemale: false
            basePrice: 20
            nationality: ~
            battingStyle: ~
            bowlingStyle: ~
            image: ~
            stats: ~
            recentPerformance:
            dataSource: 'FICTIONAL'
            status: 'AVAILABLE'
            soldTo: ~
            soldPrice: ~
          wk2:
            id: 'wk2'
            name: 'Test wk2'
            role: 'WICKETKEEPER'
            isOverseas: false
            isFemale: false
            basePrice: 30
            nationality: ~
            battingStyle: ~
            bowlingStyle: ~
            image: ~
            stats: ~
            recentPerformance:
            dataSource: 'FICTIONAL'
            status: 'AVAILABLE'
            soldTo: ~
            soldPrice: ~
          os1:
            id: 'os1'
            name: 'Test os1'
            role: 'BATTER'
            isOverseas: true
            isFemale: false
            basePrice: 20
            nationality: ~
            battingStyle: ~
            bowlingStyle: ~
            image: ~
            stats: ~
            recentPerformance:
            dataSource: 'FICTIONAL'
            status: 'AVAILABLE'
            soldTo: ~
            soldPrice: ~
          os2:
            id: 'os2'
            name: 'Test os2'
            role: 'BOWLER'
            isOverseas: true
            isFemale: false
            basePrice: 20
            nationality: ~
            battingStyle: ~
            bowlingStyle: ~
            image: ~
            stats: ~
            recentPerformance:
            dataSource: 'FICTIONAL'
            status: 'AVAILABLE'
            soldTo: ~
            soldPrice: ~
        playerOrder:
          0: 'bat1'
          1: 'bat2'
          2: 'bat3'
          3: 'bowl1'
          4: 'bowl2'
          5: 'ar1'
          6: 'wk1'
          7: 'wk2'
          8: 'os1'
          9: 'os2'
        lot: ~
        purchases:
        activity:
          0:
            seq: 1
            type: 'START_AUCTION'
            at: 1000
            actor:
              role: 'ADMIN'
            message: 'Auction started.'
        undoStack:
        counters:
          activity: 1
          purchase: 0
          lot: 0
      actual:
        schemaVersion: 2
        auctionId: 'test-auction'
        name: 'Auction'
        createdAt: 1
        version: 1
        status: 'LIVE'
        config:
          initialPurse: 1000
          squad:
            min: 0
            max: 4
          maxOverseas: 1
          minFemale: 2
          roleLimits:
            BATTER:
              min: 0
              max: 2
            BOWLER:
              min: 0
              max: 2
            ALL_ROUNDER:
              min: 0
              max: 2
            WICKETKEEPER:
              min: 0
              max: 1
          minimumReserve:
            enabled: false
            perSlot: 20
          allowUnsoldRelist: true
          undoDepth: 20
        teams:
          t1:
            id: 't1'
            name: 'Test Team One'
            shortName: 'TES'
            logo: ~
          t2:
            id: 't2'
            name: 'Test Team Two'
            shortName: 'TES'
            logo: ~
          t3:
            id: 't3'
            name: 'Test Team Three'
            shortName: 'TES'
            logo: ~
        teamOrder:
          0: 't1'
          1: 't2'
          2: 't3'
        players:
          bat1:
            id: 'bat1'
            name: 'Test bat1'
            role: 'BATTER'
            isOverseas: false
            basePrice: 20
            nationality: ~
            battingStyle: ~
            bowlingStyle: ~
            image: ~
            stats: ~
            recentPerformance:
            dataSource: 'FICTIONAL'
            status: 'AVAILABLE'
            soldTo: ~
            soldPrice: ~
          bat2:
            id: 'bat2'
            name: 'Test bat2'
            role: 'BATTER'
            isOverseas: false
            basePrice: 50
            nationality: ~
            battingStyle: ~
            bowlingStyle: ~
            image: ~
            stats: ~
            recentPerformance:
            dataSource: 'FICTIONAL'
            status: 'AVAILABLE'
            soldTo: ~
            soldPrice: ~
          bat3:
            id: 'bat3'
            name: 'Test bat3'
            role: 'BATTER'
            isOverseas: false
            basePrice: 100
            nationality: ~
            battingStyle: ~
            bowlingStyle: ~
            image: ~
            stats: ~
            recentPerformance:
            dataSource: 'FICTIONAL'
            status: 'AVAILABLE'
            soldTo: ~
            soldPrice: ~
          bowl1:
            id: 'bowl1'
            name: 'Test bowl1'
            role: 'BOWLER'
            isOverseas: false
            basePrice: 20
            nationality: ~
            battingStyle: ~
            bowlingStyle: ~
            image: ~
            stats: ~
            recentPerformance:
            dataSource: 'FICTIONAL'
            status: 'AVAILABLE'
            soldTo: ~
            soldPrice: ~
          bowl2:
            id: 'bowl2'
            name: 'Test bowl2'
            role: 'BOWLER'
            isOverseas: true
            basePrice: 75
            nationality: ~
            battingStyle: ~
            bowlingStyle: ~
            image: ~
            stats: ~
            recentPerformance:
            dataSource: 'FICTIONAL'
            status: 'AVAILABLE'
            soldTo: ~
            soldPrice: ~
          ar1:
            id: 'ar1'
            name: 'Test ar1'
            role: 'ALL_ROUNDER'
            isOverseas: false
            basePrice: 200
            nationality: ~
            battingStyle: ~
            bowlingStyle: ~
            image: ~
            stats: ~
            recentPerformance:
            dataSource: 'FICTIONAL'
            status: 'AVAILABLE'
            soldTo: ~
            soldPrice: ~
          wk1:
            id: 'wk1'
            name: 'Test wk1'
            role: 'WICKETKEEPER'
            isOverseas: false
            basePrice: 20
            nationality: ~
            battingStyle: ~
            bowlingStyle: ~
            image: ~
            stats: ~
            recentPerformance:
            dataSource: 'FICTIONAL'
            status: 'AVAILABLE'
            soldTo: ~
            soldPrice: ~
          wk2:
            id: 'wk2'
            name: 'Test wk2'
            role: 'WICKETKEEPER'
            isOverseas: false
            basePrice: 30
            nationality: ~
            battingStyle: ~
            bowlingStyle: ~
            image: ~
            stats: ~
            recentPerformance:
            dataSource: 'FICTIONAL'
            status: 'AVAILABLE'
            soldTo: ~
            soldPrice: ~
          os1:
            id: 'os1'
            name: 'Test os1'
            role: 'BATTER'
            isOverseas: true
            basePrice: 20
            nationality: ~
            battingStyle: ~
            bowlingStyle: ~
            image: ~
            stats: ~
            recentPerformance:
            dataSource: 'FICTIONAL'
            status: 'AVAILABLE'
            soldTo: ~
            soldPrice: ~
          os2:
            id: 'os2'
            name: 'Test os2'
            role: 'BOWLER'
            isOverseas: true
            basePrice: 20
            nationality: ~
            battingStyle: ~
            bowlingStyle: ~
            image: ~
            stats: ~
            recentPerformance:
            dataSource: 'FICTIONAL'
            status: 'AVAILABLE'
            soldTo: ~
            soldPrice: ~
        playerOrder:
          0: 'bat1'
          1: 'bat2'
          2: 'bat3'
          3: 'bowl1'
          4: 'bowl2'
          5: 'ar1'
          6: 'wk1'
          7: 'wk2'
          8: 'os1'
          9: 'os2'
        lot: ~
        purchases:
        activity:
          0:
            seq: 1
            type: 'START_AUCTION'
            at: 1000
            actor:
              role: 'ADMIN'
            message: 'Auction started.'
        undoStack:
        counters:
          activity: 1
          purchase: 0
          lot: 0
      operator: 'deepStrictEqual'
      stack: |-
        TestContext.<anonymous> (file:///C:/Users/Aaryan/Desktop/anirveda/src/lib/iplAuction/__tests__/appwriteAdapter.test.js:166:12)
        async Test.run (node:internal/test_runner/test:1054:7)
        async Suite.processPendingSubtests (node:internal/test_runner/test:744:7)
      ...
    # Subtest: rejects stored data from a different schema version
    ok 7 - rejects stored data from a different schema version
      ---
      duration_ms: 12.9893
      type: 'test'
      ...
    # Subtest: only polls while subscribed, has no reset, and requires its dependencies
    ok 8 - only polls while subscribed, has no reset, and requires its dependencies
      ---
      duration_ms: 1.1972
      type: 'test'
      ...
    1..8
not ok 2 - appwrite adapter: reading
  ---
  duration_ms: 95.4739
  type: 'suite'
  location: 'C:\\Users\\Aaryan\\Desktop\\anirveda\\src\\lib\\iplAuction\\__tests__\\appwriteAdapter.test.js:72:1'
  failureType: 'subtestsFailed'
  error: '3 subtests failed'
  code: 'ERR_TEST_FAILURE'
  ...
# Subtest: appwrite adapter: writing (transactions)
    # Subtest: commits an accepted command in one transaction and updates the snapshot
    ok 1 - commits an accepted command in one transaction and updates the snapshot
      ---
      duration_ms: 6.3889
      type: 'test'
      ...
    # Subtest: a full SOLD flow persists the purchase, purse and player status
    ok 2 - a full SOLD flow persists the purchase, purse and player status
      ---
      duration_ms: 3.1677
      type: 'test'
      ...
    # Subtest: an engine rejection writes nothing
    ok 3 - an engine rejection writes nothing
      ---
      duration_ms: 1.5684
      type: 'test'
      ...
    # Subtest: teams cannot write: the engine rejects TEAM actors before anything is sent
    ok 4 - teams cannot write: the engine rejects TEAM actors before anything is sent
      ---
      duration_ms: 2.0086
      type: 'test'
      ...
    # Subtest: a user without write permission gets UNAUTHORIZED, and the transaction is rolled back
    not ok 5 - a user without write permission gets UNAUTHORIZED, and the transaction is rolled back
      ---
      duration_ms: 5.7685
      type: 'test'
      location: 'C:\\Users\\Aaryan\\Desktop\\anirveda\\src\\lib\\iplAuction\\__tests__\\appwriteAdapter.test.js:235:3'
      failureType: 'testCodeFailure'
      error: |-
        Expected values to be strictly deep-equal:
        + actual - expected
        ... Skipped lines
        
          {
            activity: [
              {
                actor: {
                  role: 'ADMIN'
        ...
                image: null,
        -       isFemale: false,
                isOverseas: false,
                name: 'Test ar1',
                nationality: null,
                recentPerformance: [],
                role: 'ALL_ROUNDER',
        ...
                image: null,
        -       isFemale: false,
                isOverseas: false,
                name: 'Test bat1',
                nationality: null,
                recentPerformance: [],
                role: 'BATTER',
        ...
                image: null,
        -       isFemale: false,
                isOverseas: false,
                name: 'Test bat2',
                nationality: null,
                recentPerformance: [],
                role: 'BATTER',
        ...
                image: null,
        -       isFemale: false,
                isOverseas: false,
                name: 'Test bat3',
                nationality: null,
                recentPerformance: [],
                role: 'BATTER',
        ...
                image: null,
        -       isFemale: false,
                isOverseas: false,
                name: 'Test bowl1',
                nationality: null,
                recentPerformance: [],
                role: 'BOWLER',
        ...
                image: null,
        -       isFemale: false,
                isOverseas: true,
                name: 'Test bowl2',
                nationality: null,
                recentPerformance: [],
                role: 'BOWLER',
        ...
                image: null,
        -       isFemale: false,
                isOverseas: true,
                name: 'Test os1',
                nationality: null,
                recentPerformance: [],
                role: 'BATTER',
        ...
                image: null,
        -       isFemale: false,
                isOverseas: true,
                name: 'Test os2',
                nationality: null,
                recentPerformance: [],
                role: 'BOWLER',
        ...
                image: null,
        -       isFemale: false,
                isOverseas: false,
                name: 'Test wk1',
                nationality: null,
                recentPerformance: [],
                role: 'WICKETKEEPER',
        ...
                image: null,
        -       isFemale: false,
                isOverseas: false,
                name: 'Test wk2',
                nationality: null,
                recentPerformance: [],
                role: 'WICKETKEEPER',
        
      code: 'ERR_ASSERTION'
      name: 'AssertionError'
      expected:
        schemaVersion: 2
        auctionId: 'test-auction'
        name: 'Auction'
        createdAt: 1
        version: 1
        status: 'LIVE'
        config:
          initialPurse: 1000
          squad:
            min: 0
            max: 4
          maxOverseas: 1
          minFemale: 2
          roleLimits:
            BATTER:
              min: 0
              max: 2
            BOWLER:
              min: 0
              max: 2
            ALL_ROUNDER:
              min: 0
              max: 2
            WICKETKEEPER:
              min: 0
              max: 1
          minimumReserve:
            enabled: false
            perSlot: 20
          allowUnsoldRelist: true
          undoDepth: 20
        teams:
          t1:
            id: 't1'
            name: 'Test Team One'
            shortName: 'TES'
            logo: ~
          t2:
            id: 't2'
            name: 'Test Team Two'
            shortName: 'TES'
            logo: ~
          t3:
            id: 't3'
            name: 'Test Team Three'
            shortName: 'TES'
            logo: ~
        teamOrder:
          0: 't1'
          1: 't2'
          2: 't3'
        players:
          bat1:
            id: 'bat1'
            name: 'Test bat1'
            role: 'BATTER'
            isOverseas: false
            isFemale: false
            basePrice: 20
            nationality: ~
            battingStyle: ~
            bowlingStyle: ~
            image: ~
            stats: ~
            recentPerformance:
            dataSource: 'FICTIONAL'
            status: 'AVAILABLE'
            soldTo: ~
            soldPrice: ~
          bat2:
            id: 'bat2'
            name: 'Test bat2'
            role: 'BATTER'
            isOverseas: false
            isFemale: false
            basePrice: 50
            nationality: ~
            battingStyle: ~
            bowlingStyle: ~
            image: ~
            stats: ~
            recentPerformance:
            dataSource: 'FICTIONAL'
            status: 'AVAILABLE'
            soldTo: ~
            soldPrice: ~
          bat3:
            id: 'bat3'
            name: 'Test bat3'
            role: 'BATTER'
            isOverseas: false
            isFemale: false
            basePrice: 100
            nationality: ~
            battingStyle: ~
            bowlingStyle: ~
            image: ~
            stats: ~
            recentPerformance:
            dataSource: 'FICTIONAL'
            status: 'AVAILABLE'
            soldTo: ~
            soldPrice: ~
          bowl1:
            id: 'bowl1'
            name: 'Test bowl1'
            role: 'BOWLER'
            isOverseas: false
            isFemale: false
            basePrice: 20
            nationality: ~
            battingStyle: ~
            bowlingStyle: ~
            image: ~
            stats: ~
            recentPerformance:
            dataSource: 'FICTIONAL'
            status: 'AVAILABLE'
            soldTo: ~
            soldPrice: ~
          bowl2:
            id: 'bowl2'
            name: 'Test bowl2'
            role: 'BOWLER'
            isOverseas: true
            isFemale: false
            basePrice: 75
            nationality: ~
            battingStyle: ~
            bowlingStyle: ~
            image: ~
            stats: ~
            recentPerformance:
            dataSource: 'FICTIONAL'
            status: 'AVAILABLE'
            soldTo: ~
            soldPrice: ~
          ar1:
            id: 'ar1'
            name: 'Test ar1'
            role: 'ALL_ROUNDER'
            isOverseas: false
            isFemale: false
            basePrice: 200
            nationality: ~
            battingStyle: ~
            bowlingStyle: ~
            image: ~
            stats: ~
            recentPerformance:
            dataSource: 'FICTIONAL'
            status: 'AVAILABLE'
            soldTo: ~
            soldPrice: ~
          wk1:
            id: 'wk1'
            name: 'Test wk1'
            role: 'WICKETKEEPER'
            isOverseas: false
            isFemale: false
            basePrice: 20
            nationality: ~
            battingStyle: ~
            bowlingStyle: ~
            image: ~
            stats: ~
            recentPerformance:
            dataSource: 'FICTIONAL'
            status: 'AVAILABLE'
            soldTo: ~
            soldPrice: ~
          wk2:
            id: 'wk2'
            name: 'Test wk2'
            role: 'WICKETKEEPER'
            isOverseas: false
            isFemale: false
            basePrice: 30
            nationality: ~
            battingStyle: ~
            bowlingStyle: ~
            image: ~
            stats: ~
            recentPerformance:
            dataSource: 'FICTIONAL'
            status: 'AVAILABLE'
            soldTo: ~
            soldPrice: ~
          os1:
            id: 'os1'
            name: 'Test os1'
            role: 'BATTER'
            isOverseas: true
            isFemale: false
            basePrice: 20
            nationality: ~
            battingStyle: ~
            bowlingStyle: ~
            image: ~
            stats: ~
            recentPerformance:
            dataSource: 'FICTIONAL'
            status: 'AVAILABLE'
            soldTo: ~
            soldPrice: ~
          os2:
            id: 'os2'
            name: 'Test os2'
            role: 'BOWLER'
            isOverseas: true
            isFemale: false
            basePrice: 20
            nationality: ~
            battingStyle: ~
            bowlingStyle: ~
            image: ~
            stats: ~
            recentPerformance:
            dataSource: 'FICTIONAL'
            status: 'AVAILABLE'
            soldTo: ~
            soldPrice: ~
        playerOrder:
          0: 'bat1'
          1: 'bat2'
          2: 'bat3'
          3: 'bowl1'
          4: 'bowl2'
          5: 'ar1'
          6: 'wk1'
          7: 'wk2'
          8: 'os1'
          9: 'os2'
        lot: ~
        purchases:
        activity:
          0:
            seq: 1
            type: 'START_AUCTION'
            at: 1000
            actor:
              role: 'ADMIN'
            message: 'Auction started.'
        undoStack:
        counters:
          activity: 1
          purchase: 0
          lot: 0
      actual:
        schemaVersion: 2
        auctionId: 'test-auction'
        name: 'Auction'
        createdAt: 1
        version: 1
        status: 'LIVE'
        config:
          initialPurse: 1000
          squad:
            min: 0
            max: 4
          maxOverseas: 1
          minFemale: 2
          roleLimits:
            BATTER:
              min: 0
              max: 2
            BOWLER:
              min: 0
              max: 2
            ALL_ROUNDER:
              min: 0
              max: 2
            WICKETKEEPER:
              min: 0
              max: 1
          minimumReserve:
            enabled: false
            perSlot: 20
          allowUnsoldRelist: true
          undoDepth: 20
        teams:
          t1:
            id: 't1'
            name: 'Test Team One'
            shortName: 'TES'
            logo: ~
          t2:
            id: 't2'
            name: 'Test Team Two'
            shortName: 'TES'
            logo: ~
          t3:
            id: 't3'
            name: 'Test Team Three'
            shortName: 'TES'
            logo: ~
        teamOrder:
          0: 't1'
          1: 't2'
          2: 't3'
        players:
          bat1:
            id: 'bat1'
            name: 'Test bat1'
            role: 'BATTER'
            isOverseas: false
            basePrice: 20
            nationality: ~
            battingStyle: ~
            bowlingStyle: ~
            image: ~
            stats: ~
            recentPerformance:
            dataSource: 'FICTIONAL'
            status: 'AVAILABLE'
            soldTo: ~
            soldPrice: ~
          bat2:
            id: 'bat2'
            name: 'Test bat2'
            role: 'BATTER'
            isOverseas: false
            basePrice: 50
            nationality: ~
            battingStyle: ~
            bowlingStyle: ~
            image: ~
            stats: ~
            recentPerformance:
            dataSource: 'FICTIONAL'
            status: 'AVAILABLE'
            soldTo: ~
            soldPrice: ~
          bat3:
            id: 'bat3'
            name: 'Test bat3'
            role: 'BATTER'
            isOverseas: false
            basePrice: 100
            nationality: ~
            battingStyle: ~
            bowlingStyle: ~
            image: ~
            stats: ~
            recentPerformance:
            dataSource: 'FICTIONAL'
            status: 'AVAILABLE'
            soldTo: ~
            soldPrice: ~
          bowl1:
            id: 'bowl1'
            name: 'Test bowl1'
            role: 'BOWLER'
            isOverseas: false
            basePrice: 20
            nationality: ~
            battingStyle: ~
            bowlingStyle: ~
            image: ~
            stats: ~
            recentPerformance:
            dataSource: 'FICTIONAL'
            status: 'AVAILABLE'
            soldTo: ~
            soldPrice: ~
          bowl2:
            id: 'bowl2'
            name: 'Test bowl2'
            role: 'BOWLER'
            isOverseas: true
            basePrice: 75
            nationality: ~
            battingStyle: ~
            bowlingStyle: ~
            image: ~
            stats: ~
            recentPerformance:
            dataSource: 'FICTIONAL'
            status: 'AVAILABLE'
            soldTo: ~
            soldPrice: ~
          ar1:
            id: 'ar1'
            name: 'Test ar1'
            role: 'ALL_ROUNDER'
            isOverseas: false
            basePrice: 200
            nationality: ~
            battingStyle: ~
            bowlingStyle: ~
            image: ~
            stats: ~
            recentPerformance:
            dataSource: 'FICTIONAL'
            status: 'AVAILABLE'
            soldTo: ~
            soldPrice: ~
          wk1:
            id: 'wk1'
            name: 'Test wk1'
            role: 'WICKETKEEPER'
            isOverseas: false
            basePrice: 20
            nationality: ~
            battingStyle: ~
            bowlingStyle: ~
            image: ~
            stats: ~
            recentPerformance:
            dataSource: 'FICTIONAL'
            status: 'AVAILABLE'
            soldTo: ~
            soldPrice: ~
          wk2:
            id: 'wk2'
            name: 'Test wk2'
            role: 'WICKETKEEPER'
            isOverseas: false
            basePrice: 30
            nationality: ~
            battingStyle: ~
            bowlingStyle: ~
            image: ~
            stats: ~
            recentPerformance:
            dataSource: 'FICTIONAL'
            status: 'AVAILABLE'
            soldTo: ~
            soldPrice: ~
          os1:
            id: 'os1'
            name: 'Test os1'
            role: 'BATTER'
            isOverseas: true
            basePrice: 20
            nationality: ~
            battingStyle: ~
            bowlingStyle: ~
            image: ~
            stats: ~
            recentPerformance:
            dataSource: 'FICTIONAL'
            status: 'AVAILABLE'
            soldTo: ~
            soldPrice: ~
          os2:
            id: 'os2'
            name: 'Test os2'
            role: 'BOWLER'
            isOverseas: true
            basePrice: 20
            nationality: ~
            battingStyle: ~
            bowlingStyle: ~
            image: ~
            stats: ~
            recentPerformance:
            dataSource: 'FICTIONAL'
            status: 'AVAILABLE'
            soldTo: ~
            soldPrice: ~
        playerOrder:
          0: 'bat1'
          1: 'bat2'
          2: 'bat3'
          3: 'bowl1'
          4: 'bowl2'
          5: 'ar1'
          6: 'wk1'
          7: 'wk2'
          8: 'os1'
          9: 'os2'
        lot: ~
        purchases:
        activity:
          0:
            seq: 1
            type: 'START_AUCTION'
            at: 1000
            actor:
              role: 'ADMIN'
            message: 'Auction started.'
        undoStack:
        counters:
          activity: 1
          purchase: 0
          lot: 0
      operator: 'deepStrictEqual'
      stack: |-
        TestContext.<anonymous> (file:///C:/Users/Aaryan/Desktop/anirveda/src/lib/iplAuction/__tests__/appwriteAdapter.test.js:245:12)
        async Test.run (node:internal/test_runner/test:1054:7)
        async Suite.processPendingSubtests (node:internal/test_runner/test:744:7)
      ...
    # Subtest: runs against the latest stored state, not an out-of-date snapshot
    ok 6 - runs against the latest stored state, not an out-of-date snapshot
      ---
      duration_ms: 50.4108
      type: 'test'
      ...
    # Subtest: two admin tabs racing to sell the same lot: exactly one sale is recorded
    ok 7 - two admin tabs racing to sell the same lot: exactly one sale is recorded
      ---
      duration_ms: 2.5572
      type: 'test'
      ...
    # Subtest: gives up with STALE_STATE if it keeps losing races
    ok 8 - gives up with STALE_STATE if it keeps losing races
      ---
      duration_ms: 5.4715
      type: 'test'
      ...
    # Subtest: a network failure is reported as NETWORK_ERROR
    ok 9 - a network failure is reported as NETWORK_ERROR
      ---
      duration_ms: 1.062
      type: 'test'
      ...
    # Subtest: parity: the same commands give the same final state as the local adapter
    not ok 10 - parity: the same commands give the same final state as the local adapter
      ---
      duration_ms: 12.1542
      type: 'test'
      location: 'C:\\Users\\Aaryan\\Desktop\\anirveda\\src\\lib\\iplAuction\\__tests__\\appwriteAdapter.test.js:304:3'
      failureType: 'testCodeFailure'
      error: |-
        Expected values to be strictly deep-equal:
        + actual - expected
        ... Skipped lines
        
          {
            activity: [
              {
                actor: {
                  role: 'ADMIN'
        ...
                image: null,
        -       isFemale: false,
                isOverseas: false,
                name: 'Test ar1',
                nationality: null,
                recentPerformance: [],
                role: 'ALL_ROUNDER',
        ...
                image: null,
        -       isFemale: false,
                isOverseas: false,
                name: 'Test bat1',
                nationality: null,
                recentPerformance: [],
                role: 'BATTER',
        ...
                image: null,
        -       isFemale: false,
                isOverseas: false,
                name: 'Test bat2',
                nationality: null,
                recentPerformance: [],
                role: 'BATTER',
        ...
                image: null,
        -       isFemale: false,
                isOverseas: false,
                name: 'Test bat3',
                nationality: null,
                recentPerformance: [],
                role: 'BATTER',
        ...
                image: null,
        -       isFemale: false,
                isOverseas: false,
                name: 'Test bowl1',
                nationality: null,
                recentPerformance: [],
                role: 'BOWLER',
        ...
                image: null,
        -       isFemale: false,
                isOverseas: true,
                name: 'Test bowl2',
                nationality: null,
                recentPerformance: [],
                role: 'BOWLER',
        ...
                image: null,
        -       isFemale: false,
                isOverseas: true,
                name: 'Test os1',
                nationality: null,
                recentPerformance: [],
                role: 'BATTER',
        ...
                image: null,
        -       isFemale: false,
                isOverseas: true,
                name: 'Test os2',
                nationality: null,
                recentPerformance: [],
                role: 'BOWLER',
        ...
                image: null,
        -       isFemale: false,
                isOverseas: false,
                name: 'Test wk1',
                nationality: null,
                recentPerformance: [],
                role: 'WICKETKEEPER',
        ...
                image: null,
        -       isFemale: false,
                isOverseas: false,
                name: 'Test wk2',
                nationality: null,
                recentPerformance: [],
                role: 'WICKETKEEPER',
        
      code: 'ERR_ASSERTION'
      name: 'AssertionError'
      expected:
        schemaVersion: 2
        auctionId: 'test-auction'
        name: 'Auction'
        createdAt: 1
        version: 14
        status: 'COMPLETED'
        config:
          initialPurse: 1000
          squad:
            min: 0
            max: 4
          maxOverseas: 1
          minFemale: 2
          roleLimits:
            BATTER:
              min: 0
              max: 2
            BOWLER:
              min: 0
              max: 2
            ALL_ROUNDER:
              min: 0
              max: 2
            WICKETKEEPER:
              min: 0
              max: 1
          minimumReserve:
            enabled: false
            perSlot: 20
          allowUnsoldRelist: true
          undoDepth: 20
        teams:
          t1:
            id: 't1'
            name: 'Test Team One'
            shortName: 'TES'
            logo: ~
          t2:
            id: 't2'
            name: 'Test Team Two'
            shortName: 'TES'
            logo: ~
          t3:
            id: 't3'
            name: 'Test Team Three'
            shortName: 'TES'
            logo: ~
        teamOrder:
          0: 't1'
          1: 't2'
          2: 't3'
        players:
          bat1:
            id: 'bat1'
            name: 'Test bat1'
            role: 'BATTER'
            isOverseas: false
            isFemale: false
            basePrice: 20
            nationality: ~
            battingStyle: ~
            bowlingStyle: ~
            image: ~
            stats: ~
            recentPerformance:
            dataSource: 'FICTIONAL'
            status: 'AVAILABLE'
            soldTo: ~
            soldPrice: ~
          bat2:
            id: 'bat2'
            name: 'Test bat2'
            role: 'BATTER'
            isOverseas: false
            isFemale: false
            basePrice: 50
            nationality: ~
            battingStyle: ~
            bowlingStyle: ~
            image: ~
            stats: ~
            recentPerformance:
            dataSource: 'FICTIONAL'
            status: 'AVAILABLE'
            soldTo: ~
            soldPrice: ~
          bat3:
            id: 'bat3'
            name: 'Test bat3'
            role: 'BATTER'
            isOverseas: false
            isFemale: false
            basePrice: 100
            nationality: ~
            battingStyle: ~
            bowlingStyle: ~
            image: ~
            stats: ~
            recentPerformance:
            dataSource: 'FICTIONAL'
            status: 'WITHDRAWN'
            soldTo: ~
            soldPrice: ~
          bowl1:
            id: 'bowl1'
            name: 'Test bowl1'
            role: 'BOWLER'
            isOverseas: false
            isFemale: false
            basePrice: 20
            nationality: ~
            battingStyle: ~
            bowlingStyle: ~
            image: ~
            stats: ~
            recentPerformance:
            dataSource: 'FICTIONAL'
            status: 'AVAILABLE'
            soldTo: ~
            soldPrice: ~
          bowl2:
            id: 'bowl2'
            name: 'Test bowl2'
            role: 'BOWLER'
            isOverseas: true
            isFemale: false
            basePrice: 75
            nationality: ~
            battingStyle: ~
            bowlingStyle: ~
            image: ~
            stats: ~
            recentPerformance:
            dataSource: 'FICTIONAL'
            status: 'AVAILABLE'
            soldTo: ~
            soldPrice: ~
          ar1:
            id: 'ar1'
            name: 'Test ar1'
            role: 'ALL_ROUNDER'
            isOverseas: false
            isFemale: false
            basePrice: 200
            nationality: ~
            battingStyle: ~
            bowlingStyle: ~
            image: ~
            stats: ~
            recentPerformance:
            dataSource: 'FICTIONAL'
            status: 'AVAILABLE'
            soldTo: ~
            soldPrice: ~
          wk1:
            id: 'wk1'
            name: 'Test wk1'
            role: 'WICKETKEEPER'
            isOverseas: false
            isFemale: false
            basePrice: 20
            nationality: ~
            battingStyle: ~
            bowlingStyle: ~
            image: ~
            stats: ~
            recentPerformance:
            dataSource: 'FICTIONAL'
            status: 'SOLD'
            soldTo: 't3'
            soldPrice: 20
          wk2:
            id: 'wk2'
            name: 'Test wk2'
            role: 'WICKETKEEPER'
            isOverseas: false
            isFemale: false
            basePrice: 30
            nationality: ~
            battingStyle: ~
            bowlingStyle: ~
            image: ~
            stats: ~
            recentPerformance:
            dataSource: 'FICTIONAL'
            status: 'AVAILABLE'
            soldTo: ~
            soldPrice: ~
          os1:
            id: 'os1'
            name: 'Test os1'
            role: 'BATTER'
            isOverseas: true
            isFemale: false
            basePrice: 20
            nationality: ~
            battingStyle: ~
            bowlingStyle: ~
            image: ~
            stats: ~
            recentPerformance:
            dataSource: 'FICTIONAL'
            status: 'AVAILABLE'
            soldTo: ~
            soldPrice: ~
          os2:
            id: 'os2'
            name: 'Test os2'
            role: 'BOWLER'
            isOverseas: true
            isFemale: false
            basePrice: 20
            nationality: ~
            battingStyle: ~
            bowlingStyle: ~
            image: ~
            stats: ~
            recentPerformance:
            dataSource: 'FICTIONAL'
            status: 'UNSOLD'
            soldTo: ~
            soldPrice: ~
        playerOrder:
          0: 'os2'
          1: 'os1'
          2: 'wk2'
          3: 'wk1'
          4: 'ar1'
          5: 'bowl2'
          6: 'bowl1'
          7: 'bat3'
          8: 'bat2'
          9: 'bat1'
        lot: ~
        purchases:
          0:
            id: 'purchase-2'
            seq: 2
            lotId: 'lot-4'
            playerId: 'wk1'
            teamId: 't3'
            price: 20
            at: 19000
        activity:
          0:
            seq: 1
            type: 'START_AUCTION'
            at: 1000
            actor:
              role: 'ADMIN'
            message: 'Auction started.'
          1:
            seq: 2
            type: 'REORDER_PLAYERS'
            at: 11000
            actor:
              role: 'ADMIN'
            message: 'Player sequence updated.'
          2:
            seq: 3
            type: 'OPEN_LOT'
            at: 12000
            actor:
              role: 'ADMIN'
            playerId: 'os2'
            amount: 20
            message: 'Test os2 is up for bidding at base price Γé╣20 L.'
          3:
            seq: 4
            type: 'MARK_UNSOLD'
            at: 13000
            actor:
              role: 'ADMIN'
            playerId: 'os2'
            message: 'UNSOLD: Test os2.'
          4:
            seq: 5
            type: 'OPEN_LOT'
            at: 14000
            actor:
              role: 'ADMIN'
            playerId: 'os1'
            amount: 20
            message: 'Test os1 is up for bidding at base price Γé╣20 L.'
          5:
            seq: 6
            type: 'UNDO'
            at: 15000
            actor:
              role: 'ADMIN'
            undoneSeq: 5
            message: 'UNDO: Test os1 is up for bidding at base price Γé╣20 L.'
          6:
            seq: 7
            type: 'OPEN_LOT'
            at: 16000
            actor:
              role: 'ADMIN'
            playerId: 'bat2'
            amount: 50
            message: 'Test bat2 is up for bidding at base price Γé╣50 L.'
          7:
            seq: 8
            type: 'SELL_PLAYER'
            at: 17000
            actor:
              role: 'ADMIN'
            playerId: 'bat2'
            teamId: 't1'
            amount: 90
            message: 'SOLD: Test bat2 to Test Team One for Γé╣90 L.'
          8:
            seq: 9
            type: 'OPEN_LOT'
            at: 18000
            actor:
              role: 'ADMIN'
            playerId: 'wk1'
            amount: 20
            message: 'Test wk1 is up for bidding at base price Γé╣20 L.'
          9:
            seq: 10
            type: 'SELL_PLAYER'
            at: 19000
            actor:
              role: 'ADMIN'
            playerId: 'wk1'
            teamId: 't3'
            amount: 20
            message: 'SOLD: Test wk1 to Test Team Three for Γé╣20 L.'
          10:
            seq: 11
            type: 'CANCEL_SALE'
            at: 20000
            actor:
              role: 'ADMIN'
            playerId: 'bat2'
            teamId: 't1'
            amount: 90
            message: 'SALE CANCELLED: Test bat2 returned to the pool; Γé╣90 L refunded to Test Team One. Undo history cleared.'
          11:
            seq: 12
            type: 'WITHDRAW_PLAYER'
            at: 21000
            actor:
              role: 'ADMIN'
            playerId: 'bat3'
            message: 'Test bat3 withdrawn from the auction.'
          12:
            seq: 13
            type: 'PAUSE_AUCTION'
            at: 22000
            actor:
              role: 'ADMIN'
            message: 'Auction paused.'
          13:
            seq: 14
            type: 'END_AUCTION'
            at: 23000
            actor:
              role: 'ADMIN'
            message: 'Auction ended.'
        undoStack:
          0:
            commandType: 'WITHDRAW_PLAYER'
            activitySeq: 12
            description: 'Test bat3 withdrawn from the auction.'
            lot: ~
            purchasesLength: 1
            players:
              bat3:
                status: 'AVAILABLE'
                soldTo: ~
                soldPrice: ~
        counters:
          activity: 14
          purchase: 2
          lot: 4
      actual:
        schemaVersion: 2
        auctionId: 'test-auction'
        name: 'Auction'
        createdAt: 1
        version: 14
        status: 'COMPLETED'
        config:
          initialPurse: 1000
          squad:
            min: 0
            max: 4
          maxOverseas: 1
          minFemale: 2
          roleLimits:
            BATTER:
              min: 0
              max: 2
            BOWLER:
              min: 0
              max: 2
            ALL_ROUNDER:
              min: 0
              max: 2
            WICKETKEEPER:
              min: 0
              max: 1
          minimumReserve:
            enabled: false
            perSlot: 20
          allowUnsoldRelist: true
          undoDepth: 20
        teams:
          t1:
            id: 't1'
            name: 'Test Team One'
            shortName: 'TES'
            logo: ~
          t2:
            id: 't2'
            name: 'Test Team Two'
            shortName: 'TES'
            logo: ~
          t3:
            id: 't3'
            name: 'Test Team Three'
            shortName: 'TES'
            logo: ~
        teamOrder:
          0: 't1'
          1: 't2'
          2: 't3'
        players:
          os2:
            id: 'os2'
            name: 'Test os2'
            role: 'BOWLER'
            isOverseas: true
            basePrice: 20
            nationality: ~
            battingStyle: ~
            bowlingStyle: ~
            image: ~
            stats: ~
            recentPerformance:
            dataSource: 'FICTIONAL'
            status: 'UNSOLD'
            soldTo: ~
            soldPrice: ~
          os1:
            id: 'os1'
            name: 'Test os1'
            role: 'BATTER'
            isOverseas: true
            basePrice: 20
            nationality: ~
            battingStyle: ~
            bowlingStyle: ~
            image: ~
            stats: ~
            recentPerformance:
            dataSource: 'FICTIONAL'
            status: 'AVAILABLE'
            soldTo: ~
            soldPrice: ~
          wk2:
            id: 'wk2'
            name: 'Test wk2'
            role: 'WICKETKEEPER'
            isOverseas: false
            basePrice: 30
            nationality: ~
            battingStyle: ~
            bowlingStyle: ~
            image: ~
            stats: ~
            recentPerformance:
            dataSource: 'FICTIONAL'
            status: 'AVAILABLE'
            soldTo: ~
            soldPrice: ~
          wk1:
            id: 'wk1'
            name: 'Test wk1'
            role: 'WICKETKEEPER'
            isOverseas: false
            basePrice: 20
            nationality: ~
            battingStyle: ~
            bowlingStyle: ~
            image: ~
            stats: ~
            recentPerformance:
            dataSource: 'FICTIONAL'
            status: 'SOLD'
            soldTo: 't3'
            soldPrice: 20
          ar1:
            id: 'ar1'
            name: 'Test ar1'
            role: 'ALL_ROUNDER'
            isOverseas: false
            basePrice: 200
            nationality: ~
            battingStyle: ~
            bowlingStyle: ~
            image: ~
            stats: ~
            recentPerformance:
            dataSource: 'FICTIONAL'
            status: 'AVAILABLE'
            soldTo: ~
            soldPrice: ~
          bowl2:
            id: 'bowl2'
            name: 'Test bowl2'
            role: 'BOWLER'
            isOverseas: true
            basePrice: 75
            nationality: ~
            battingStyle: ~
            bowlingStyle: ~
            image: ~
            stats: ~
            recentPerformance:
            dataSource: 'FICTIONAL'
            status: 'AVAILABLE'
            soldTo: ~
            soldPrice: ~
          bowl1:
            id: 'bowl1'
            name: 'Test bowl1'
            role: 'BOWLER'
            isOverseas: false
            basePrice: 20
            nationality: ~
            battingStyle: ~
            bowlingStyle: ~
            image: ~
            stats: ~
            recentPerformance:
            dataSource: 'FICTIONAL'
            status: 'AVAILABLE'
            soldTo: ~
            soldPrice: ~
          bat3:
            id: 'bat3'
            name: 'Test bat3'
            role: 'BATTER'
            isOverseas: false
            basePrice: 100
            nationality: ~
            battingStyle: ~
            bowlingStyle: ~
            image: ~
            stats: ~
            recentPerformance:
            dataSource: 'FICTIONAL'
            status: 'WITHDRAWN'
            soldTo: ~
            soldPrice: ~
          bat2:
            id: 'bat2'
            name: 'Test bat2'
            role: 'BATTER'
            isOverseas: false
            basePrice: 50
            nationality: ~
            battingStyle: ~
            bowlingStyle: ~
            image: ~
            stats: ~
            recentPerformance:
            dataSource: 'FICTIONAL'
            status: 'AVAILABLE'
            soldTo: ~
            soldPrice: ~
          bat1:
            id: 'bat1'
            name: 'Test bat1'
            role: 'BATTER'
            isOverseas: false
            basePrice: 20
            nationality: ~
            battingStyle: ~
            bowlingStyle: ~
            image: ~
            stats: ~
            recentPerformance:
            dataSource: 'FICTIONAL'
            status: 'AVAILABLE'
            soldTo: ~
            soldPrice: ~
        playerOrder:
          0: 'os2'
          1: 'os1'
          2: 'wk2'
          3: 'wk1'
          4: 'ar1'
          5: 'bowl2'
          6: 'bowl1'
          7: 'bat3'
          8: 'bat2'
          9: 'bat1'
        lot: ~
        purchases:
          0:
            id: 'purchase-2'
            seq: 2
            lotId: 'lot-4'
            playerId: 'wk1'
            teamId: 't3'
            price: 20
            at: 19000
        activity:
          0:
            seq: 1
            type: 'START_AUCTION'
            at: 1000
            actor:
              role: 'ADMIN'
            message: 'Auction started.'
          1:
            seq: 2
            type: 'REORDER_PLAYERS'
            at: 11000
            actor:
              role: 'ADMIN'
            message: 'Player sequence updated.'
          2:
            seq: 3
            type: 'OPEN_LOT'
            at: 12000
            actor:
              role: 'ADMIN'
            message: 'Test os2 is up for bidding at base price Γé╣20 L.'
            playerId: 'os2'
            amount: 20
          3:
            seq: 4
            type: 'MARK_UNSOLD'
            at: 13000
            actor:
              role: 'ADMIN'
            message: 'UNSOLD: Test os2.'
            playerId: 'os2'
          4:
            seq: 5
            type: 'OPEN_LOT'
            at: 14000
            actor:
              role: 'ADMIN'
            message: 'Test os1 is up for bidding at base price Γé╣20 L.'
            playerId: 'os1'
            amount: 20
          5:
            seq: 6
            type: 'UNDO'
            at: 15000
            actor:
              role: 'ADMIN'
            message: 'UNDO: Test os1 is up for bidding at base price Γé╣20 L.'
            undoneSeq: 5
          6:
            seq: 7
            type: 'OPEN_LOT'
            at: 16000
            actor:
              role: 'ADMIN'
            message: 'Test bat2 is up for bidding at base price Γé╣50 L.'
            playerId: 'bat2'
            amount: 50
          7:
            seq: 8
            type: 'SELL_PLAYER'
            at: 17000
            actor:
              role: 'ADMIN'
            message: 'SOLD: Test bat2 to Test Team One for Γé╣90 L.'
            playerId: 'bat2'
            teamId: 't1'
            amount: 90
          8:
            seq: 9
            type: 'OPEN_LOT'
            at: 18000
            actor:
              role: 'ADMIN'
            message: 'Test wk1 is up for bidding at base price Γé╣20 L.'
            playerId: 'wk1'
            amount: 20
          9:
            seq: 10
            type: 'SELL_PLAYER'
            at: 19000
            actor:
              role: 'ADMIN'
            message: 'SOLD: Test wk1 to Test Team Three for Γé╣20 L.'
            playerId: 'wk1'
            teamId: 't3'
            amount: 20
          10:
            seq: 11
            type: 'CANCEL_SALE'
            at: 20000
            actor:
              role: 'ADMIN'
            message: 'SALE CANCELLED: Test bat2 returned to the pool; Γé╣90 L refunded to Test Team One. Undo history cleared.'
            playerId: 'bat2'
            teamId: 't1'
            amount: 90
          11:
            seq: 12
            type: 'WITHDRAW_PLAYER'
            at: 21000
            actor:
              role: 'ADMIN'
            message: 'Test bat3 withdrawn from the auction.'
            playerId: 'bat3'
          12:
            seq: 13
            type: 'PAUSE_AUCTION'
            at: 22000
            actor:
              role: 'ADMIN'
            message: 'Auction paused.'
          13:
            seq: 14
            type: 'END_AUCTION'
            at: 23000
            actor:
              role: 'ADMIN'
            message: 'Auction ended.'
        undoStack:
          0:
            commandType: 'WITHDRAW_PLAYER'
            activitySeq: 12
            description: 'Test bat3 withdrawn from the auction.'
            lot: ~
            purchasesLength: 1
            players:
              bat3:
                status: 'AVAILABLE'
                soldTo: ~
                soldPrice: ~
        counters:
          activity: 14
          purchase: 2
          lot: 4
      operator: 'deepStrictEqual'
      stack: |-
        assertParity (file:///C:/Users/Aaryan/Desktop/anirveda/src/lib/iplAuction/__tests__/appwriteAdapter.test.js:68:10)
        async TestContext.<anonymous> (file:///C:/Users/Aaryan/Desktop/anirveda/src/lib/iplAuction/__tests__/appwriteAdapter.test.js:322:5)
        async Test.run (node:internal/test_runner/test:1054:7)
        async Suite.processPendingSubtests (node:internal/test_runner/test:744:7)
      ...
    # Subtest: parity: setup commands that delete rows (players, teams) match the local adapter
    not ok 11 - parity: setup commands that delete rows (players, teams) match the local adapter
      ---
      duration_ms: 34.7717
      type: 'test'
      location: 'C:\\Users\\Aaryan\\Desktop\\anirveda\\src\\lib\\iplAuction\\__tests__\\appwriteAdapter.test.js:325:3'
      failureType: 'testCodeFailure'
      error: |-
        Expected values to be strictly deep-equal:
        + actual - expected
        ... Skipped lines
        
          {
            activity: [
              {
                actor: {
                  role: 'ADMIN'
        ...
                image: null,
        -       isFemale: false,
                isOverseas: false,
                name: 'Test ar1',
                nationality: null,
                recentPerformance: [],
                role: 'ALL_ROUNDER',
        ...
                image: null,
        -       isFemale: false,
                isOverseas: false,
                name: 'Test bat3',
                nationality: null,
                recentPerformance: [],
                role: 'BATTER',
        ...
                image: null,
        -       isFemale: false,
                isOverseas: false,
                name: 'Test bowl1',
                nationality: null,
                recentPerformance: [],
                role: 'BOWLER',
        ...
                image: null,
        -       isFemale: false,
                isOverseas: true,
                name: 'Test bowl2',
                nationality: null,
                recentPerformance: [],
                role: 'BOWLER',
        ...
                image: null,
        -       isFemale: false,
                isOverseas: false,
                name: 'Imported',
                nationality: null,
                recentPerformance: [],
                role: 'BOWLER',
        ...
                image: null,
        -       isFemale: false,
                isOverseas: true,
                name: 'Test os1',
                nationality: null,
                recentPerformance: [],
                role: 'BATTER',
        ...
                image: null,
        -       isFemale: false,
                isOverseas: true,
                name: 'Test os2',
                nationality: null,
                recentPerformance: [],
                role: 'BOWLER',
        ...
                image: null,
        -       isFemale: false,
                isOverseas: false,
                name: 'Test wk1',
                nationality: null,
                recentPerformance: [],
                role: 'WICKETKEEPER',
        ...
                image: null,
        -       isFemale: false,
                isOverseas: false,
                name: 'Test wk2',
                nationality: null,
                recentPerformance: [],
                role: 'WICKETKEEPER',
        
      code: 'ERR_ASSERTION'
      name: 'AssertionError'
      expected:
        schemaVersion: 2
        auctionId: 'test-auction'
        name: 'Auction'
        createdAt: 1
        version: 10
        status: 'LIVE'
        config:
          initialPurse: 1000
          squad:
            min: 0
            max: 4
          maxOverseas: 1
          minFemale: 2
          roleLimits:
            BATTER:
              min: 0
              max: 2
            BOWLER:
              min: 0
              max: 2
            ALL_ROUNDER:
              min: 0
              max: 2
            WICKETKEEPER:
              min: 0
              max: 1
          minimumReserve:
            enabled: false
            perSlot: 20
          allowUnsoldRelist: true
          undoDepth: 20
        teams:
          t1:
            id: 't1'
            name: 'Renamed One'
            shortName: 'RN1'
            logo: ~
          t2:
            id: 't2'
            name: 'Test Team Two'
            shortName: 'TES'
            logo: ~
        teamOrder:
          0: 't1'
          1: 't2'
        players:
          bat3:
            id: 'bat3'
            name: 'Test bat3'
            role: 'BATTER'
            isOverseas: false
            isFemale: false
            basePrice: 100
            nationality: ~
            battingStyle: ~
            bowlingStyle: ~
            image: ~
            stats: ~
            recentPerformance:
            dataSource: 'FICTIONAL'
            status: 'SOLD'
            soldTo: 't1'
            soldPrice: 100
          bowl1:
            id: 'bowl1'
            name: 'Test bowl1'
            role: 'BOWLER'
            isOverseas: false
            isFemale: false
            basePrice: 20
            nationality: ~
            battingStyle: ~
            bowlingStyle: ~
            image: ~
            stats: ~
            recentPerformance:
            dataSource: 'FICTIONAL'
            status: 'AVAILABLE'
            soldTo: ~
            soldPrice: ~
          bowl2:
            id: 'bowl2'
            name: 'Test bowl2'
            role: 'BOWLER'
            isOverseas: true
            isFemale: false
            basePrice: 75
            nationality: ~
            battingStyle: ~
            bowlingStyle: ~
            image: ~
            stats: ~
            recentPerformance:
            dataSource: 'FICTIONAL'
            status: 'AVAILABLE'
            soldTo: ~
            soldPrice: ~
          ar1:
            id: 'ar1'
            name: 'Test ar1'
            role: 'ALL_ROUNDER'
            isOverseas: false
            isFemale: false
            basePrice: 200
            nationality: ~
            battingStyle: ~
            bowlingStyle: ~
            image: ~
            stats: ~
            recentPerformance:
            dataSource: 'FICTIONAL'
            status: 'AVAILABLE'
            soldTo: ~
            soldPrice: ~
          wk1:
            id: 'wk1'
            name: 'Test wk1'
            role: 'WICKETKEEPER'
            isOverseas: false
            isFemale: false
            basePrice: 20
            nationality: ~
            battingStyle: ~
            bowlingStyle: ~
            image: ~
            stats: ~
            recentPerformance:
            dataSource: 'FICTIONAL'
            status: 'AVAILABLE'
            soldTo: ~
            soldPrice: ~
          wk2:
            id: 'wk2'
            name: 'Test wk2'
            role: 'WICKETKEEPER'
            isOverseas: false
            isFemale: false
            basePrice: 30
            nationality: ~
            battingStyle: ~
            bowlingStyle: ~
            image: ~
            stats: ~
            recentPerformance:
            dataSource: 'FICTIONAL'
            status: 'AVAILABLE'
            soldTo: ~
            soldPrice: ~
          os1:
            id: 'os1'
            name: 'Test os1'
            role: 'BATTER'
            isOverseas: true
            isFemale: false
            basePrice: 20
            nationality: ~
            battingStyle: ~
            bowlingStyle: ~
            image: ~
            stats: ~
            recentPerformance:
            dataSource: 'FICTIONAL'
            status: 'AVAILABLE'
            soldTo: ~
            soldPrice: ~
          os2:
            id: 'os2'
            name: 'Test os2'
            role: 'BOWLER'
            isOverseas: true
            isFemale: false
            basePrice: 20
            nationality: ~
            battingStyle: ~
            bowlingStyle: ~
            image: ~
            stats: ~
            recentPerformance:
            dataSource: 'FICTIONAL'
            status: 'AVAILABLE'
            soldTo: ~
            soldPrice: ~
          imp1:
            id: 'imp1'
            name: 'Imported'
            role: 'BOWLER'
            isOverseas: false
            isFemale: false
            basePrice: 25
            nationality: ~
            battingStyle: ~
            bowlingStyle: ~
            image: ~
            stats:
              bowling:
                wickets: 4
            recentPerformance:
            dataSource: 'FICTIONAL'
            status: 'AVAILABLE'
            soldTo: ~
            soldPrice: ~
        playerOrder:
          0: 'bat3'
          1: 'bowl1'
          2: 'bowl2'
          3: 'ar1'
          4: 'wk1'
          5: 'wk2'
          6: 'os1'
          7: 'os2'
          8: 'imp1'
        lot: ~
        purchases:
          0:
            id: 'purchase-1'
            seq: 1
            lotId: 'lot-1'
            playerId: 'bat3'
            teamId: 't1'
            price: 100
            at: 20000
        activity:
          0:
            seq: 1
            type: 'UPDATE_TEAM'
            at: 11000
            actor:
              role: 'ADMIN'
            teamId: 't1'
            message: 'Team Renamed One updated.'
          1:
            seq: 2
            type: 'REMOVE_TEAM'
            at: 12000
            actor:
              role: 'ADMIN'
            message: 'Team Test Team Three removed.'
          2:
            seq: 3
            type: 'ADD_PLAYER'
            at: 13000
            actor:
              role: 'ADMIN'
            playerId: 'imp1'
            message: 'Player Imported added to the pool.'
          3:
            seq: 4
            type: 'WITHDRAW_PLAYER'
            at: 14000
            actor:
              role: 'ADMIN'
            playerId: 'bat2'
            message: 'Test bat2 withdrawn from the auction.'
          4:
            seq: 5
            type: 'REMOVE_PLAYER'
            at: 15000
            actor:
              role: 'ADMIN'
            message: 'Player Test bat2 removed from the pool.'
          5:
            seq: 6
            type: 'REMOVE_PLAYER'
            at: 16000
            actor:
              role: 'ADMIN'
            message: 'Player Test bat1 removed from the pool.'
          6:
            seq: 7
            type: 'UPDATE_PLAYER'
            at: 17000
            actor:
              role: 'ADMIN'
            playerId: 'imp1'
            message: 'Player Imported updated.'
          7:
            seq: 8
            type: 'START_AUCTION'
            at: 18000
            actor:
              role: 'ADMIN'
            message: 'Auction started.'
          8:
            seq: 9
            type: 'OPEN_LOT'
            at: 19000
            actor:
              role: 'ADMIN'
            playerId: 'bat3'
            amount: 100
            message: 'Test bat3 is up for bidding at base price Γé╣1 Cr.'
          9:
            seq: 10
            type: 'SELL_PLAYER'
            at: 20000
            actor:
              role: 'ADMIN'
            playerId: 'bat3'
            teamId: 't1'
            amount: 100
            message: 'SOLD: Test bat3 to Renamed One for Γé╣1 Cr.'
        undoStack:
          0:
            commandType: 'OPEN_LOT'
            activitySeq: 9
            description: 'Test bat3 is up for bidding at base price Γé╣1 Cr.'
            lot: ~
            purchasesLength: 0
            players:
              bat3:
                status: 'AVAILABLE'
                soldTo: ~
                soldPrice: ~
          1:
            commandType: 'SELL_PLAYER'
            activitySeq: 10
            description: 'SOLD: Test bat3 to Renamed One for Γé╣1 Cr.'
            lot:
              id: 'lot-1'
              playerId: 'bat3'
              openedAt: 19000
              currentBid: ~
              currentBidTeamId: ~
            purchasesLength: 0
            players:
              bat3:
                status: 'ON_BLOCK'
                soldTo: ~
                soldPrice: ~
        counters:
          activity: 10
          purchase: 1
          lot: 1
      actual:
        schemaVersion: 2
        auctionId: 'test-auction'
        name: 'Auction'
        createdAt: 1
        version: 10
        status: 'LIVE'
        config:
          initialPurse: 1000
          squad:
            min: 0
            max: 4
          maxOverseas: 1
          minFemale: 2
          roleLimits:
            BATTER:
              min: 0
              max: 2
            BOWLER:
              min: 0
              max: 2
            ALL_ROUNDER:
              min: 0
              max: 2
            WICKETKEEPER:
              min: 0
              max: 1
          minimumReserve:
            enabled: false
            perSlot: 20
          allowUnsoldRelist: true
          undoDepth: 20
        teams:
          t1:
            id: 't1'
            name: 'Renamed One'
            shortName: 'RN1'
            logo: ~
          t2:
            id: 't2'
            name: 'Test Team Two'
            shortName: 'TES'
            logo: ~
        teamOrder:
          0: 't1'
          1: 't2'
        players:
          bat3:
            id: 'bat3'
            name: 'Test bat3'
            role: 'BATTER'
            isOverseas: false
            basePrice: 100
            nationality: ~
            battingStyle: ~
            bowlingStyle: ~
            image: ~
            stats: ~
            recentPerformance:
            dataSource: 'FICTIONAL'
            status: 'SOLD'
            soldTo: 't1'
            soldPrice: 100
          bowl1:
            id: 'bowl1'
            name: 'Test bowl1'
            role: 'BOWLER'
            isOverseas: false
            basePrice: 20
            nationality: ~
            battingStyle: ~
            bowlingStyle: ~
            image: ~
            stats: ~
            recentPerformance:
            dataSource: 'FICTIONAL'
            status: 'AVAILABLE'
            soldTo: ~
            soldPrice: ~
          bowl2:
            id: 'bowl2'
            name: 'Test bowl2'
            role: 'BOWLER'
            isOverseas: true
            basePrice: 75
            nationality: ~
            battingStyle: ~
            bowlingStyle: ~
            image: ~
            stats: ~
            recentPerformance:
            dataSource: 'FICTIONAL'
            status: 'AVAILABLE'
            soldTo: ~
            soldPrice: ~
          ar1:
            id: 'ar1'
            name: 'Test ar1'
            role: 'ALL_ROUNDER'
            isOverseas: false
            basePrice: 200
            nationality: ~
            battingStyle: ~
            bowlingStyle: ~
            image: ~
            stats: ~
            recentPerformance:
            dataSource: 'FICTIONAL'
            status: 'AVAILABLE'
            soldTo: ~
            soldPrice: ~
          wk1:
            id: 'wk1'
            name: 'Test wk1'
            role: 'WICKETKEEPER'
            isOverseas: false
            basePrice: 20
            nationality: ~
            battingStyle: ~
            bowlingStyle: ~
            image: ~
            stats: ~
            recentPerformance:
            dataSource: 'FICTIONAL'
            status: 'AVAILABLE'
            soldTo: ~
            soldPrice: ~
          wk2:
            id: 'wk2'
            name: 'Test wk2'
            role: 'WICKETKEEPER'
            isOverseas: false
            basePrice: 30
            nationality: ~
            battingStyle: ~
            bowlingStyle: ~
            image: ~
            stats: ~
            recentPerformance:
            dataSource: 'FICTIONAL'
            status: 'AVAILABLE'
            soldTo: ~
            soldPrice: ~
          os1:
            id: 'os1'
            name: 'Test os1'
            role: 'BATTER'
            isOverseas: true
            basePrice: 20
            nationality: ~
            battingStyle: ~
            bowlingStyle: ~
            image: ~
            stats: ~
            recentPerformance:
            dataSource: 'FICTIONAL'
            status: 'AVAILABLE'
            soldTo: ~
            soldPrice: ~
          os2:
            id: 'os2'
            name: 'Test os2'
            role: 'BOWLER'
            isOverseas: true
            basePrice: 20
            nationality: ~
            battingStyle: ~
            bowlingStyle: ~
            image: ~
            stats: ~
            recentPerformance:
            dataSource: 'FICTIONAL'
            status: 'AVAILABLE'
            soldTo: ~
            soldPrice: ~
          imp1:
            id: 'imp1'
            name: 'Imported'
            role: 'BOWLER'
            isOverseas: false
            basePrice: 25
            nationality: ~
            battingStyle: ~
            bowlingStyle: ~
            image: ~
            stats:
              bowling:
                wickets: 4
            recentPerformance:
            dataSource: 'FICTIONAL'
            status: 'AVAILABLE'
            soldTo: ~
            soldPrice: ~
        playerOrder:
          0: 'bat3'
          1: 'bowl1'
          2: 'bowl2'
          3: 'ar1'
          4: 'wk1'
          5: 'wk2'
          6: 'os1'
          7: 'os2'
          8: 'imp1'
        lot: ~
        purchases:
          0:
            id: 'purchase-1'
            seq: 1
            lotId: 'lot-1'
            playerId: 'bat3'
            teamId: 't1'
            price: 100
            at: 20000
        activity:
          0:
            seq: 1
            type: 'UPDATE_TEAM'
            at: 11000
            actor:
              role: 'ADMIN'
            message: 'Team Renamed One updated.'
            teamId: 't1'
          1:
            seq: 2
            type: 'REMOVE_TEAM'
            at: 12000
            actor:
              role: 'ADMIN'
            message: 'Team Test Team Three removed.'
          2:
            seq: 3
            type: 'ADD_PLAYER'
            at: 13000
            actor:
              role: 'ADMIN'
            message: 'Player Imported added to the pool.'
            playerId: 'imp1'
          3:
            seq: 4
            type: 'WITHDRAW_PLAYER'
            at: 14000
            actor:
              role: 'ADMIN'
            message: 'Test bat2 withdrawn from the auction.'
            playerId: 'bat2'
          4:
            seq: 5
            type: 'REMOVE_PLAYER'
            at: 15000
            actor:
              role: 'ADMIN'
            message: 'Player Test bat2 removed from the pool.'
          5:
            seq: 6
            type: 'REMOVE_PLAYER'
            at: 16000
            actor:
              role: 'ADMIN'
            message: 'Player Test bat1 removed from the pool.'
          6:
            seq: 7
            type: 'UPDATE_PLAYER'
            at: 17000
            actor:
              role: 'ADMIN'
            message: 'Player Imported updated.'
            playerId: 'imp1'
          7:
            seq: 8
            type: 'START_AUCTION'
            at: 18000
            actor:
              role: 'ADMIN'
            message: 'Auction started.'
          8:
            seq: 9
            type: 'OPEN_LOT'
            at: 19000
            actor:
              role: 'ADMIN'
            message: 'Test bat3 is up for bidding at base price Γé╣1 Cr.'
            playerId: 'bat3'
            amount: 100
          9:
            seq: 10
            type: 'SELL_PLAYER'
            at: 20000
            actor:
              role: 'ADMIN'
            message: 'SOLD: Test bat3 to Renamed One for Γé╣1 Cr.'
            playerId: 'bat3'
            teamId: 't1'
            amount: 100
        undoStack:
          0:
            commandType: 'OPEN_LOT'
            activitySeq: 9
            description: 'Test bat3 is up for bidding at base price Γé╣1 Cr.'
            lot: ~
            purchasesLength: 0
            players:
              bat3:
                status: 'AVAILABLE'
                soldTo: ~
                soldPrice: ~
          1:
            commandType: 'SELL_PLAYER'
            activitySeq: 10
            description: 'SOLD: Test bat3 to Renamed One for Γé╣1 Cr.'
            lot:
              id: 'lot-1'
              playerId: 'bat3'
              openedAt: 19000
              currentBid: ~
              currentBidTeamId: ~
            purchasesLength: 0
            players:
              bat3:
                status: 'ON_BLOCK'
                soldTo: ~
                soldPrice: ~
        counters:
          activity: 10
          purchase: 1
          lot: 1
      operator: 'deepStrictEqual'
      stack: |-
        assertParity (file:///C:/Users/Aaryan/Desktop/anirveda/src/lib/iplAuction/__tests__/appwriteAdapter.test.js:68:10)
        async TestContext.<anonymous> (file:///C:/Users/Aaryan/Desktop/anirveda/src/lib/iplAuction/__tests__/appwriteAdapter.test.js:327:5)
        async Test.run (node:internal/test_runner/test:1054:7)
        async Suite.processPendingSubtests (node:internal/test_runner/test:744:7)
      ...
    # Subtest: a command touching more rows than one transaction allows fails cleanly (known limit)
    ok 12 - a command touching more rows than one transaction allows fails cleanly (known limit)
      ---
      duration_ms: 6.9761
      type: 'test'
      ...
    1..12
not ok 3 - appwrite adapter: writing (transactions)
  ---
  duration_ms: 133.7466
  type: 'suite'
  location: 'C:\\Users\\Aaryan\\Desktop\\anirveda\\src\\lib\\iplAuction\\__tests__\\appwriteAdapter.test.js:188:1'
  failureType: 'subtestsFailed'
  error: '3 subtests failed'
  code: 'ERR_TEST_FAILURE'
  ...
# Subtest: appwrite mapper: round trip
    # Subtest: restores a fresh state exactly
    not ok 1 - restores a fresh state exactly
      ---
      duration_ms: 14.4966
      type: 'test'
      location: 'C:\\Users\\Aaryan\\Desktop\\anirveda\\src\\lib\\iplAuction\\__tests__\\appwriteMapper.test.js:69:3'
      failureType: 'testCodeFailure'
      error: |-
        Expected values to be strictly deep-equal:
        + actual - expected
        ... Skipped lines
        
          {
            activity: [],
            auctionId: 'test-auction',
            config: {
              allowUnsoldRelist: true,
        ...
                image: null,
        -       isFemale: false,
                isOverseas: false,
                name: 'Test ar1',
                nationality: null,
                recentPerformance: [],
                role: 'ALL_ROUNDER',
        ...
                image: null,
        -       isFemale: false,
                isOverseas: false,
                name: 'Test bat1',
                nationality: null,
                recentPerformance: [],
                role: 'BATTER',
        ...
                image: null,
        -       isFemale: false,
                isOverseas: false,
                name: 'Test bat2',
                nationality: null,
                recentPerformance: [],
                role: 'BATTER',
        ...
                image: null,
        -       isFemale: false,
                isOverseas: false,
                name: 'Test bat3',
                nationality: null,
                recentPerformance: [],
                role: 'BATTER',
        ...
                image: null,
        -       isFemale: false,
                isOverseas: false,
                name: 'Test bowl1',
                nationality: null,
                recentPerformance: [],
                role: 'BOWLER',
        ...
                image: null,
        -       isFemale: false,
                isOverseas: true,
                name: 'Test bowl2',
                nationality: null,
                recentPerformance: [],
                role: 'BOWLER',
        ...
                image: null,
        -       isFemale: false,
                isOverseas: true,
                name: 'Test os1',
                nationality: null,
                recentPerformance: [],
                role: 'BATTER',
        ...
                image: null,
        -       isFemale: false,
                isOverseas: true,
                name: 'Test os2',
                nationality: null,
                recentPerformance: [],
                role: 'BOWLER',
        ...
                image: null,
        -       isFemale: false,
                isOverseas: false,
                name: 'Test wk1',
                nationality: null,
                recentPerformance: [],
                role: 'WICKETKEEPER',
        ...
                image: null,
        -       isFemale: false,
                isOverseas: false,
                name: 'Test wk2',
                nationality: null,
                recentPerformance: [],
                role: 'WICKETKEEPER',
        
      code: 'ERR_ASSERTION'
      name: 'AssertionError'
      expected:
        schemaVersion: 2
        auctionId: 'test-auction'
        name: 'Auction'
        createdAt: 1
        version: 0
        status: 'SETUP'
        config:
          initialPurse: 1000
          squad:
            min: 0
            max: 4
          maxOverseas: 1
          minFemale: 2
          roleLimits:
            BATTER:
              min: 0
              max: 2
            BOWLER:
              min: 0
              max: 2
            ALL_ROUNDER:
              min: 0
              max: 2
            WICKETKEEPER:
              min: 0
              max: 1
          minimumReserve:
            enabled: false
            perSlot: 20
          allowUnsoldRelist: true
          undoDepth: 20
        teams:
          t1:
            id: 't1'
            name: 'Test Team One'
            shortName: 'TES'
            logo: ~
          t2:
            id: 't2'
            name: 'Test Team Two'
            shortName: 'TES'
            logo: ~
          t3:
            id: 't3'
            name: 'Test Team Three'
            shortName: 'TES'
            logo: ~
        teamOrder:
          0: 't1'
          1: 't2'
          2: 't3'
        players:
          bat1:
            id: 'bat1'
            name: 'Test bat1'
            role: 'BATTER'
            isOverseas: false
            isFemale: false
            basePrice: 20
            nationality: ~
            battingStyle: ~
            bowlingStyle: ~
            image: ~
            stats: ~
            recentPerformance:
            dataSource: 'FICTIONAL'
            status: 'AVAILABLE'
            soldTo: ~
            soldPrice: ~
          bat2:
            id: 'bat2'
            name: 'Test bat2'
            role: 'BATTER'
            isOverseas: false
            isFemale: false
            basePrice: 50
            nationality: ~
            battingStyle: ~
            bowlingStyle: ~
            image: ~
            stats: ~
            recentPerformance:
            dataSource: 'FICTIONAL'
            status: 'AVAILABLE'
            soldTo: ~
            soldPrice: ~
          bat3:
            id: 'bat3'
            name: 'Test bat3'
            role: 'BATTER'
            isOverseas: false
            isFemale: false
            basePrice: 100
            nationality: ~
            battingStyle: ~
            bowlingStyle: ~
            image: ~
            stats: ~
            recentPerformance:
            dataSource: 'FICTIONAL'
            status: 'AVAILABLE'
            soldTo: ~
            soldPrice: ~
          bowl1:
            id: 'bowl1'
            name: 'Test bowl1'
            role: 'BOWLER'
            isOverseas: false
            isFemale: false
            basePrice: 20
            nationality: ~
            battingStyle: ~
            bowlingStyle: ~
            image: ~
            stats: ~
            recentPerformance:
            dataSource: 'FICTIONAL'
            status: 'AVAILABLE'
            soldTo: ~
            soldPrice: ~
          bowl2:
            id: 'bowl2'
            name: 'Test bowl2'
            role: 'BOWLER'
            isOverseas: true
            isFemale: false
            basePrice: 75
            nationality: ~
            battingStyle: ~
            bowlingStyle: ~
            image: ~
            stats: ~
            recentPerformance:
            dataSource: 'FICTIONAL'
            status: 'AVAILABLE'
            soldTo: ~
            soldPrice: ~
          ar1:
            id: 'ar1'
            name: 'Test ar1'
            role: 'ALL_ROUNDER'
            isOverseas: false
            isFemale: false
            basePrice: 200
            nationality: ~
            battingStyle: ~
            bowlingStyle: ~
            image: ~
            stats: ~
            recentPerformance:
            dataSource: 'FICTIONAL'
            status: 'AVAILABLE'
            soldTo: ~
            soldPrice: ~
          wk1:
            id: 'wk1'
            name: 'Test wk1'
            role: 'WICKETKEEPER'
            isOverseas: false
            isFemale: false
            basePrice: 20
            nationality: ~
            battingStyle: ~
            bowlingStyle: ~
            image: ~
            stats: ~
            recentPerformance:
            dataSource: 'FICTIONAL'
            status: 'AVAILABLE'
            soldTo: ~
            soldPrice: ~
          wk2:
            id: 'wk2'
            name: 'Test wk2'
            role: 'WICKETKEEPER'
            isOverseas: false
            isFemale: false
            basePrice: 30
            nationality: ~
            battingStyle: ~
            bowlingStyle: ~
            image: ~
            stats: ~
            recentPerformance:
            dataSource: 'FICTIONAL'
            status: 'AVAILABLE'
            soldTo: ~
            soldPrice: ~
          os1:
            id: 'os1'
            name: 'Test os1'
            role: 'BATTER'
            isOverseas: true
            isFemale: false
            basePrice: 20
            nationality: ~
            battingStyle: ~
            bowlingStyle: ~
            image: ~
            stats: ~
            recentPerformance:
            dataSource: 'FICTIONAL'
            status: 'AVAILABLE'
            soldTo: ~
            soldPrice: ~
          os2:
            id: 'os2'
            name: 'Test os2'
            role: 'BOWLER'
            isOverseas: true
            isFemale: false
            basePrice: 20
            nationality: ~
            battingStyle: ~
            bowlingStyle: ~
            image: ~
            stats: ~
            recentPerformance:
            dataSource: 'FICTIONAL'
            status: 'AVAILABLE'
            soldTo: ~
            soldPrice: ~
        playerOrder:
          0: 'bat1'
          1: 'bat2'
          2: 'bat3'
          3: 'bowl1'
          4: 'bowl2'
          5: 'ar1'
          6: 'wk1'
          7: 'wk2'
          8: 'os1'
          9: 'os2'
        lot: ~
        purchases:
        activity:
        undoStack:
        counters:
          activity: 0
          purchase: 0
          lot: 0
      actual:
        schemaVersion: 2
        auctionId: 'test-auction'
        name: 'Auction'
        createdAt: 1
        version: 0
        status: 'SETUP'
        config:
          initialPurse: 1000
          squad:
            min: 0
            max: 4
          maxOverseas: 1
          minFemale: 2
          roleLimits:
            BATTER:
              min: 0
              max: 2
            BOWLER:
              min: 0
              max: 2
            ALL_ROUNDER:
              min: 0
              max: 2
            WICKETKEEPER:
              min: 0
              max: 1
          minimumReserve:
            enabled: false
            perSlot: 20
          allowUnsoldRelist: true
          undoDepth: 20
        teams:
          t1:
            id: 't1'
            name: 'Test Team One'
            shortName: 'TES'
            logo: ~
          t2:
            id: 't2'
            name: 'Test Team Two'
            shortName: 'TES'
            logo: ~
          t3:
            id: 't3'
            name: 'Test Team Three'
            shortName: 'TES'
            logo: ~
        teamOrder:
          0: 't1'
          1: 't2'
          2: 't3'
        players:
          bat1:
            id: 'bat1'
            name: 'Test bat1'
            role: 'BATTER'
            isOverseas: false
            basePrice: 20
            nationality: ~
            battingStyle: ~
            bowlingStyle: ~
            image: ~
            stats: ~
            recentPerformance:
            dataSource: 'FICTIONAL'
            status: 'AVAILABLE'
            soldTo: ~
            soldPrice: ~
          bat2:
            id: 'bat2'
            name: 'Test bat2'
            role: 'BATTER'
            isOverseas: false
            basePrice: 50
            nationality: ~
            battingStyle: ~
            bowlingStyle: ~
            image: ~
            stats: ~
            recentPerformance:
            dataSource: 'FICTIONAL'
            status: 'AVAILABLE'
            soldTo: ~
            soldPrice: ~
          bat3:
            id: 'bat3'
            name: 'Test bat3'
            role: 'BATTER'
            isOverseas: false
            basePrice: 100
            nationality: ~
            battingStyle: ~
            bowlingStyle: ~
            image: ~
            stats: ~
            recentPerformance:
            dataSource: 'FICTIONAL'
            status: 'AVAILABLE'
            soldTo: ~
            soldPrice: ~
          bowl1:
            id: 'bowl1'
            name: 'Test bowl1'
            role: 'BOWLER'
            isOverseas: false
            basePrice: 20
            nationality: ~
            battingStyle: ~
            bowlingStyle: ~
            image: ~
            stats: ~
            recentPerformance:
            dataSource: 'FICTIONAL'
            status: 'AVAILABLE'
            soldTo: ~
            soldPrice: ~
          bowl2:
            id: 'bowl2'
            name: 'Test bowl2'
            role: 'BOWLER'
            isOverseas: true
            basePrice: 75
            nationality: ~
            battingStyle: ~
            bowlingStyle: ~
            image: ~
            stats: ~
            recentPerformance:
            dataSource: 'FICTIONAL'
            status: 'AVAILABLE'
            soldTo: ~
            soldPrice: ~
          ar1:
            id: 'ar1'
            name: 'Test ar1'
            role: 'ALL_ROUNDER'
            isOverseas: false
            basePrice: 200
            nationality: ~
            battingStyle: ~
            bowlingStyle: ~
            image: ~
            stats: ~
            recentPerformance:
            dataSource: 'FICTIONAL'
            status: 'AVAILABLE'
            soldTo: ~
            soldPrice: ~
          wk1:
            id: 'wk1'
            name: 'Test wk1'
            role: 'WICKETKEEPER'
            isOverseas: false
            basePrice: 20
            nationality: ~
            battingStyle: ~
            bowlingStyle: ~
            image: ~
            stats: ~
            recentPerformance:
            dataSource: 'FICTIONAL'
            status: 'AVAILABLE'
            soldTo: ~
            soldPrice: ~
          wk2:
            id: 'wk2'
            name: 'Test wk2'
            role: 'WICKETKEEPER'
            isOverseas: false
            basePrice: 30
            nationality: ~
            battingStyle: ~
            bowlingStyle: ~
            image: ~
            stats: ~
            recentPerformance:
            dataSource: 'FICTIONAL'
            status: 'AVAILABLE'
            soldTo: ~
            soldPrice: ~
          os1:
            id: 'os1'
            name: 'Test os1'
            role: 'BATTER'
            isOverseas: true
            basePrice: 20
            nationality: ~
            battingStyle: ~
            bowlingStyle: ~
            image: ~
            stats: ~
            recentPerformance:
            dataSource: 'FICTIONAL'
            status: 'AVAILABLE'
            soldTo: ~
            soldPrice: ~
          os2:
            id: 'os2'
            name: 'Test os2'
            role: 'BOWLER'
            isOverseas: true
            basePrice: 20
            nationality: ~
            battingStyle: ~
            bowlingStyle: ~
            image: ~
            stats: ~
            recentPerformance:
            dataSource: 'FICTIONAL'
            status: 'AVAILABLE'
            soldTo: ~
            soldPrice: ~
        playerOrder:
          0: 'bat1'
          1: 'bat2'
          2: 'bat3'
          3: 'bowl1'
          4: 'bowl2'
          5: 'ar1'
          6: 'wk1'
          7: 'wk2'
          8: 'os1'
          9: 'os2'
        lot: ~
        purchases:
        activity:
        undoStack:
        counters:
          activity: 0
          purchase: 0
          lot: 0
      operator: 'deepStrictEqual'
      stack: |-
        TestContext.<anonymous> (file:///C:/Users/Aaryan/Desktop/anirveda/src/lib/iplAuction/__tests__/appwriteMapper.test.js:71:12)
        Test.runInAsyncScope (node:async_hooks:214:14)
        Test.run (node:internal/test_runner/test:1047:25)
        Test.start (node:internal/test_runner/test:944:17)
        node:internal/test_runner/test:1440:71
        node:internal/per_context/primordials:464:82
        new Promise (<anonymous>)
        new SafePromise (node:internal/per_context/primordials:433:3)
        node:internal/per_context/primordials:464:9
        Array.map (<anonymous>)
      ...
    # Subtest: restores a busy auction exactly, regardless of row order and system fields
    not ok 2 - restores a busy auction exactly, regardless of row order and system fields
      ---
      duration_ms: 6.3442
      type: 'test'
      location: 'C:\\Users\\Aaryan\\Desktop\\anirveda\\src\\lib\\iplAuction\\__tests__\\appwriteMapper.test.js:74:3'
      failureType: 'testCodeFailure'
      error: |-
        Expected values to be strictly deep-equal:
        + actual - expected
        ... Skipped lines
        
          {
            activity: [
              {
                actor: {
                  role: 'ADMIN'
        ...
                image: null,
        -       isFemale: false,
                isOverseas: false,
                name: 'Test ar1',
                nationality: null,
                recentPerformance: [],
                role: 'ALL_ROUNDER',
        ...
                image: null,
        -       isFemale: false,
                isOverseas: false,
                name: 'Test bat1',
                nationality: null,
                recentPerformance: [],
                role: 'BATTER',
        ...
                image: null,
        -       isFemale: false,
                isOverseas: false,
                name: 'Test bat2',
                nationality: null,
                recentPerformance: [],
                role: 'BATTER',
        ...
                image: null,
        -       isFemale: false,
                isOverseas: false,
                name: 'Test bat3',
                nationality: null,
                recentPerformance: [],
                role: 'BATTER',
        ...
                image: null,
        -       isFemale: false,
                isOverseas: false,
                name: 'Test bowl1',
                nationality: null,
                recentPerformance: [],
                role: 'BOWLER',
        ...
                image: null,
        -       isFemale: false,
                isOverseas: true,
                name: 'Test bowl2',
                nationality: null,
                recentPerformance: [],
                role: 'BOWLER',
        ...
                image: null,
        -       isFemale: false,
                isOverseas: true,
                name: 'Test os1',
                nationality: null,
                recentPerformance: [],
                role: 'BATTER',
        ...
                image: null,
        -       isFemale: false,
                isOverseas: true,
                name: 'Test os2',
                nationality: null,
                recentPerformance: [],
                role: 'BOWLER',
        ...
                image: null,
        -       isFemale: false,
                isOverseas: false,
                name: 'Test wk1',
                nationality: null,
                recentPerformance: [],
                role: 'WICKETKEEPER',
        ...
                image: null,
        -       isFemale: false,
                isOverseas: false,
                name: 'Test wk2',
                nationality: null,
                recentPerformance: [],
                role: 'WICKETKEEPER',
        
      code: 'ERR_ASSERTION'
      name: 'AssertionError'
      expected:
        schemaVersion: 2
        auctionId: 'test-auction'
        name: 'Auction'
        createdAt: 1
        version: 16
        status: 'PAUSED'
        config:
          initialPurse: 1000
          squad:
            min: 0
            max: 4
          maxOverseas: 1
          minFemale: 2
          roleLimits:
            BATTER:
              min: 0
              max: 2
            BOWLER:
              min: 0
              max: 2
            ALL_ROUNDER:
              min: 0
              max: 2
            WICKETKEEPER:
              min: 0
              max: 1
          minimumReserve:
            enabled: false
            perSlot: 20
          allowUnsoldRelist: true
          undoDepth: 20
        teams:
          t1:
            id: 't1'
            name: 'Test Team One'
            shortName: 'TES'
            logo: ~
          t2:
            id: 't2'
            name: 'Test Team Two'
            shortName: 'TES'
            logo: ~
          t3:
            id: 't3'
            name: 'Test Team Three'
            shortName: 'TES'
            logo: ~
        teamOrder:
          0: 't1'
          1: 't2'
          2: 't3'
        players:
          bat1:
            id: 'bat1'
            name: 'Test bat1'
            role: 'BATTER'
            isOverseas: false
            isFemale: false
            basePrice: 20
            nationality: ~
            battingStyle: ~
            bowlingStyle: ~
            image: ~
            stats: ~
            recentPerformance:
            dataSource: 'FICTIONAL'
            status: 'AVAILABLE'
            soldTo: ~
            soldPrice: ~
          bat2:
            id: 'bat2'
            name: 'Test bat2'
            role: 'BATTER'
            isOverseas: false
            isFemale: false
            basePrice: 50
            nationality: ~
            battingStyle: ~
            bowlingStyle: ~
            image: ~
            stats: ~
            recentPerformance:
            dataSource: 'FICTIONAL'
            status: 'SOLD'
            soldTo: 't3'
            soldPrice: 90
          bat3:
            id: 'bat3'
            name: 'Test bat3'
            role: 'BATTER'
            isOverseas: false
            isFemale: false
            basePrice: 100
            nationality: ~
            battingStyle: ~
            bowlingStyle: ~
            image: ~
            stats: ~
            recentPerformance:
            dataSource: 'FICTIONAL'
            status: 'WITHDRAWN'
            soldTo: ~
            soldPrice: ~
          bowl1:
            id: 'bowl1'
            name: 'Test bowl1'
            role: 'BOWLER'
            isOverseas: false
            isFemale: false
            basePrice: 20
            nationality: ~
            battingStyle: ~
            bowlingStyle: ~
            image: ~
            stats: ~
            recentPerformance:
            dataSource: 'FICTIONAL'
            status: 'UNSOLD'
            soldTo: ~
            soldPrice: ~
          bowl2:
            id: 'bowl2'
            name: 'Test bowl2'
            role: 'BOWLER'
            isOverseas: true
            isFemale: false
            basePrice: 75
            nationality: ~
            battingStyle: ~
            bowlingStyle: ~
            image: ~
            stats: ~
            recentPerformance:
            dataSource: 'FICTIONAL'
            status: 'AVAILABLE'
            soldTo: ~
            soldPrice: ~
          ar1:
            id: 'ar1'
            name: 'Test ar1'
            role: 'ALL_ROUNDER'
            isOverseas: false
            isFemale: false
            basePrice: 200
            nationality: ~
            battingStyle: ~
            bowlingStyle: ~
            image: ~
            stats: ~
            recentPerformance:
            dataSource: 'FICTIONAL'
            status: 'AVAILABLE'
            soldTo: ~
            soldPrice: ~
          wk1:
            id: 'wk1'
            name: 'Test wk1'
            role: 'WICKETKEEPER'
            isOverseas: false
            isFemale: false
            basePrice: 20
            nationality: ~
            battingStyle: ~
            bowlingStyle: ~
            image: ~
            stats: ~
            recentPerformance:
            dataSource: 'FICTIONAL'
            status: 'SOLD'
            soldTo: 't2'
            soldPrice: 30
          wk2:
            id: 'wk2'
            name: 'Test wk2'
            role: 'WICKETKEEPER'
            isOverseas: false
            isFemale: false
            basePrice: 30
            nationality: ~
            battingStyle: ~
            bowlingStyle: ~
            image: ~
            stats: ~
            recentPerformance:
            dataSource: 'FICTIONAL'
            status: 'AVAILABLE'
            soldTo: ~
            soldPrice: ~
          os1:
            id: 'os1'
            name: 'Test os1'
            role: 'BATTER'
            isOverseas: true
            isFemale: false
            basePrice: 20
            nationality: ~
            battingStyle: ~
            bowlingStyle: ~
            image: ~
            stats: ~
            recentPerformance:
            dataSource: 'FICTIONAL'
            status: 'ON_BLOCK'
            soldTo: ~
            soldPrice: ~
          os2:
            id: 'os2'
            name: 'Test os2'
            role: 'BOWLER'
            isOverseas: true
            isFemale: false
            basePrice: 20
            nationality: ~
            battingStyle: ~
            bowlingStyle: ~
            image: ~
            stats: ~
            recentPerformance:
            dataSource: 'FICTIONAL'
            status: 'AVAILABLE'
            soldTo: ~
            soldPrice: ~
        playerOrder:
          0: 'os2'
          1: 'os1'
          2: 'wk2'
          3: 'wk1'
          4: 'ar1'
          5: 'bowl2'
          6: 'bowl1'
          7: 'bat3'
          8: 'bat2'
          9: 'bat1'
        lot:
          id: 'lot-6'
          playerId: 'os1'
          openedAt: 1000
          currentBid: ~
          currentBidTeamId: ~
        purchases:
          0:
            id: 'purchase-2'
            seq: 2
            lotId: 'lot-2'
            playerId: 'wk1'
            teamId: 't2'
            price: 30
            at: 1000
          1:
            id: 'purchase-3'
            seq: 3
            lotId: 'lot-4'
            playerId: 'bat2'
            teamId: 't3'
            price: 90
            at: 1000
        activity:
          0:
            seq: 1
            type: 'START_AUCTION'
            at: 1000
            actor:
              role: 'ADMIN'
            message: 'Auction started.'
          1:
            seq: 2
            type: 'REORDER_PLAYERS'
            at: 1000
            actor:
              role: 'ADMIN'
            message: 'Player sequence updated.'
          2:
            seq: 3
            type: 'OPEN_LOT'
            at: 1000
            actor:
              role: 'ADMIN'
            playerId: 'bat2'
            amount: 50
            message: 'Test bat2 is up for bidding at base price Γé╣50 L.'
          3:
            seq: 4
            type: 'SELL_PLAYER'
            at: 1000
            actor:
              role: 'ADMIN'
            playerId: 'bat2'
            teamId: 't1'
            amount: 80
            message: 'SOLD: Test bat2 to Test Team One for Γé╣80 L.'
          4:
            seq: 5
            type: 'OPEN_LOT'
            at: 1000
            actor:
              role: 'ADMIN'
            playerId: 'wk1'
            amount: 20
            message: 'Test wk1 is up for bidding at base price Γé╣20 L.'
          5:
            seq: 6
            type: 'SELL_PLAYER'
            at: 1000
            actor:
              role: 'ADMIN'
            playerId: 'wk1'
            teamId: 't2'
            amount: 30
            message: 'SOLD: Test wk1 to Test Team Two for Γé╣30 L.'
          6:
            seq: 7
            type: 'OPEN_LOT'
            at: 1000
            actor:
              role: 'ADMIN'
            playerId: 'bowl1'
            amount: 20
            message: 'Test bowl1 is up for bidding at base price Γé╣20 L.'
          7:
            seq: 8
            type: 'MARK_UNSOLD'
            at: 1000
            actor:
              role: 'ADMIN'
            playerId: 'bowl1'
            message: 'UNSOLD: Test bowl1.'
          8:
            seq: 9
            type: 'WITHDRAW_PLAYER'
            at: 1000
            actor:
              role: 'ADMIN'
            playerId: 'bat3'
            message: 'Test bat3 withdrawn from the auction.'
          9:
            seq: 10
            type: 'CANCEL_SALE'
            at: 1000
            actor:
              role: 'ADMIN'
            playerId: 'bat2'
            teamId: 't1'
            amount: 80
            message: 'SALE CANCELLED: Test bat2 returned to the pool; Γé╣80 L refunded to Test Team One. Undo history cleared.'
          10:
            seq: 11
            type: 'OPEN_LOT'
            at: 1000
            actor:
              role: 'ADMIN'
            playerId: 'bat2'
            amount: 50
            message: 'Test bat2 is up for bidding at base price Γé╣50 L.'
          11:
            seq: 12
            type: 'SELL_PLAYER'
            at: 1000
            actor:
              role: 'ADMIN'
            playerId: 'bat2'
            teamId: 't3'
            amount: 90
            message: 'SOLD: Test bat2 to Test Team Three for Γé╣90 L.'
          12:
            seq: 13
            type: 'OPEN_LOT'
            at: 1000
            actor:
              role: 'ADMIN'
            playerId: 'ar1'
            amount: 200
            message: 'Test ar1 is up for bidding at base price Γé╣2 Cr.'
          13:
            seq: 14
            type: 'UNDO'
            at: 1000
            actor:
              role: 'ADMIN'
            undoneSeq: 13
            message: 'UNDO: Test ar1 is up for bidding at base price Γé╣2 Cr.'
          14:
            seq: 15
            type: 'OPEN_LOT'
            at: 1000
            actor:
              role: 'ADMIN'
            playerId: 'os1'
            amount: 20
            message: 'Test os1 is up for bidding at base price Γé╣20 L.'
          15:
            seq: 16
            type: 'PAUSE_AUCTION'
            at: 1000
            actor:
              role: 'ADMIN'
            message: 'Auction paused.'
        undoStack:
          0:
            commandType: 'OPEN_LOT'
            activitySeq: 11
            description: 'Test bat2 is up for bidding at base price Γé╣50 L.'
            lot: ~
            purchasesLength: 1
            players:
              bat2:
                status: 'AVAILABLE'
                soldTo: ~
                soldPrice: ~
          1:
            commandType: 'SELL_PLAYER'
            activitySeq: 12
            description: 'SOLD: Test bat2 to Test Team Three for Γé╣90 L.'
            lot:
              id: 'lot-4'
              playerId: 'bat2'
              openedAt: 1000
              currentBid: ~
              currentBidTeamId: ~
            purchasesLength: 1
            players:
              bat2:
                status: 'ON_BLOCK'
                soldTo: ~
                soldPrice: ~
          2:
            commandType: 'OPEN_LOT'
            activitySeq: 15
            description: 'Test os1 is up for bidding at base price Γé╣20 L.'
            lot: ~
            purchasesLength: 2
            players:
              os1:
                status: 'AVAILABLE'
                soldTo: ~
                soldPrice: ~
        counters:
          activity: 16
          purchase: 3
          lot: 6
      actual:
        schemaVersion: 2
        auctionId: 'test-auction'
        name: 'Auction'
        createdAt: 1
        version: 16
        status: 'PAUSED'
        config:
          initialPurse: 1000
          squad:
            min: 0
            max: 4
          maxOverseas: 1
          minFemale: 2
          roleLimits:
            BATTER:
              min: 0
              max: 2
            BOWLER:
              min: 0
              max: 2
            ALL_ROUNDER:
              min: 0
              max: 2
            WICKETKEEPER:
              min: 0
              max: 1
          minimumReserve:
            enabled: false
            perSlot: 20
          allowUnsoldRelist: true
          undoDepth: 20
        teams:
          t1:
            id: 't1'
            name: 'Test Team One'
            shortName: 'TES'
            logo: ~
          t2:
            id: 't2'
            name: 'Test Team Two'
            shortName: 'TES'
            logo: ~
          t3:
            id: 't3'
            name: 'Test Team Three'
            shortName: 'TES'
            logo: ~
        teamOrder:
          0: 't1'
          1: 't2'
          2: 't3'
        players:
          os2:
            id: 'os2'
            name: 'Test os2'
            role: 'BOWLER'
            isOverseas: true
            basePrice: 20
            nationality: ~
            battingStyle: ~
            bowlingStyle: ~
            image: ~
            stats: ~
            recentPerformance:
            dataSource: 'FICTIONAL'
            status: 'AVAILABLE'
            soldTo: ~
            soldPrice: ~
          os1:
            id: 'os1'
            name: 'Test os1'
            role: 'BATTER'
            isOverseas: true
            basePrice: 20
            nationality: ~
            battingStyle: ~
            bowlingStyle: ~
            image: ~
            stats: ~
            recentPerformance:
            dataSource: 'FICTIONAL'
            status: 'ON_BLOCK'
            soldTo: ~
            soldPrice: ~
          wk2:
            id: 'wk2'
            name: 'Test wk2'
            role: 'WICKETKEEPER'
            isOverseas: false
            basePrice: 30
            nationality: ~
            battingStyle: ~
            bowlingStyle: ~
            image: ~
            stats: ~
            recentPerformance:
            dataSource: 'FICTIONAL'
            status: 'AVAILABLE'
            soldTo: ~
            soldPrice: ~
          wk1:
            id: 'wk1'
            name: 'Test wk1'
            role: 'WICKETKEEPER'
            isOverseas: false
            basePrice: 20
            nationality: ~
            battingStyle: ~
            bowlingStyle: ~
            image: ~
            stats: ~
            recentPerformance:
            dataSource: 'FICTIONAL'
            status: 'SOLD'
            soldTo: 't2'
            soldPrice: 30
          ar1:
            id: 'ar1'
            name: 'Test ar1'
            role: 'ALL_ROUNDER'
            isOverseas: false
            basePrice: 200
            nationality: ~
            battingStyle: ~
            bowlingStyle: ~
            image: ~
            stats: ~
            recentPerformance:
            dataSource: 'FICTIONAL'
            status: 'AVAILABLE'
            soldTo: ~
            soldPrice: ~
          bowl2:
            id: 'bowl2'
            name: 'Test bowl2'
            role: 'BOWLER'
            isOverseas: true
            basePrice: 75
            nationality: ~
            battingStyle: ~
            bowlingStyle: ~
            image: ~
            stats: ~
            recentPerformance:
            dataSource: 'FICTIONAL'
            status: 'AVAILABLE'
            soldTo: ~
            soldPrice: ~
          bowl1:
            id: 'bowl1'
            name: 'Test bowl1'
            role: 'BOWLER'
            isOverseas: false
            basePrice: 20
            nationality: ~
            battingStyle: ~
            bowlingStyle: ~
            image: ~
            stats: ~
            recentPerformance:
            dataSource: 'FICTIONAL'
            status: 'UNSOLD'
            soldTo: ~
            soldPrice: ~
          bat3:
            id: 'bat3'
            name: 'Test bat3'
            role: 'BATTER'
            isOverseas: false
            basePrice: 100
            nationality: ~
            battingStyle: ~
            bowlingStyle: ~
            image: ~
            stats: ~
            recentPerformance:
            dataSource: 'FICTIONAL'
            status: 'WITHDRAWN'
            soldTo: ~
            soldPrice: ~
          bat2:
            id: 'bat2'
            name: 'Test bat2'
            role: 'BATTER'
            isOverseas: false
            basePrice: 50
            nationality: ~
            battingStyle: ~
            bowlingStyle: ~
            image: ~
            stats: ~
            recentPerformance:
            dataSource: 'FICTIONAL'
            status: 'SOLD'
            soldTo: 't3'
            soldPrice: 90
          bat1:
            id: 'bat1'
            name: 'Test bat1'
            role: 'BATTER'
            isOverseas: false
            basePrice: 20
            nationality: ~
            battingStyle: ~
            bowlingStyle: ~
            image: ~
            stats: ~
            recentPerformance:
            dataSource: 'FICTIONAL'
            status: 'AVAILABLE'
            soldTo: ~
            soldPrice: ~
        playerOrder:
          0: 'os2'
          1: 'os1'
          2: 'wk2'
          3: 'wk1'
          4: 'ar1'
          5: 'bowl2'
          6: 'bowl1'
          7: 'bat3'
          8: 'bat2'
          9: 'bat1'
        lot:
          id: 'lot-6'
          playerId: 'os1'
          openedAt: 1000
          currentBid: ~
          currentBidTeamId: ~
        purchases:
          0:
            id: 'purchase-2'
            seq: 2
            lotId: 'lot-2'
            playerId: 'wk1'
            teamId: 't2'
            price: 30
            at: 1000
          1:
            id: 'purchase-3'
            seq: 3
            lotId: 'lot-4'
            playerId: 'bat2'
            teamId: 't3'
            price: 90
            at: 1000
        activity:
          0:
            seq: 1
            type: 'START_AUCTION'
            at: 1000
            actor:
              role: 'ADMIN'
            message: 'Auction started.'
          1:
            seq: 2
            type: 'REORDER_PLAYERS'
            at: 1000
            actor:
              role: 'ADMIN'
            message: 'Player sequence updated.'
          2:
            seq: 3
            type: 'OPEN_LOT'
            at: 1000
            actor:
              role: 'ADMIN'
            message: 'Test bat2 is up for bidding at base price Γé╣50 L.'
            playerId: 'bat2'
            amount: 50
          3:
            seq: 4
            type: 'SELL_PLAYER'
            at: 1000
            actor:
              role: 'ADMIN'
            message: 'SOLD: Test bat2 to Test Team One for Γé╣80 L.'
            playerId: 'bat2'
            teamId: 't1'
            amount: 80
          4:
            seq: 5
            type: 'OPEN_LOT'
            at: 1000
            actor:
              role: 'ADMIN'
            message: 'Test wk1 is up for bidding at base price Γé╣20 L.'
            playerId: 'wk1'
            amount: 20
          5:
            seq: 6
            type: 'SELL_PLAYER'
            at: 1000
            actor:
              role: 'ADMIN'
            message: 'SOLD: Test wk1 to Test Team Two for Γé╣30 L.'
            playerId: 'wk1'
            teamId: 't2'
            amount: 30
          6:
            seq: 7
            type: 'OPEN_LOT'
            at: 1000
            actor:
              role: 'ADMIN'
            message: 'Test bowl1 is up for bidding at base price Γé╣20 L.'
            playerId: 'bowl1'
            amount: 20
          7:
            seq: 8
            type: 'MARK_UNSOLD'
            at: 1000
            actor:
              role: 'ADMIN'
            message: 'UNSOLD: Test bowl1.'
            playerId: 'bowl1'
          8:
            seq: 9
            type: 'WITHDRAW_PLAYER'
            at: 1000
            actor:
              role: 'ADMIN'
            message: 'Test bat3 withdrawn from the auction.'
            playerId: 'bat3'
          9:
            seq: 10
            type: 'CANCEL_SALE'
            at: 1000
            actor:
              role: 'ADMIN'
            message: 'SALE CANCELLED: Test bat2 returned to the pool; Γé╣80 L refunded to Test Team One. Undo history cleared.'
            playerId: 'bat2'
            teamId: 't1'
            amount: 80
          10:
            seq: 11
            type: 'OPEN_LOT'
            at: 1000
            actor:
              role: 'ADMIN'
            message: 'Test bat2 is up for bidding at base price Γé╣50 L.'
            playerId: 'bat2'
            amount: 50
          11:
            seq: 12
            type: 'SELL_PLAYER'
            at: 1000
            actor:
              role: 'ADMIN'
            message: 'SOLD: Test bat2 to Test Team Three for Γé╣90 L.'
            playerId: 'bat2'
            teamId: 't3'
            amount: 90
          12:
            seq: 13
            type: 'OPEN_LOT'
            at: 1000
            actor:
              role: 'ADMIN'
            message: 'Test ar1 is up for bidding at base price Γé╣2 Cr.'
            playerId: 'ar1'
            amount: 200
          13:
            seq: 14
            type: 'UNDO'
            at: 1000
            actor:
              role: 'ADMIN'
            message: 'UNDO: Test ar1 is up for bidding at base price Γé╣2 Cr.'
            undoneSeq: 13
          14:
            seq: 15
            type: 'OPEN_LOT'
            at: 1000
            actor:
              role: 'ADMIN'
            message: 'Test os1 is up for bidding at base price Γé╣20 L.'
            playerId: 'os1'
            amount: 20
          15:
            seq: 16
            type: 'PAUSE_AUCTION'
            at: 1000
            actor:
              role: 'ADMIN'
            message: 'Auction paused.'
        undoStack:
          0:
            commandType: 'OPEN_LOT'
            activitySeq: 11
            description: 'Test bat2 is up for bidding at base price Γé╣50 L.'
            lot: ~
            purchasesLength: 1
            players:
              bat2:
                status: 'AVAILABLE'
                soldTo: ~
                soldPrice: ~
          1:
            commandType: 'SELL_PLAYER'
            activitySeq: 12
            description: 'SOLD: Test bat2 to Test Team Three for Γé╣90 L.'
            lot:
              id: 'lot-4'
              playerId: 'bat2'
              openedAt: 1000
              currentBid: ~
              currentBidTeamId: ~
            purchasesLength: 1
            players:
              bat2:
                status: 'ON_BLOCK'
                soldTo: ~
                soldPrice: ~
          2:
            commandType: 'OPEN_LOT'
            activitySeq: 15
            description: 'Test os1 is up for bidding at base price Γé╣20 L.'
            lot: ~
            purchasesLength: 2
            players:
              os1:
                status: 'AVAILABLE'
                soldTo: ~
                soldPrice: ~
        counters:
          activity: 16
          purchase: 3
          lot: 6
      operator: 'deepStrictEqual'
      stack: |-
        TestContext.<anonymous> (file:///C:/Users/Aaryan/Desktop/anirveda/src/lib/iplAuction/__tests__/appwriteMapper.test.js:77:12)
        Test.runInAsyncScope (node:async_hooks:214:14)
        Test.run (node:internal/test_runner/test:1047:25)
        Suite.processPendingSubtests (node:internal/test_runner/test:744:18)
        Test.postRun (node:internal/test_runner/test:1173:19)
        Test.run (node:internal/test_runner/test:1101:12)
        async Promise.all (index 0)
        async Suite.run (node:internal/test_runner/test:1442:7)
        async startSubtestAfterBootstrap (node:internal/test_runner/harness:296:3)
      ...
    # Subtest: restores the fictional mock auction (stats, recent form, nulls)
    not ok 3 - restores the fictional mock auction (stats, recent form, nulls)
      ---
      duration_ms: 12.4336
      type: 'test'
      location: 'C:\\Users\\Aaryan\\Desktop\\anirveda\\src\\lib\\iplAuction\\__tests__\\appwriteMapper.test.js:80:3'
      failureType: 'testCodeFailure'
      error: |-
        Expected values to be strictly deep-equal:
        + actual - expected
        ... Skipped lines
        
          {
            activity: [],
            auctionId: 'local-auction-q9stg9h8vh4acwpb',
            config: {
              allowUnsoldRelist: true,
        ...
                image: null,
        -       isFemale: false,
                isOverseas: false,
                name: 'Aarav Kesarwala',
                nationality: 'India',
                recentPerformance: [
                  '64 (41)',
        ...
                image: null,
        -       isFemale: false,
                isOverseas: true,
                name: 'Liam Castellow',
                nationality: 'Australia',
                recentPerformance: [
                  '45 (28)',
        ...
                image: null,
        -       isFemale: false,
                isOverseas: false,
                name: 'Ishaan Vadhera',
                nationality: 'India',
                recentPerformance: [
                  '67 (44)',
        ...
                image: null,
        -       isFemale: false,
                isOverseas: true,
                name: 'Theo Brankworth',
                nationality: 'England',
                recentPerformance: [
                  '33 (20)',
        ...
                image: null,
        -       isFemale: false,
                isOverseas: false,
                name: 'Reyansh Kothiwal',
                nationality: 'India',
                recentPerformance: [
                  '79 (55)',
        ...
                image: null,
        -       isFemale: false,
                isOverseas: true,
                name: 'Darnell Pryceworth',
                nationality: 'West Indies',
                recentPerformance: [
                  '94 (46)',
        ...
                image: null,
        -       isFemale: false,
                isOverseas: false,
                name: 'Kabir Solankar',
                nationality: 'India',
                recentPerformance: [
                  '41 (33)',
        ...
                image: null,
        -       isFemale: false,
                isOverseas: false,
                name: 'Vihaan Mirchandra',
                nationality: 'India',
                recentPerformance: [
                  '20 (18)',
        ...
                image: null,
        -       isFemale: false,
                isOverseas: false,
                name: 'Nikhil Barvadkar',
                nationality: 'India',
                recentPerformance: [
                  '2/24 (4)',
        ...
                image: null,
        -       isFemale: false,
                isOverseas: true,
                name: 'Jonah Ferreira-Blake',
                nationality: 'South Africa',
                recentPerformance: [
                  '3/28 (4)',
        ...
                image: null,
        -       isFemale: false,
                isOverseas: false,
                name: 'Harshil Maniyar',
                nationality: 'India',
                recentPerformance: [
                  '1/26 (4)',
        ...
                image: null,
        -       isFemale: false,
                isOverseas: true,
                name: 'Mateo Lindqvist',
                nationality: 'New Zealand',
                recentPerformance: [
                  '1/40 (4)',
        ...
                image: null,
        -       isFemale: false,
                isOverseas: false,
                name: 'Pranav Dhulekar',
                nationality: 'India',
                recentPerformance: [
                  '2/24 (4)',
        ...
                image: null,
        -       isFemale: false,
                isOverseas: true,
                name: 'Farid Nooranzai',
                nationality: 'Afghanistan',
                recentPerformance: [
                  '2/18 (4)',
        ...
                image: null,
        -       isFemale: false,
                isOverseas: false,
                name: 'Sameer Tolakia',
                nationality: 'India',
                recentPerformance: [
                  '1/28 (4)',
        ...
                image: null,
        -       isFemale: false,
                isOverseas: true,
                name: 'Owen Hartsfield',
                nationality: 'England',
                recentPerformance: [
                  '2/37 (4)',
        ...
                image: null,
        -       isFemale: false,
                isOverseas: false,
                name: 'Advait Rajgorwala',
                nationality: 'India',
                recentPerformance: [
                  '41 (25) & 1/22',
        ...
                image: null,
        -       isFemale: false,
                isOverseas: true,
                name: 'Callum Westerby',
                nationality: 'Australia',
                recentPerformance: [
                  '22 (11) & 2/36',
        ...
                image: null,
        -       isFemale: false,
                isOverseas: false,
                name: 'Yuvaan Bhimani',
                nationality: 'India',
                recentPerformance: [
                  '52 (31) & 0/18',
        ...
                image: null,
        -       isFemale: false,
                isOverseas: true,
                name: 'Kofi Mensah-Doyle',
                nationality: 'West Indies',
                recentPerformance: [
                  '31 (13) & 1/39',
        ...
                image: null,
        -       isFemale: false,
                isOverseas: false,
                name: 'Siddhant Parekhji',
                nationality: 'India',
                recentPerformance: [
                  '18 (15) & 1/24',
        ...
                image: null,
        -       isFemale: false,
                isOverseas: true,
                name: 'Ruwan Senadheeragoda',
                nationality: 'Sri Lanka',
                recentPerformance: [
                  '61 (40) & 1/30',
        ...
                image: null,
        -       isFemale: false,
                isOverseas: false,
                name: 'Om Trivedkar',
                nationality: 'India',
                recentPerformance: [
                  '29 (24) & 2/33'
        ...
                image: null,
        -       isFemale: false,
                isOverseas: false,
                name: 'Arjun Mehtaliya',
                nationality: 'India',
                recentPerformance: [
                  '73 (44)',
        ...
                image: null,
        -       isFemale: false,
                isOverseas: true,
                name: 'Ethan Wrayburn',
                nationality: 'England',
                recentPerformance: [
                  '97 (51)',
        ...
                image: null,
        -       isFemale: false,
                isOverseas: false,
                name: 'Tanmay Ghoshalkar',
                nationality: 'India',
                recentPerformance: [
                  '58 (42)',
        ...
                image: null,
        -       isFemale: false,
                isOverseas: true,
                name: 'Brandon Okafor-Leigh',
                nationality: 'South Africa',
                recentPerformance: [
                  '12 (10)',
        ...
                image: null,
        -       isFemale: false,
                isOverseas: false,
                name: 'Rudra Pandhare',
                nationality: 'India',
                recentPerformance: [
                  '36 (28)',
        ...
                image: null,
        -       isFemale: false,
                isOverseas: false,
                name: 'Devansh Kulkarnee',
                nationality: 'India',
                recentPerformance: [
                  '81 (57)',
        
      code: 'ERR_ASSERTION'
      name: 'AssertionError'
      expected:
        schemaVersion: 2
        auctionId: 'local-auction-q9stg9h8vh4acwpb'
        name: 'Local simulation (fictional data)'
        createdAt: 1234
        version: 0
        status: 'SETUP'
        config:
          initialPurse: 10000
          squad:
            min: 15
            max: 15
          maxOverseas: 5
          minFemale: 2
          roleLimits:
            BATTER:
              min: 4
              max: 15
            BOWLER:
              min: 4
              max: 15
            ALL_ROUNDER:
              min: 3
              max: 15
            WICKETKEEPER:
              min: 2
              max: 15
          minimumReserve:
            enabled: false
            perSlot: 20
          allowUnsoldRelist: true
          undoDepth: 50
        teams:
          mock-team-1:
            id: 'mock-team-1'
            name: 'Northern Falcons'
            shortName: 'NFA'
            logo: ~
          mock-team-2:
            id: 'mock-team-2'
            name: 'Coastal Titans'
            shortName: 'CTI'
            logo: ~
          mock-team-3:
            id: 'mock-team-3'
            name: 'Desert Hawks'
            shortName: 'DHA'
            logo: ~
          mock-team-4:
            id: 'mock-team-4'
            name: 'Metro Mavericks'
            shortName: 'MMA'
            logo: ~
          mock-team-5:
            id: 'mock-team-5'
            name: 'Eastern Eagles'
            shortName: 'EEA'
            logo: ~
          mock-team-6:
            id: 'mock-team-6'
            name: 'Western Wolves'
            shortName: 'WWO'
            logo: ~
          mock-team-7:
            id: 'mock-team-7'
            name: 'Southern Spartans'
            shortName: 'SSP'
            logo: ~
          mock-team-8:
            id: 'mock-team-8'
            name: 'Royal Rangers'
            shortName: 'RRA'
            logo: ~
          mock-team-9:
            id: 'mock-team-9'
            name: 'Apex Assassins'
            shortName: 'AAS'
            logo: ~
          mock-team-10:
            id: 'mock-team-10'
            name: 'Neon Knights'
            shortName: 'NKN'
            logo: ~
          mock-team-11:
            id: 'mock-team-11'
            name: 'Thunder Strikers'
            shortName: 'TST'
            logo: ~
          mock-team-12:
            id: 'mock-team-12'
            name: 'Crimson Kings'
            shortName: 'CKI'
            logo: ~
          mock-team-13:
            id: 'mock-team-13'
            name: 'Velvet Vipers'
            shortName: 'VVI'
            logo: ~
          mock-team-14:
            id: 'mock-team-14'
            name: 'Golden Griffins'
            shortName: 'GGR'
            logo: ~
          mock-team-15:
            id: 'mock-team-15'
            name: 'Shadow Panthers'
            shortName: 'SPA'
            logo: ~
        teamOrder:
          0: 'mock-team-1'
          1: 'mock-team-2'
          2: 'mock-team-3'
          3: 'mock-team-4'
          4: 'mock-team-5'
          5: 'mock-team-6'
          6: 'mock-team-7'
          7: 'mock-team-8'
          8: 'mock-team-9'
          9: 'mock-team-10'
          10: 'mock-team-11'
          11: 'mock-team-12'
          12: 'mock-team-13'
          13: 'mock-team-14'
          14: 'mock-team-15'
        players:
          mock-player-01:
            id: 'mock-player-01'
            name: 'Aarav Kesarwala'
            role: 'BATTER'
            isOverseas: false
            isFemale: false
            basePrice: 200
            nationality: 'India'
            battingStyle: 'Right-hand bat'
            bowlingStyle: ~
            image: ~
            stats:
              batting:
                matches: 88
                innings: 86
                runs: 2710
                average: 36.1
                strikeRate: 139.4
                fifties: 21
                hundreds: 2
                highestScore: '112*'
            recentPerformance:
              0: '64 (41)'
              1: '12 (10)'
              2: '88* (52)'
              3: '30 (22)'
              4: '5 (7)'
            dataSource: 'FICTIONAL'
            status: 'AVAILABLE'
            soldTo: ~
            soldPrice: ~
          mock-player-02:
            id: 'mock-player-02'
            name: 'Liam Castellow'
            role: 'BATTER'
            isOverseas: true
            isFemale: false
            basePrice: 150
            nationality: 'Australia'
            battingStyle: 'Left-hand bat'
            bowlingStyle: ~
            image: ~
            stats:
              batting:
                matches: 71
                innings: 70
                runs: 2204
                average: 33.4
                strikeRate: 147.8
                fifties: 17
                hundreds: 1
                highestScore: '104'
            recentPerformance:
              0: '45 (28)'
              1: '71 (39)'
              2: '2 (4)'
              3: '18 (11)'
              4: '56 (33)'
            dataSource: 'FICTIONAL'
            status: 'AVAILABLE'
            soldTo: ~
            soldPrice: ~
          mock-player-03:
            id: 'mock-player-03'
            name: 'Ishaan Vadhera'
            role: 'BATTER'
            isOverseas: false
            isFemale: false
            basePrice: 30
            nationality: 'India'
            battingStyle: 'Right-hand bat'
            bowlingStyle: ~
            image: ~
            stats:
              batting:
                matches: 14
                innings: 13
                runs: 322
                average: 26.8
                strikeRate: 131.2
                fifties: 2
                hundreds: 0
                highestScore: '67'
            recentPerformance:
              0: '67 (44)'
              1: '9 (8)'
              2: '21 (19)'
            dataSource: 'FICTIONAL'
            status: 'AVAILABLE'
            soldTo: ~
            soldPrice: ~
          mock-player-04:
            id: 'mock-player-04'
            name: 'Theo Brankworth'
            role: 'BATTER'
            isOverseas: true
            isFemale: false
            basePrice: 100
            nationality: 'England'
            battingStyle: 'Right-hand bat'
            bowlingStyle: ~
            image: ~
            stats:
              batting:
                matches: 96
                innings: 94
                runs: 2630
                average: 30.2
                strikeRate: 142.1
                fifties: 18
                hundreds: 1
                highestScore: '101*'
            recentPerformance:
              0: '33 (20)'
              1: '0 (1)'
              2: '59 (35)'
              3: '40 (27)'
              4: '14 (12)'
            dataSource: 'FICTIONAL'
            status: 'AVAILABLE'
            soldTo: ~
            soldPrice: ~
          mock-player-05:
            id: 'mock-player-05'
            name: 'Reyansh Kothiwal'
            role: 'BATTER'
            isOverseas: false
            isFemale: false
            basePrice: 50
            nationality: 'India'
            battingStyle: 'Left-hand bat'
            bowlingStyle: ~
            image: ~
            stats:
              batting:
                matches: 38
                innings: 36
                runs: 905
                average: 28.3
                strikeRate: 128.6
                fifties: 5
                hundreds: 0
                highestScore: '79'
            recentPerformance:
              0: '79 (55)'
              1: '26 (21)'
              2: '11 (9)'
              3: '44 (37)'
            dataSource: 'FICTIONAL'
            status: 'AVAILABLE'
            soldTo: ~
            soldPrice: ~
          mock-player-06:
            id: 'mock-player-06'
            name: 'Darnell Pryceworth'
            role: 'BATTER'
            isOverseas: true
            isFemale: false
            basePrice: 75
            nationality: 'West Indies'
            battingStyle: 'Left-hand bat'
            bowlingStyle: ~
            image: ~
            stats:
              batting:
                matches: 52
                innings: 51
                runs: 1318
                average: 27.5
                strikeRate: 158.3
                fifties: 9
                hundreds: 0
                highestScore: '94'
            recentPerformance:
              0: '94 (46)'
              1: '7 (5)'
              2: '38 (17)'
              3: '1 (3)'
              4: '50 (24)'
            dataSource: 'FICTIONAL'
            status: 'AVAILABLE'
            soldTo: ~
            soldPrice: ~
          mock-player-07:
            id: 'mock-player-07'
            name: 'Kabir Solankar'
            role: 'BATTER'
            isOverseas: false
            isFemale: false
            basePrice: 20
            nationality: 'India'
            battingStyle: 'Right-hand bat'
            bowlingStyle: ~
            image: ~
            stats:
              batting:
                matches: 6
                innings: 6
                runs: 118
                average: 19.7
                strikeRate: 124.2
                fifties: 0
                hundreds: 0
                highestScore: '41'
            recentPerformance:
              0: '41 (33)'
              1: '3 (6)'
              2: '18 (15)'
            dataSource: 'FICTIONAL'
            status: 'AVAILABLE'
            soldTo: ~
            soldPrice: ~
          mock-player-08:
            id: 'mock-player-08'
            name: 'Vihaan Mirchandra'
            role: 'BATTER'
            isOverseas: false
            isFemale: false
            basePrice: 75
            nationality: 'India'
            battingStyle: 'Right-hand bat'
            bowlingStyle: ~
            image: ~
            stats:
              batting:
                matches: 64
                innings: 61
                runs: 1602
                average: 29.1
                strikeRate: 133.7
                fifties: 10
                hundreds: 0
                highestScore: '88'
            recentPerformance:
              0: '20 (18)'
              1: '62 (40)'
              2: '35 (29)'
              3: '9 (11)'
            dataSource: 'FICTIONAL'
            status: 'AVAILABLE'
            soldTo: ~
            soldPrice: ~
          mock-player-09:
            id: 'mock-player-09'
            name: 'Nikhil Barvadkar'
            role: 'BOWLER'
            isOverseas: false
            isFemale: false
            basePrice: 150
            nationality: 'India'
            battingStyle: 'Right-hand bat'
            bowlingStyle: 'Right-arm fast'
            image: ~
            stats:
              bowling:
                matches: 80
                innings: 79
                wickets: 98
                economy: 7.9
                average: 22.4
                strikeRate: 17
                bestBowling: '4/18'
            recentPerformance:
              0: '2/24 (4)'
              1: '1/31 (4)'
              2: '3/19 (4)'
              3: '0/38 (4)'
              4: '2/27 (4)'
            dataSource: 'FICTIONAL'
            status: 'AVAILABLE'
            soldTo: ~
            soldPrice: ~
          mock-player-10:
            id: 'mock-player-10'
            name: 'Jonah Ferreira-Blake'
            role: 'BOWLER'
            isOverseas: true
            isFemale: false
            basePrice: 125
            nationality: 'South Africa'
            battingStyle: 'Right-hand bat'
            bowlingStyle: 'Right-arm fast'
            image: ~
            stats:
              bowling:
                matches: 47
                innings: 47
                wickets: 61
                economy: 8.3
                average: 20.9
                strikeRate: 15.1
                bestBowling: '5/22'
            recentPerformance:
              0: '3/28 (4)'
              1: '2/35 (4)'
              2: '1/22 (3)'
              3: '4/30 (4)'
            dataSource: 'FICTIONAL'
            status: 'AVAILABLE'
            soldTo: ~
            soldPrice: ~
          mock-player-11:
            id: 'mock-player-11'
            name: 'Harshil Maniyar'
            role: 'BOWLER'
            isOverseas: false
            isFemale: false
            basePrice: 50
            nationality: 'India'
            battingStyle: 'Right-hand bat'
            bowlingStyle: 'Leg-break'
            image: ~
            stats:
              bowling:
                matches: 29
                innings: 28
                wickets: 31
                economy: 7.6
                average: 24.3
                strikeRate: 19.2
                bestBowling: '3/17'
            recentPerformance:
              0: '1/26 (4)'
              1: '2/21 (4)'
              2: '0/33 (3)'
            dataSource: 'FICTIONAL'
            status: 'AVAILABLE'
            soldTo: ~
            soldPrice: ~
          mock-player-12:
            id: 'mock-player-12'
            name: 'Mateo Lindqvist'
            role: 'BOWLER'
            isOverseas: true
            isFemale: false
            basePrice: 75
            nationality: 'New Zealand'
            battingStyle: 'Left-hand bat'
            bowlingStyle: 'Left-arm medium-fast'
            image: ~
            stats:
              bowling:
                matches: 66
                innings: 65
                wickets: 72
                economy: 8.1
                average: 25.6
                strikeRate: 19
                bestBowling: '4/25'
            recentPerformance:
              0: '1/40 (4)'
              1: '2/29 (4)'
              2: '2/33 (4)'
              3: '0/25 (2)'
            dataSource: 'FICTIONAL'
            status: 'AVAILABLE'
            soldTo: ~
            soldPrice: ~
          mock-player-13:
            id: 'mock-player-13'
            name: 'Pranav Dhulekar'
            role: 'BOWLER'
            isOverseas: false
            isFemale: false
            basePrice: 20
            nationality: 'India'
            battingStyle: 'Right-hand bat'
            bowlingStyle: 'Right-arm medium'
            image: ~
            stats:
              bowling:
                matches: 8
                innings: 8
                wickets: 7
                economy: 8.8
                average: 30.1
                strikeRate: 20.6
                bestBowling: '2/24'
            recentPerformance:
              0: '2/24 (4)'
              1: '0/41 (4)'
            dataSource: 'FICTIONAL'
            status: 'AVAILABLE'
            soldTo: ~
            soldPrice: ~
          mock-player-14:
            id: 'mock-player-14'
            name: 'Farid Nooranzai'
            role: 'BOWLER'
            isOverseas: true
            isFemale: false
            basePrice: 100
            nationality: 'Afghanistan'
            battingStyle: 'Right-hand bat'
            bowlingStyle: 'Left-arm wrist-spin'
            image: ~
            stats:
              bowling:
                matches: 39
                innings: 39
                wickets: 52
                economy: 7.1
                average: 18.7
                strikeRate: 15.8
                bestBowling: '4/14'
            recentPerformance:
              0: '2/18 (4)'
              1: '3/21 (4)'
              2: '1/27 (4)'
              3: '2/16 (4)'
            dataSource: 'FICTIONAL'
            status: 'AVAILABLE'
            soldTo: ~
            soldPrice: ~
          mock-player-15:
            id: 'mock-player-15'
            name: 'Sameer Tolakia'
            role: 'BOWLER'
            isOverseas: false
            isFemale: false
            basePrice: 50
            nationality: 'India'
            battingStyle: 'Right-hand bat'
            bowlingStyle: 'Off-break'
            image: ~
            stats:
              bowling:
                matches: 91
                innings: 88
                wickets: 84
                economy: 7.4
                average: 27.9
                strikeRate: 22.6
                bestBowling: '3/12'
            recentPerformance:
              0: '1/28 (4)'
              1: '1/24 (4)'
              2: '0/30 (3)'
              3: '2/26 (4)'
            dataSource: 'FICTIONAL'
            status: 'AVAILABLE'
            soldTo: ~
            soldPrice: ~
          mock-player-16:
            id: 'mock-player-16'
            name: 'Owen Hartsfield'
            role: 'BOWLER'
            isOverseas: true
            isFemale: false
            basePrice: 50
            nationality: 'England'
            battingStyle: 'Right-hand bat'
            bowlingStyle: 'Right-arm fast-medium'
            image: ~
            stats:
              bowling:
                matches: 33
                innings: 33
                wickets: 37
                economy: 8.6
                average: 24.9
                strikeRate: 17.4
                bestBowling: '3/26'
            recentPerformance:
              0: '2/37 (4)'
              1: '0/29 (3)'
              2: '3/26 (4)'
            dataSource: 'FICTIONAL'
            status: 'AVAILABLE'
            soldTo: ~
            soldPrice: ~
          mock-player-17:
            id: 'mock-player-17'
            name: 'Advait Rajgorwala'
            role: 'ALL_ROUNDER'
            isOverseas: false
            isFemale: false
            basePrice: 200
            nationality: 'India'
            battingStyle: 'Left-hand bat'
            bowlingStyle: 'Slow left-arm orthodox'
            image: ~
            stats:
              batting:
                matches: 74
                innings: 60
                runs: 1310
                average: 28.5
                strikeRate: 141
                fifties: 6
                hundreds: 0
                highestScore: '83*'
              bowling:
                matches: 74
                innings: 70
                wickets: 58
                economy: 7.5
                average: 27.2
                strikeRate: 21.8
                bestBowling: '3/20'
            recentPerformance:
              0: '41 (25) & 1/22'
              1: '8 (6) & 2/19'
              2: '55* (30) & 0/31'
            dataSource: 'FICTIONAL'
            status: 'AVAILABLE'
            soldTo: ~
            soldPrice: ~
          mock-player-18:
            id: 'mock-player-18'
            name: 'Callum Westerby'
            role: 'ALL_ROUNDER'
            isOverseas: true
            isFemale: false
            basePrice: 150
            nationality: 'Australia'
            battingStyle: 'Right-hand bat'
            bowlingStyle: 'Right-arm fast-medium'
            image: ~
            stats:
              batting:
                matches: 81
                innings: 72
                runs: 1580
                average: 25.9
                strikeRate: 152.6
                fifties: 8
                hundreds: 0
                highestScore: '91'
              bowling:
                matches: 81
                innings: 75
                wickets: 69
                economy: 8.9
                average: 26.4
                strikeRate: 17.8
                bestBowling: '4/31'
            recentPerformance:
              0: '22 (11) & 2/36'
              1: '60 (29) & 0/41'
              2: '15 (9) & 3/28'
            dataSource: 'FICTIONAL'
            status: 'AVAILABLE'
            soldTo: ~
            soldPrice: ~
          mock-player-19:
            id: 'mock-player-19'
            name: 'Yuvaan Bhimani'
            role: 'ALL_ROUNDER'
            isOverseas: false
            isFemale: false
            basePrice: 30
            nationality: 'India'
            battingStyle: 'Right-hand bat'
            bowlingStyle: 'Right-arm medium'
            image: ~
            stats:
              batting:
                matches: 17
                innings: 14
                runs: 244
                average: 20.3
                strikeRate: 136.3
                fifties: 1
                hundreds: 0
                highestScore: '52'
              bowling:
                matches: 17
                innings: 15
                wickets: 12
                economy: 8.7
                average: 29.8
                strikeRate: 20.5
                bestBowling: '2/21'
            recentPerformance:
              0: '52 (31) & 0/18'
              1: '4 (5) & 2/21'
            dataSource: 'FICTIONAL'
            status: 'AVAILABLE'
            soldTo: ~
            soldPrice: ~
          mock-player-20:
            id: 'mock-player-20'
            name: 'Kofi Mensah-Doyle'
            role: 'ALL_ROUNDER'
            isOverseas: true
            isFemale: false
            basePrice: 100
            nationality: 'West Indies'
            battingStyle: 'Right-hand bat'
            bowlingStyle: 'Right-arm fast-medium'
            image: ~
            stats:
              batting:
                matches: 58
                innings: 50
                runs: 960
                average: 24
                strikeRate: 161.2
                fifties: 4
                hundreds: 0
                highestScore: '77'
              bowling:
                matches: 58
                innings: 54
                wickets: 49
                economy: 9.2
                average: 27.1
                strikeRate: 17.7
                bestBowling: '3/24'
            recentPerformance:
              0: '31 (13) & 1/39'
              1: '77 (35) & 2/30'
              2: '0 (2) & 1/44'
            dataSource: 'FICTIONAL'
            status: 'AVAILABLE'
            soldTo: ~
            soldPrice: ~
          mock-player-21:
            id: 'mock-player-21'
            name: 'Siddhant Parekhji'
            role: 'ALL_ROUNDER'
            isOverseas: false
            isFemale: false
            basePrice: 75
            nationality: 'India'
            battingStyle: 'Right-hand bat'
            bowlingStyle: 'Off-break'
            image: ~
            stats:
              batting:
                matches: 90
                innings: 70
                runs: 1245
                average: 23.1
                strikeRate: 129.8
                fifties: 3
                hundreds: 0
                highestScore: '68'
              bowling:
                matches: 90
                innings: 82
                wickets: 63
                economy: 7.2
                average: 29.5
                strikeRate: 24.5
                bestBowling: '3/15'
            recentPerformance:
              0: '18 (15) & 1/24'
              1: '27 (21) & 2/22'
              2: '6 (8) & 0/28'
            dataSource: 'FICTIONAL'
            status: 'AVAILABLE'
            soldTo: ~
            soldPrice: ~
          mock-player-22:
            id: 'mock-player-22'
            name: 'Ruwan Senadheeragoda'
            role: 'ALL_ROUNDER'
            isOverseas: true
            isFemale: false
            basePrice: 50
            nationality: 'Sri Lanka'
            battingStyle: 'Left-hand bat'
            bowlingStyle: 'Leg-break'
            image: ~
            stats:
              batting:
                matches: 26
                innings: 21
                runs: 402
                average: 22.3
                strikeRate: 138.1
                fifties: 2
                hundreds: 0
                highestScore: '61'
              bowling:
                matches: 26
                innings: 25
                wickets: 24
                economy: 7.8
                average: 25.6
                strikeRate: 19.7
                bestBowling: '3/23'
            recentPerformance:
              0: '61 (40) & 1/30'
              1: '12 (9) & 3/23'
            dataSource: 'FICTIONAL'
            status: 'AVAILABLE'
            soldTo: ~
            soldPrice: ~
          mock-player-23:
            id: 'mock-player-23'
            name: 'Om Trivedkar'
            role: 'ALL_ROUNDER'
            isOverseas: false
            isFemale: false
            basePrice: 20
            nationality: 'India'
            battingStyle: 'Right-hand bat'
            bowlingStyle: 'Right-arm medium-fast'
            image: ~
            stats:
              batting:
                matches: 4
                innings: 3
                runs: 47
                average: 15.7
                strikeRate: 117.5
                fifties: 0
                hundreds: 0
                highestScore: '29'
              bowling:
                matches: 4
                innings: 4
                wickets: 3
                economy: 9.1
                average: 36
                strikeRate: 23.7
                bestBowling: '2/33'
            recentPerformance:
              0: '29 (24) & 2/33'
            dataSource: 'FICTIONAL'
            status: 'AVAILABLE'
            soldTo: ~
            soldPrice: ~
          mock-player-24:
            id: 'mock-player-24'
            name: 'Arjun Mehtaliya'
            role: 'WICKETKEEPER'
            isOverseas: false
            isFemale: false
            basePrice: 200
            nationality: 'India'
            battingStyle: 'Right-hand bat'
            bowlingStyle: ~
            image: ~
            stats:
              batting:
                matches: 85
                innings: 83
                runs: 2455
                average: 34.6
                strikeRate: 144.9
                fifties: 19
                hundreds: 1
                highestScore: '108'
              keeping:
                catches: 49
                stumpings: 14
            recentPerformance:
              0: '73 (44)'
              1: '19 (14)'
              2: '47 (30)'
              3: '2 (3)'
              4: '66* (38)'
            dataSource: 'FICTIONAL'
            status: 'AVAILABLE'
            soldTo: ~
            soldPrice: ~
          mock-player-25:
            id: 'mock-player-25'
            name: 'Ethan Wrayburn'
            role: 'WICKETKEEPER'
            isOverseas: true
            isFemale: false
            basePrice: 100
            nationality: 'England'
            battingStyle: 'Left-hand bat'
            bowlingStyle: ~
            image: ~
            stats:
              batting:
                matches: 55
                innings: 54
                runs: 1450
                average: 29
                strikeRate: 150.4
                fifties: 11
                hundreds: 0
                highestScore: '97'
              keeping:
                catches: 31
                stumpings: 7
            recentPerformance:
              0: '97 (51)'
              1: '14 (9)'
              2: '25 (16)'
              3: '38 (25)'
            dataSource: 'FICTIONAL'
            status: 'AVAILABLE'
            soldTo: ~
            soldPrice: ~
          mock-player-26:
            id: 'mock-player-26'
            name: 'Tanmay Ghoshalkar'
            role: 'WICKETKEEPER'
            isOverseas: false
            isFemale: false
            basePrice: 30
            nationality: 'India'
            battingStyle: 'Right-hand bat'
            bowlingStyle: ~
            image: ~
            stats:
              batting:
                matches: 19
                innings: 17
                runs: 356
                average: 22.3
                strikeRate: 129
                fifties: 1
                hundreds: 0
                highestScore: '58'
              keeping:
                catches: 12
                stumpings: 4
            recentPerformance:
              0: '58 (42)'
              1: '6 (9)'
              2: '21 (16)'
            dataSource: 'FICTIONAL'
            status: 'AVAILABLE'
            soldTo: ~
            soldPrice: ~
          mock-player-27:
            id: 'mock-player-27'
            name: 'Brandon Okafor-Leigh'
            role: 'WICKETKEEPER'
            isOverseas: true
            isFemale: false
            basePrice: 75
            nationality: 'South Africa'
            battingStyle: 'Right-hand bat'
            bowlingStyle: ~
            image: ~
            stats:
              batting:
                matches: 92
                innings: 90
                runs: 2380
                average: 29.4
                strikeRate: 137.2
                fifties: 15
                hundreds: 1
                highestScore: '100'
              keeping:
                catches: 57
                stumpings: 11
            recentPerformance:
              0: '12 (10)'
              1: '44 (29)'
              2: '31 (26)'
              3: '0 (2)'
            dataSource: 'FICTIONAL'
            status: 'AVAILABLE'
            soldTo: ~
            soldPrice: ~
          mock-player-28:
            id: 'mock-player-28'
            name: 'Rudra Pandhare'
            role: 'WICKETKEEPER'
            isOverseas: false
            isFemale: false
            basePrice: 20
            nationality: 'India'
            battingStyle: 'Left-hand bat'
            bowlingStyle: ~
            image: ~
            stats:
              batting:
                matches: 5
                innings: 5
                runs: 88
                average: 17.6
                strikeRate: 121.9
                fifties: 0
                hundreds: 0
                highestScore: '36'
              keeping:
                catches: 3
                stumpings: 1
            recentPerformance:
              0: '36 (28)'
              1: '10 (12)'
            dataSource: 'FICTIONAL'
            status: 'AVAILABLE'
            soldTo: ~
            soldPrice: ~
          mock-player-29:
            id: 'mock-player-29'
            name: 'Devansh Kulkarnee'
            role: 'WICKETKEEPER'
            isOverseas: false
            isFemale: false
            basePrice: 50
            nationality: 'India'
            battingStyle: 'Right-hand bat'
            bowlingStyle: ~
            image: ~
            stats:
              batting:
                matches: 47
                innings: 44
                runs: 1012
                average: 25.3
                strikeRate: 132.5
                fifties: 6
                hundreds: 0
                highestScore: '81'
              keeping:
                catches: 28
                stumpings: 9
            recentPerformance:
              0: '81 (57)'
              1: '15 (13)'
              2: '22 (20)'
            dataSource: 'FICTIONAL'
            status: 'AVAILABLE'
            soldTo: ~
            soldPrice: ~
        playerOrder:
          0: 'mock-player-01'
          1: 'mock-player-02'
          2: 'mock-player-03'
          3: 'mock-player-04'
          4: 'mock-player-05'
          5: 'mock-player-06'
          6: 'mock-player-07'
          7: 'mock-player-08'
          8: 'mock-player-09'
          9: 'mock-player-10'
          10: 'mock-player-11'
          11: 'mock-player-12'
          12: 'mock-player-13'
          13: 'mock-player-14'
          14: 'mock-player-15'
          15: 'mock-player-16'
          16: 'mock-player-17'
          17: 'mock-player-18'
          18: 'mock-player-19'
          19: 'mock-player-20'
          20: 'mock-player-21'
          21: 'mock-player-22'
          22: 'mock-player-23'
          23: 'mock-player-24'
          24: 'mock-player-25'
          25: 'mock-player-26'
          26: 'mock-player-27'
          27: 'mock-player-28'
          28: 'mock-player-29'
        lot: ~
        purchases:
        activity:
        undoStack:
        counters:
          activity: 0
          purchase: 0
          lot: 0
      actual:
        schemaVersion: 2
        auctionId: 'local-auction-q9stg9h8vh4acwpb'
        name: 'Local simulation (fictional data)'
        createdAt: 1234
        version: 0
        status: 'SETUP'
        config:
          initialPurse: 10000
          squad:
            min: 15
            max: 15
          maxOverseas: 5
          minFemale: 2
          roleLimits:
            BATTER:
              min: 4
              max: 15
            BOWLER:
              min: 4
              max: 15
            ALL_ROUNDER:
              min: 3
              max: 15
            WICKETKEEPER:
              min: 2
              max: 15
          minimumReserve:
            enabled: false
            perSlot: 20
          allowUnsoldRelist: true
          undoDepth: 50
        teams:
          mock-team-1:
            id: 'mock-team-1'
            name: 'Northern Falcons'
            shortName: 'NFA'
            logo: ~
          mock-team-2:
            id: 'mock-team-2'
            name: 'Coastal Titans'
            shortName: 'CTI'
            logo: ~
          mock-team-3:
            id: 'mock-team-3'
            name: 'Desert Hawks'
            shortName: 'DHA'
            logo: ~
          mock-team-4:
            id: 'mock-team-4'
            name: 'Metro Mavericks'
            shortName: 'MMA'
            logo: ~
          mock-team-5:
            id: 'mock-team-5'
            name: 'Eastern Eagles'
            shortName: 'EEA'
            logo: ~
          mock-team-6:
            id: 'mock-team-6'
            name: 'Western Wolves'
            shortName: 'WWO'
            logo: ~
          mock-team-7:
            id: 'mock-team-7'
            name: 'Southern Spartans'
            shortName: 'SSP'
            logo: ~
          mock-team-8:
            id: 'mock-team-8'
            name: 'Royal Rangers'
            shortName: 'RRA'
            logo: ~
          mock-team-9:
            id: 'mock-team-9'
            name: 'Apex Assassins'
            shortName: 'AAS'
            logo: ~
          mock-team-10:
            id: 'mock-team-10'
            name: 'Neon Knights'
            shortName: 'NKN'
            logo: ~
          mock-team-11:
            id: 'mock-team-11'
            name: 'Thunder Strikers'
            shortName: 'TST'
            logo: ~
          mock-team-12:
            id: 'mock-team-12'
            name: 'Crimson Kings'
            shortName: 'CKI'
            logo: ~
          mock-team-13:
            id: 'mock-team-13'
            name: 'Velvet Vipers'
            shortName: 'VVI'
            logo: ~
          mock-team-14:
            id: 'mock-team-14'
            name: 'Golden Griffins'
            shortName: 'GGR'
            logo: ~
          mock-team-15:
            id: 'mock-team-15'
            name: 'Shadow Panthers'
            shortName: 'SPA'
            logo: ~
        teamOrder:
          0: 'mock-team-1'
          1: 'mock-team-2'
          2: 'mock-team-3'
          3: 'mock-team-4'
          4: 'mock-team-5'
          5: 'mock-team-6'
          6: 'mock-team-7'
          7: 'mock-team-8'
          8: 'mock-team-9'
          9: 'mock-team-10'
          10: 'mock-team-11'
          11: 'mock-team-12'
          12: 'mock-team-13'
          13: 'mock-team-14'
          14: 'mock-team-15'
        players:
          mock-player-01:
            id: 'mock-player-01'
            name: 'Aarav Kesarwala'
            role: 'BATTER'
            isOverseas: false
            basePrice: 200
            nationality: 'India'
            battingStyle: 'Right-hand bat'
            bowlingStyle: ~
            image: ~
            stats:
              batting:
                matches: 88
                innings: 86
                runs: 2710
                average: 36.1
                strikeRate: 139.4
                fifties: 21
                hundreds: 2
                highestScore: '112*'
            recentPerformance:
              0: '64 (41)'
              1: '12 (10)'
              2: '88* (52)'
              3: '30 (22)'
              4: '5 (7)'
            dataSource: 'FICTIONAL'
            status: 'AVAILABLE'
            soldTo: ~
            soldPrice: ~
          mock-player-02:
            id: 'mock-player-02'
            name: 'Liam Castellow'
            role: 'BATTER'
            isOverseas: true
            basePrice: 150
            nationality: 'Australia'
            battingStyle: 'Left-hand bat'
            bowlingStyle: ~
            image: ~
            stats:
              batting:
                matches: 71
                innings: 70
                runs: 2204
                average: 33.4
                strikeRate: 147.8
                fifties: 17
                hundreds: 1
                highestScore: '104'
            recentPerformance:
              0: '45 (28)'
              1: '71 (39)'
              2: '2 (4)'
              3: '18 (11)'
              4: '56 (33)'
            dataSource: 'FICTIONAL'
            status: 'AVAILABLE'
            soldTo: ~
            soldPrice: ~
          mock-player-03:
            id: 'mock-player-03'
            name: 'Ishaan Vadhera'
            role: 'BATTER'
            isOverseas: false
            basePrice: 30
            nationality: 'India'
            battingStyle: 'Right-hand bat'
            bowlingStyle: ~
            image: ~
            stats:
              batting:
                matches: 14
                innings: 13
                runs: 322
                average: 26.8
                strikeRate: 131.2
                fifties: 2
                hundreds: 0
                highestScore: '67'
            recentPerformance:
              0: '67 (44)'
              1: '9 (8)'
              2: '21 (19)'
            dataSource: 'FICTIONAL'
            status: 'AVAILABLE'
            soldTo: ~
            soldPrice: ~
          mock-player-04:
            id: 'mock-player-04'
            name: 'Theo Brankworth'
            role: 'BATTER'
            isOverseas: true
            basePrice: 100
            nationality: 'England'
            battingStyle: 'Right-hand bat'
            bowlingStyle: ~
            image: ~
            stats:
              batting:
                matches: 96
                innings: 94
                runs: 2630
                average: 30.2
                strikeRate: 142.1
                fifties: 18
                hundreds: 1
                highestScore: '101*'
            recentPerformance:
              0: '33 (20)'
              1: '0 (1)'
              2: '59 (35)'
              3: '40 (27)'
              4: '14 (12)'
            dataSource: 'FICTIONAL'
            status: 'AVAILABLE'
            soldTo: ~
            soldPrice: ~
          mock-player-05:
            id: 'mock-player-05'
            name: 'Reyansh Kothiwal'
            role: 'BATTER'
            isOverseas: false
            basePrice: 50
            nationality: 'India'
            battingStyle: 'Left-hand bat'
            bowlingStyle: ~
            image: ~
            stats:
              batting:
                matches: 38
                innings: 36
                runs: 905
                average: 28.3
                strikeRate: 128.6
                fifties: 5
                hundreds: 0
                highestScore: '79'
            recentPerformance:
              0: '79 (55)'
              1: '26 (21)'
              2: '11 (9)'
              3: '44 (37)'
            dataSource: 'FICTIONAL'
            status: 'AVAILABLE'
            soldTo: ~
            soldPrice: ~
          mock-player-06:
            id: 'mock-player-06'
            name: 'Darnell Pryceworth'
            role: 'BATTER'
            isOverseas: true
            basePrice: 75
            nationality: 'West Indies'
            battingStyle: 'Left-hand bat'
            bowlingStyle: ~
            image: ~
            stats:
              batting:
                matches: 52
                innings: 51
                runs: 1318
                average: 27.5
                strikeRate: 158.3
                fifties: 9
                hundreds: 0
                highestScore: '94'
            recentPerformance:
              0: '94 (46)'
              1: '7 (5)'
              2: '38 (17)'
              3: '1 (3)'
              4: '50 (24)'
            dataSource: 'FICTIONAL'
            status: 'AVAILABLE'
            soldTo: ~
            soldPrice: ~
          mock-player-07:
            id: 'mock-player-07'
            name: 'Kabir Solankar'
            role: 'BATTER'
            isOverseas: false
            basePrice: 20
            nationality: 'India'
            battingStyle: 'Right-hand bat'
            bowlingStyle: ~
            image: ~
            stats:
              batting:
                matches: 6
                innings: 6
                runs: 118
                average: 19.7
                strikeRate: 124.2
                fifties: 0
                hundreds: 0
                highestScore: '41'
            recentPerformance:
              0: '41 (33)'
              1: '3 (6)'
              2: '18 (15)'
            dataSource: 'FICTIONAL'
            status: 'AVAILABLE'
            soldTo: ~
            soldPrice: ~
          mock-player-08:
            id: 'mock-player-08'
            name: 'Vihaan Mirchandra'
            role: 'BATTER'
            isOverseas: false
            basePrice: 75
            nationality: 'India'
            battingStyle: 'Right-hand bat'
            bowlingStyle: ~
            image: ~
            stats:
              batting:
                matches: 64
                innings: 61
                runs: 1602
                average: 29.1
                strikeRate: 133.7
                fifties: 10
                hundreds: 0
                highestScore: '88'
            recentPerformance:
              0: '20 (18)'
              1: '62 (40)'
              2: '35 (29)'
              3: '9 (11)'
            dataSource: 'FICTIONAL'
            status: 'AVAILABLE'
            soldTo: ~
            soldPrice: ~
          mock-player-09:
            id: 'mock-player-09'
            name: 'Nikhil Barvadkar'
            role: 'BOWLER'
            isOverseas: false
            basePrice: 150
            nationality: 'India'
            battingStyle: 'Right-hand bat'
            bowlingStyle: 'Right-arm fast'
            image: ~
            stats:
              bowling:
                matches: 80
                innings: 79
                wickets: 98
                economy: 7.9
                average: 22.4
                strikeRate: 17
                bestBowling: '4/18'
            recentPerformance:
              0: '2/24 (4)'
              1: '1/31 (4)'
              2: '3/19 (4)'
              3: '0/38 (4)'
              4: '2/27 (4)'
            dataSource: 'FICTIONAL'
            status: 'AVAILABLE'
            soldTo: ~
            soldPrice: ~
          mock-player-10:
            id: 'mock-player-10'
            name: 'Jonah Ferreira-Blake'
            role: 'BOWLER'
            isOverseas: true
            basePrice: 125
            nationality: 'South Africa'
            battingStyle: 'Right-hand bat'
            bowlingStyle: 'Right-arm fast'
            image: ~
            stats:
              bowling:
                matches: 47
                innings: 47
                wickets: 61
                economy: 8.3
                average: 20.9
                strikeRate: 15.1
                bestBowling: '5/22'
            recentPerformance:
              0: '3/28 (4)'
              1: '2/35 (4)'
              2: '1/22 (3)'
              3: '4/30 (4)'
            dataSource: 'FICTIONAL'
            status: 'AVAILABLE'
            soldTo: ~
            soldPrice: ~
          mock-player-11:
            id: 'mock-player-11'
            name: 'Harshil Maniyar'
            role: 'BOWLER'
            isOverseas: false
            basePrice: 50
            nationality: 'India'
            battingStyle: 'Right-hand bat'
            bowlingStyle: 'Leg-break'
            image: ~
            stats:
              bowling:
                matches: 29
                innings: 28
                wickets: 31
                economy: 7.6
                average: 24.3
                strikeRate: 19.2
                bestBowling: '3/17'
            recentPerformance:
              0: '1/26 (4)'
              1: '2/21 (4)'
              2: '0/33 (3)'
            dataSource: 'FICTIONAL'
            status: 'AVAILABLE'
            soldTo: ~
            soldPrice: ~
          mock-player-12:
            id: 'mock-player-12'
            name: 'Mateo Lindqvist'
            role: 'BOWLER'
            isOverseas: true
            basePrice: 75
            nationality: 'New Zealand'
            battingStyle: 'Left-hand bat'
            bowlingStyle: 'Left-arm medium-fast'
            image: ~
            stats:
              bowling:
                matches: 66
                innings: 65
                wickets: 72
                economy: 8.1
                average: 25.6
                strikeRate: 19
                bestBowling: '4/25'
            recentPerformance:
              0: '1/40 (4)'
              1: '2/29 (4)'
              2: '2/33 (4)'
              3: '0/25 (2)'
            dataSource: 'FICTIONAL'
            status: 'AVAILABLE'
            soldTo: ~
            soldPrice: ~
          mock-player-13:
            id: 'mock-player-13'
            name: 'Pranav Dhulekar'
            role: 'BOWLER'
            isOverseas: false
            basePrice: 20
            nationality: 'India'
            battingStyle: 'Right-hand bat'
            bowlingStyle: 'Right-arm medium'
            image: ~
            stats:
              bowling:
                matches: 8
                innings: 8
                wickets: 7
                economy: 8.8
                average: 30.1
                strikeRate: 20.6
                bestBowling: '2/24'
            recentPerformance:
              0: '2/24 (4)'
              1: '0/41 (4)'
            dataSource: 'FICTIONAL'
            status: 'AVAILABLE'
            soldTo: ~
            soldPrice: ~
          mock-player-14:
            id: 'mock-player-14'
            name: 'Farid Nooranzai'
            role: 'BOWLER'
            isOverseas: true
            basePrice: 100
            nationality: 'Afghanistan'
            battingStyle: 'Right-hand bat'
            bowlingStyle: 'Left-arm wrist-spin'
            image: ~
            stats:
              bowling:
                matches: 39
                innings: 39
                wickets: 52
                economy: 7.1
                average: 18.7
                strikeRate: 15.8
                bestBowling: '4/14'
            recentPerformance:
              0: '2/18 (4)'
              1: '3/21 (4)'
              2: '1/27 (4)'
              3: '2/16 (4)'
            dataSource: 'FICTIONAL'
            status: 'AVAILABLE'
            soldTo: ~
            soldPrice: ~
          mock-player-15:
            id: 'mock-player-15'
            name: 'Sameer Tolakia'
            role: 'BOWLER'
            isOverseas: false
            basePrice: 50
            nationality: 'India'
            battingStyle: 'Right-hand bat'
            bowlingStyle: 'Off-break'
            image: ~
            stats:
              bowling:
                matches: 91
                innings: 88
                wickets: 84
                economy: 7.4
                average: 27.9
                strikeRate: 22.6
                bestBowling: '3/12'
            recentPerformance:
              0: '1/28 (4)'
              1: '1/24 (4)'
              2: '0/30 (3)'
              3: '2/26 (4)'
            dataSource: 'FICTIONAL'
            status: 'AVAILABLE'
            soldTo: ~
            soldPrice: ~
          mock-player-16:
            id: 'mock-player-16'
            name: 'Owen Hartsfield'
            role: 'BOWLER'
            isOverseas: true
            basePrice: 50
            nationality: 'England'
            battingStyle: 'Right-hand bat'
            bowlingStyle: 'Right-arm fast-medium'
            image: ~
            stats:
              bowling:
                matches: 33
                innings: 33
                wickets: 37
                economy: 8.6
                average: 24.9
                strikeRate: 17.4
                bestBowling: '3/26'
            recentPerformance:
              0: '2/37 (4)'
              1: '0/29 (3)'
              2: '3/26 (4)'
            dataSource: 'FICTIONAL'
            status: 'AVAILABLE'
            soldTo: ~
            soldPrice: ~
          mock-player-17:
            id: 'mock-player-17'
            name: 'Advait Rajgorwala'
            role: 'ALL_ROUNDER'
            isOverseas: false
            basePrice: 200
            nationality: 'India'
            battingStyle: 'Left-hand bat'
            bowlingStyle: 'Slow left-arm orthodox'
            image: ~
            stats:
              batting:
                matches: 74
                innings: 60
                runs: 1310
                average: 28.5
                strikeRate: 141
                fifties: 6
                hundreds: 0
                highestScore: '83*'
              bowling:
                matches: 74
                innings: 70
                wickets: 58
                economy: 7.5
                average: 27.2
                strikeRate: 21.8
                bestBowling: '3/20'
            recentPerformance:
              0: '41 (25) & 1/22'
              1: '8 (6) & 2/19'
              2: '55* (30) & 0/31'
            dataSource: 'FICTIONAL'
            status: 'AVAILABLE'
            soldTo: ~
            soldPrice: ~
          mock-player-18:
            id: 'mock-player-18'
            name: 'Callum Westerby'
            role: 'ALL_ROUNDER'
            isOverseas: true
            basePrice: 150
            nationality: 'Australia'
            battingStyle: 'Right-hand bat'
            bowlingStyle: 'Right-arm fast-medium'
            image: ~
            stats:
              batting:
                matches: 81
                innings: 72
                runs: 1580
                average: 25.9
                strikeRate: 152.6
                fifties: 8
                hundreds: 0
                highestScore: '91'
              bowling:
                matches: 81
                innings: 75
                wickets: 69
                economy: 8.9
                average: 26.4
                strikeRate: 17.8
                bestBowling: '4/31'
            recentPerformance:
              0: '22 (11) & 2/36'
              1: '60 (29) & 0/41'
              2: '15 (9) & 3/28'
            dataSource: 'FICTIONAL'
            status: 'AVAILABLE'
            soldTo: ~
            soldPrice: ~
          mock-player-19:
            id: 'mock-player-19'
            name: 'Yuvaan Bhimani'
            role: 'ALL_ROUNDER'
            isOverseas: false
            basePrice: 30
            nationality: 'India'
            battingStyle: 'Right-hand bat'
            bowlingStyle: 'Right-arm medium'
            image: ~
            stats:
              batting:
                matches: 17
                innings: 14
                runs: 244
                average: 20.3
                strikeRate: 136.3
                fifties: 1
                hundreds: 0
                highestScore: '52'
              bowling:
                matches: 17
                innings: 15
                wickets: 12
                economy: 8.7
                average: 29.8
                strikeRate: 20.5
                bestBowling: '2/21'
            recentPerformance:
              0: '52 (31) & 0/18'
              1: '4 (5) & 2/21'
            dataSource: 'FICTIONAL'
            status: 'AVAILABLE'
            soldTo: ~
            soldPrice: ~
          mock-player-20:
            id: 'mock-player-20'
            name: 'Kofi Mensah-Doyle'
            role: 'ALL_ROUNDER'
            isOverseas: true
            basePrice: 100
            nationality: 'West Indies'
            battingStyle: 'Right-hand bat'
            bowlingStyle: 'Right-arm fast-medium'
            image: ~
            stats:
              batting:
                matches: 58
                innings: 50
                runs: 960
                average: 24
                strikeRate: 161.2
                fifties: 4
                hundreds: 0
                highestScore: '77'
              bowling:
                matches: 58
                innings: 54
                wickets: 49
                economy: 9.2
                average: 27.1
                strikeRate: 17.7
                bestBowling: '3/24'
            recentPerformance:
              0: '31 (13) & 1/39'
              1: '77 (35) & 2/30'
              2: '0 (2) & 1/44'
            dataSource: 'FICTIONAL'
            status: 'AVAILABLE'
            soldTo: ~
            soldPrice: ~
          mock-player-21:
            id: 'mock-player-21'
            name: 'Siddhant Parekhji'
            role: 'ALL_ROUNDER'
            isOverseas: false
            basePrice: 75
            nationality: 'India'
            battingStyle: 'Right-hand bat'
            bowlingStyle: 'Off-break'
            image: ~
            stats:
              batting:
                matches: 90
                innings: 70
                runs: 1245
                average: 23.1
                strikeRate: 129.8
                fifties: 3
                hundreds: 0
                highestScore: '68'
              bowling:
                matches: 90
                innings: 82
                wickets: 63
                economy: 7.2
                average: 29.5
                strikeRate: 24.5
                bestBowling: '3/15'
            recentPerformance:
              0: '18 (15) & 1/24'
              1: '27 (21) & 2/22'
              2: '6 (8) & 0/28'
            dataSource: 'FICTIONAL'
            status: 'AVAILABLE'
            soldTo: ~
            soldPrice: ~
          mock-player-22:
            id: 'mock-player-22'
            name: 'Ruwan Senadheeragoda'
            role: 'ALL_ROUNDER'
            isOverseas: true
            basePrice: 50
            nationality: 'Sri Lanka'
            battingStyle: 'Left-hand bat'
            bowlingStyle: 'Leg-break'
            image: ~
            stats:
              batting:
                matches: 26
                innings: 21
                runs: 402
                average: 22.3
                strikeRate: 138.1
                fifties: 2
                hundreds: 0
                highestScore: '61'
              bowling:
                matches: 26
                innings: 25
                wickets: 24
                economy: 7.8
                average: 25.6
                strikeRate: 19.7
                bestBowling: '3/23'
            recentPerformance:
              0: '61 (40) & 1/30'
              1: '12 (9) & 3/23'
            dataSource: 'FICTIONAL'
            status: 'AVAILABLE'
            soldTo: ~
            soldPrice: ~
          mock-player-23:
            id: 'mock-player-23'
            name: 'Om Trivedkar'
            role: 'ALL_ROUNDER'
            isOverseas: false
            basePrice: 20
            nationality: 'India'
            battingStyle: 'Right-hand bat'
            bowlingStyle: 'Right-arm medium-fast'
            image: ~
            stats:
              batting:
                matches: 4
                innings: 3
                runs: 47
                average: 15.7
                strikeRate: 117.5
                fifties: 0
                hundreds: 0
                highestScore: '29'
              bowling:
                matches: 4
                innings: 4
                wickets: 3
                economy: 9.1
                average: 36
                strikeRate: 23.7
                bestBowling: '2/33'
            recentPerformance:
              0: '29 (24) & 2/33'
            dataSource: 'FICTIONAL'
            status: 'AVAILABLE'
            soldTo: ~
            soldPrice: ~
          mock-player-24:
            id: 'mock-player-24'
            name: 'Arjun Mehtaliya'
            role: 'WICKETKEEPER'
            isOverseas: false
            basePrice: 200
            nationality: 'India'
            battingStyle: 'Right-hand bat'
            bowlingStyle: ~
            image: ~
            stats:
              batting:
                matches: 85
                innings: 83
                runs: 2455
                average: 34.6
                strikeRate: 144.9
                fifties: 19
                hundreds: 1
                highestScore: '108'
              keeping:
                catches: 49
                stumpings: 14
            recentPerformance:
              0: '73 (44)'
              1: '19 (14)'
              2: '47 (30)'
              3: '2 (3)'
              4: '66* (38)'
            dataSource: 'FICTIONAL'
            status: 'AVAILABLE'
            soldTo: ~
            soldPrice: ~
          mock-player-25:
            id: 'mock-player-25'
            name: 'Ethan Wrayburn'
            role: 'WICKETKEEPER'
            isOverseas: true
            basePrice: 100
            nationality: 'England'
            battingStyle: 'Left-hand bat'
            bowlingStyle: ~
            image: ~
            stats:
              batting:
                matches: 55
                innings: 54
                runs: 1450
                average: 29
                strikeRate: 150.4
                fifties: 11
                hundreds: 0
                highestScore: '97'
              keeping:
                catches: 31
                stumpings: 7
            recentPerformance:
              0: '97 (51)'
              1: '14 (9)'
              2: '25 (16)'
              3: '38 (25)'
            dataSource: 'FICTIONAL'
            status: 'AVAILABLE'
            soldTo: ~
            soldPrice: ~
          mock-player-26:
            id: 'mock-player-26'
            name: 'Tanmay Ghoshalkar'
            role: 'WICKETKEEPER'
            isOverseas: false
            basePrice: 30
            nationality: 'India'
            battingStyle: 'Right-hand bat'
            bowlingStyle: ~
            image: ~
            stats:
              batting:
                matches: 19
                innings: 17
                runs: 356
                average: 22.3
                strikeRate: 129
                fifties: 1
                hundreds: 0
                highestScore: '58'
              keeping:
                catches: 12
                stumpings: 4
            recentPerformance:
              0: '58 (42)'
              1: '6 (9)'
              2: '21 (16)'
            dataSource: 'FICTIONAL'
            status: 'AVAILABLE'
            soldTo: ~
            soldPrice: ~
          mock-player-27:
            id: 'mock-player-27'
            name: 'Brandon Okafor-Leigh'
            role: 'WICKETKEEPER'
            isOverseas: true
            basePrice: 75
            nationality: 'South Africa'
            battingStyle: 'Right-hand bat'
            bowlingStyle: ~
            image: ~
            stats:
              batting:
                matches: 92
                innings: 90
                runs: 2380
                average: 29.4
                strikeRate: 137.2
                fifties: 15
                hundreds: 1
                highestScore: '100'
              keeping:
                catches: 57
                stumpings: 11
            recentPerformance:
              0: '12 (10)'
              1: '44 (29)'
              2: '31 (26)'
              3: '0 (2)'
            dataSource: 'FICTIONAL'
            status: 'AVAILABLE'
            soldTo: ~
            soldPrice: ~
          mock-player-28:
            id: 'mock-player-28'
            name: 'Rudra Pandhare'
            role: 'WICKETKEEPER'
            isOverseas: false
            basePrice: 20
            nationality: 'India'
            battingStyle: 'Left-hand bat'
            bowlingStyle: ~
            image: ~
            stats:
              batting:
                matches: 5
                innings: 5
                runs: 88
                average: 17.6
                strikeRate: 121.9
                fifties: 0
                hundreds: 0
                highestScore: '36'
              keeping:
                catches: 3
                stumpings: 1
            recentPerformance:
              0: '36 (28)'
              1: '10 (12)'
            dataSource: 'FICTIONAL'
            status: 'AVAILABLE'
            soldTo: ~
            soldPrice: ~
          mock-player-29:
            id: 'mock-player-29'
            name: 'Devansh Kulkarnee'
            role: 'WICKETKEEPER'
            isOverseas: false
            basePrice: 50
            nationality: 'India'
            battingStyle: 'Right-hand bat'
            bowlingStyle: ~
            image: ~
            stats:
              batting:
                matches: 47
                innings: 44
                runs: 1012
                average: 25.3
                strikeRate: 132.5
                fifties: 6
                hundreds: 0
                highestScore: '81'
              keeping:
                catches: 28
                stumpings: 9
            recentPerformance:
              0: '81 (57)'
              1: '15 (13)'
              2: '22 (20)'
            dataSource: 'FICTIONAL'
            status: 'AVAILABLE'
            soldTo: ~
            soldPrice: ~
        playerOrder:
          0: 'mock-player-01'
          1: 'mock-player-02'
          2: 'mock-player-03'
          3: 'mock-player-04'
          4: 'mock-player-05'
          5: 'mock-player-06'
          6: 'mock-player-07'
          7: 'mock-player-08'
          8: 'mock-player-09'
          9: 'mock-player-10'
          10: 'mock-player-11'
          11: 'mock-player-12'
          12: 'mock-player-13'
          13: 'mock-player-14'
          14: 'mock-player-15'
          15: 'mock-player-16'
          16: 'mock-player-17'
          17: 'mock-player-18'
          18: 'mock-player-19'
          19: 'mock-player-20'
          20: 'mock-player-21'
          21: 'mock-player-22'
          22: 'mock-player-23'
          23: 'mock-player-24'
          24: 'mock-player-25'
          25: 'mock-player-26'
          26: 'mock-player-27'
          27: 'mock-player-28'
          28: 'mock-player-29'
        lot: ~
        purchases:
        activity:
        undoStack:
        counters:
          activity: 0
          purchase: 0
          lot: 0
      operator: 'deepStrictEqual'
      stack: |-
        TestContext.<anonymous> (file:///C:/Users/Aaryan/Desktop/anirveda/src/lib/iplAuction/__tests__/appwriteMapper.test.js:82:12)
        Test.runInAsyncScope (node:async_hooks:214:14)
        Test.run (node:internal/test_runner/test:1047:25)
        Suite.processPendingSubtests (node:internal/test_runner/test:744:18)
        Test.postRun (node:internal/test_runner/test:1173:19)
        Test.run (node:internal/test_runner/test:1101:12)
        async Suite.processPendingSubtests (node:internal/test_runner/test:744:7)
      ...
    # Subtest: keeps money and timestamps as integers and JSON blobs as strings
    ok 4 - keeps money and timestamps as integers and JSON blobs as strings
      ---
      duration_ms: 3.4585
      type: 'test'
      ...
    # Subtest: uses the player ID as the purchase row ID (one sale per player, enforced by the database)
    ok 5 - uses the player ID as the purchase row ID (one sale per player, enforced by the database)
      ---
      duration_ms: 1.0777
      type: 'test'
      ...
    1..5
not ok 4 - appwrite mapper: round trip
  ---
  duration_ms: 39.5954
  type: 'suite'
  location: 'C:\\Users\\Aaryan\\Desktop\\anirveda\\src\\lib\\iplAuction\\__tests__\\appwriteMapper.test.js:68:1'
  failureType: 'subtestsFailed'
  error: '3 subtests failed'
  code: 'ERR_TEST_FAILURE'
  ...
# Subtest: appwrite mapper: rows match the schema
    # Subtest: ipl_auctions: every value has a column, required columns are filled, sizes fit
    ok 1 - ipl_auctions: every value has a column, required columns are filled, sizes fit
      ---
      duration_ms: 0.9697
      type: 'test'
      ...
    # Subtest: ipl_teams: every value has a column, required columns are filled, sizes fit
    ok 2 - ipl_teams: every value has a column, required columns are filled, sizes fit
      ---
      duration_ms: 0.4004
      type: 'test'
      ...
    # Subtest: ipl_players: every value has a column, required columns are filled, sizes fit
    ok 3 - ipl_players: every value has a column, required columns are filled, sizes fit
      ---
      duration_ms: 1.3192
      type: 'test'
      ...
    # Subtest: ipl_purchases: every value has a column, required columns are filled, sizes fit
    ok 4 - ipl_purchases: every value has a column, required columns are filled, sizes fit
      ---
      duration_ms: 0.3407
      type: 'test'
      ...
    # Subtest: ipl_activity: every value has a column, required columns are filled, sizes fit
    ok 5 - ipl_activity: every value has a column, required columns are filled, sizes fit
      ---
      duration_ms: 0.7237
      type: 'test'
      ...
    1..5
ok 5 - appwrite mapper: rows match the schema
  ---
  duration_ms: 4.3436
  type: 'suite'
  ...
# Subtest: appwrite mapper: diffToWrites
    # Subtest: with no previous state, creates every row (activity with generated IDs)
    ok 1 - with no previous state, creates every row (activity with generated IDs)
      ---
      duration_ms: 2.0738
      type: 'test'
      ...
    # Subtest: an unchanged state produces no writes
    ok 2 - an unchanged state produces no writes
      ---
      duration_ms: 5.2386
      type: 'test'
      ...
    # Subtest: a sale writes one activity row first, then only what changed
    ok 3 - a sale writes one activity row first, then only what changed
      ---
      duration_ms: 0.9884
      type: 'test'
      ...
    # Subtest: cancelling a sale deletes that purchase row; undo never deletes activity
    ok 4 - cancelling a sale deletes that purchase row; undo never deletes activity
      ---
      duration_ms: 1.1268
      type: 'test'
      ...
    # Subtest: applying the writes step by step always reproduces the engine state
    not ok 5 - applying the writes step by step always reproduces the engine state
      ---
      duration_ms: 4.1137
      type: 'test'
      location: 'C:\\Users\\Aaryan\\Desktop\\anirveda\\src\\lib\\iplAuction\\__tests__\\appwriteMapper.test.js:180:3'
      failureType: 'testCodeFailure'
      error: |-
        Expected values to be strictly deep-equal:
        + actual - expected
        ... Skipped lines
        
          {
            activity: [
              {
                actor: {
                  role: 'ADMIN'
        ...
                image: null,
        -       isFemale: false,
                isOverseas: false,
                name: 'Test ar1',
                nationality: null,
                recentPerformance: [],
                role: 'ALL_ROUNDER',
        ...
                image: null,
        -       isFemale: false,
                isOverseas: false,
                name: 'Test bat1',
                nationality: null,
                recentPerformance: [],
                role: 'BATTER',
        ...
                image: null,
        -       isFemale: false,
                isOverseas: false,
                name: 'Test bat2',
                nationality: null,
                recentPerformance: [],
                role: 'BATTER',
        ...
                image: null,
        -       isFemale: false,
                isOverseas: false,
                name: 'Test bat3',
                nationality: null,
                recentPerformance: [],
                role: 'BATTER',
        ...
                image: null,
        -       isFemale: false,
                isOverseas: false,
                name: 'Test bowl1',
                nationality: null,
                recentPerformance: [],
                role: 'BOWLER',
        ...
                image: null,
        -       isFemale: false,
                isOverseas: true,
                name: 'Test bowl2',
                nationality: null,
                recentPerformance: [],
                role: 'BOWLER',
        ...
                image: null,
        -       isFemale: false,
                isOverseas: true,
                name: 'Test os1',
                nationality: null,
                recentPerformance: [],
                role: 'BATTER',
        ...
                image: null,
        -       isFemale: false,
                isOverseas: true,
                name: 'Test os2',
                nationality: null,
                recentPerformance: [],
                role: 'BOWLER',
        ...
                image: null,
        -       isFemale: false,
                isOverseas: false,
                name: 'Test wk1',
                nationality: null,
                recentPerformance: [],
                role: 'WICKETKEEPER',
        ...
                image: null,
        -       isFemale: false,
                isOverseas: false,
                name: 'Test wk2',
                nationality: null,
                recentPerformance: [],
                role: 'WICKETKEEPER',
        
      code: 'ERR_ASSERTION'
      name: 'AssertionError'
      expected:
        schemaVersion: 2
        auctionId: 'test-auction'
        name: 'Auction'
        createdAt: 1
        version: 1
        status: 'LIVE'
        config:
          initialPurse: 1000
          squad:
            min: 0
            max: 4
          maxOverseas: 1
          minFemale: 2
          roleLimits:
            BATTER:
              min: 0
              max: 2
            BOWLER:
              min: 0
              max: 2
            ALL_ROUNDER:
              min: 0
              max: 2
            WICKETKEEPER:
              min: 0
              max: 1
          minimumReserve:
            enabled: false
            perSlot: 20
          allowUnsoldRelist: true
          undoDepth: 20
        teams:
          t1:
            id: 't1'
            name: 'Test Team One'
            shortName: 'TES'
            logo: ~
          t2:
            id: 't2'
            name: 'Test Team Two'
            shortName: 'TES'
            logo: ~
          t3:
            id: 't3'
            name: 'Test Team Three'
            shortName: 'TES'
            logo: ~
        teamOrder:
          0: 't1'
          1: 't2'
          2: 't3'
        players:
          bat1:
            id: 'bat1'
            name: 'Test bat1'
            role: 'BATTER'
            isOverseas: false
            isFemale: false
            basePrice: 20
            nationality: ~
            battingStyle: ~
            bowlingStyle: ~
            image: ~
            stats: ~
            recentPerformance:
            dataSource: 'FICTIONAL'
            status: 'AVAILABLE'
            soldTo: ~
            soldPrice: ~
          bat2:
            id: 'bat2'
            name: 'Test bat2'
            role: 'BATTER'
            isOverseas: false
            isFemale: false
            basePrice: 50
            nationality: ~
            battingStyle: ~
            bowlingStyle: ~
            image: ~
            stats: ~
            recentPerformance:
            dataSource: 'FICTIONAL'
            status: 'AVAILABLE'
            soldTo: ~
            soldPrice: ~
          bat3:
            id: 'bat3'
            name: 'Test bat3'
            role: 'BATTER'
            isOverseas: false
            isFemale: false
            basePrice: 100
            nationality: ~
            battingStyle: ~
            bowlingStyle: ~
            image: ~
            stats: ~
            recentPerformance:
            dataSource: 'FICTIONAL'
            status: 'AVAILABLE'
            soldTo: ~
            soldPrice: ~
          bowl1:
            id: 'bowl1'
            name: 'Test bowl1'
            role: 'BOWLER'
            isOverseas: false
            isFemale: false
            basePrice: 20
            nationality: ~
            battingStyle: ~
            bowlingStyle: ~
            image: ~
            stats: ~
            recentPerformance:
            dataSource: 'FICTIONAL'
            status: 'AVAILABLE'
            soldTo: ~
            soldPrice: ~
          bowl2:
            id: 'bowl2'
            name: 'Test bowl2'
            role: 'BOWLER'
            isOverseas: true
            isFemale: false
            basePrice: 75
            nationality: ~
            battingStyle: ~
            bowlingStyle: ~
            image: ~
            stats: ~
            recentPerformance:
            dataSource: 'FICTIONAL'
            status: 'AVAILABLE'
            soldTo: ~
            soldPrice: ~
          ar1:
            id: 'ar1'
            name: 'Test ar1'
            role: 'ALL_ROUNDER'
            isOverseas: false
            isFemale: false
            basePrice: 200
            nationality: ~
            battingStyle: ~
            bowlingStyle: ~
            image: ~
            stats: ~
            recentPerformance:
            dataSource: 'FICTIONAL'
            status: 'AVAILABLE'
            soldTo: ~
            soldPrice: ~
          wk1:
            id: 'wk1'
            name: 'Test wk1'
            role: 'WICKETKEEPER'
            isOverseas: false
            isFemale: false
            basePrice: 20
            nationality: ~
            battingStyle: ~
            bowlingStyle: ~
            image: ~
            stats: ~
            recentPerformance:
            dataSource: 'FICTIONAL'
            status: 'AVAILABLE'
            soldTo: ~
            soldPrice: ~
          wk2:
            id: 'wk2'
            name: 'Test wk2'
            role: 'WICKETKEEPER'
            isOverseas: false
            isFemale: false
            basePrice: 30
            nationality: ~
            battingStyle: ~
            bowlingStyle: ~
            image: ~
            stats: ~
            recentPerformance:
            dataSource: 'FICTIONAL'
            status: 'AVAILABLE'
            soldTo: ~
            soldPrice: ~
          os1:
            id: 'os1'
            name: 'Test os1'
            role: 'BATTER'
            isOverseas: true
            isFemale: false
            basePrice: 20
            nationality: ~
            battingStyle: ~
            bowlingStyle: ~
            image: ~
            stats: ~
            recentPerformance:
            dataSource: 'FICTIONAL'
            status: 'AVAILABLE'
            soldTo: ~
            soldPrice: ~
          os2:
            id: 'os2'
            name: 'Test os2'
            role: 'BOWLER'
            isOverseas: true
            isFemale: false
            basePrice: 20
            nationality: ~
            battingStyle: ~
            bowlingStyle: ~
            image: ~
            stats: ~
            recentPerformance:
            dataSource: 'FICTIONAL'
            status: 'AVAILABLE'
            soldTo: ~
            soldPrice: ~
        playerOrder:
          0: 'bat1'
          1: 'bat2'
          2: 'bat3'
          3: 'bowl1'
          4: 'bowl2'
          5: 'ar1'
          6: 'wk1'
          7: 'wk2'
          8: 'os1'
          9: 'os2'
        lot: ~
        purchases:
        activity:
          0:
            seq: 1
            type: 'START_AUCTION'
            at: 1000
            actor:
              role: 'ADMIN'
            message: 'Auction started.'
        undoStack:
        counters:
          activity: 1
          purchase: 0
          lot: 0
      actual:
        schemaVersion: 2
        auctionId: 'test-auction'
        name: 'Auction'
        createdAt: 1
        version: 1
        status: 'LIVE'
        config:
          initialPurse: 1000
          squad:
            min: 0
            max: 4
          maxOverseas: 1
          minFemale: 2
          roleLimits:
            BATTER:
              min: 0
              max: 2
            BOWLER:
              min: 0
              max: 2
            ALL_ROUNDER:
              min: 0
              max: 2
            WICKETKEEPER:
              min: 0
              max: 1
          minimumReserve:
            enabled: false
            perSlot: 20
          allowUnsoldRelist: true
          undoDepth: 20
        teams:
          t1:
            id: 't1'
            name: 'Test Team One'
            shortName: 'TES'
            logo: ~
          t2:
            id: 't2'
            name: 'Test Team Two'
            shortName: 'TES'
            logo: ~
          t3:
            id: 't3'
            name: 'Test Team Three'
            shortName: 'TES'
            logo: ~
        teamOrder:
          0: 't1'
          1: 't2'
          2: 't3'
        players:
          bat1:
            id: 'bat1'
            name: 'Test bat1'
            role: 'BATTER'
            isOverseas: false
            basePrice: 20
            nationality: ~
            battingStyle: ~
            bowlingStyle: ~
            image: ~
            stats: ~
            recentPerformance:
            dataSource: 'FICTIONAL'
            status: 'AVAILABLE'
            soldTo: ~
            soldPrice: ~
          bat2:
            id: 'bat2'
            name: 'Test bat2'
            role: 'BATTER'
            isOverseas: false
            basePrice: 50
            nationality: ~
            battingStyle: ~
            bowlingStyle: ~
            image: ~
            stats: ~
            recentPerformance:
            dataSource: 'FICTIONAL'
            status: 'AVAILABLE'
            soldTo: ~
            soldPrice: ~
          bat3:
            id: 'bat3'
            name: 'Test bat3'
            role: 'BATTER'
            isOverseas: false
            basePrice: 100
            nationality: ~
            battingStyle: ~
            bowlingStyle: ~
            image: ~
            stats: ~
            recentPerformance:
            dataSource: 'FICTIONAL'
            status: 'AVAILABLE'
            soldTo: ~
            soldPrice: ~
          bowl1:
            id: 'bowl1'
            name: 'Test bowl1'
            role: 'BOWLER'
            isOverseas: false
            basePrice: 20
            nationality: ~
            battingStyle: ~
            bowlingStyle: ~
            image: ~
            stats: ~
            recentPerformance:
            dataSource: 'FICTIONAL'
            status: 'AVAILABLE'
            soldTo: ~
            soldPrice: ~
          bowl2:
            id: 'bowl2'
            name: 'Test bowl2'
            role: 'BOWLER'
            isOverseas: true
            basePrice: 75
            nationality: ~
            battingStyle: ~
            bowlingStyle: ~
            image: ~
            stats: ~
            recentPerformance:
            dataSource: 'FICTIONAL'
            status: 'AVAILABLE'
            soldTo: ~
            soldPrice: ~
          ar1:
            id: 'ar1'
            name: 'Test ar1'
            role: 'ALL_ROUNDER'
            isOverseas: false
            basePrice: 200
            nationality: ~
            battingStyle: ~
            bowlingStyle: ~
            image: ~
            stats: ~
            recentPerformance:
            dataSource: 'FICTIONAL'
            status: 'AVAILABLE'
            soldTo: ~
            soldPrice: ~
          wk1:
            id: 'wk1'
            name: 'Test wk1'
            role: 'WICKETKEEPER'
            isOverseas: false
            basePrice: 20
            nationality: ~
            battingStyle: ~
            bowlingStyle: ~
            image: ~
            stats: ~
            recentPerformance:
            dataSource: 'FICTIONAL'
            status: 'AVAILABLE'
            soldTo: ~
            soldPrice: ~
          wk2:
            id: 'wk2'
            name: 'Test wk2'
            role: 'WICKETKEEPER'
            isOverseas: false
            basePrice: 30
            nationality: ~
            battingStyle: ~
            bowlingStyle: ~
            image: ~
            stats: ~
            recentPerformance:
            dataSource: 'FICTIONAL'
            status: 'AVAILABLE'
            soldTo: ~
            soldPrice: ~
          os1:
            id: 'os1'
            name: 'Test os1'
            role: 'BATTER'
            isOverseas: true
            basePrice: 20
            nationality: ~
            battingStyle: ~
            bowlingStyle: ~
            image: ~
            stats: ~
            recentPerformance:
            dataSource: 'FICTIONAL'
            status: 'AVAILABLE'
            soldTo: ~
            soldPrice: ~
          os2:
            id: 'os2'
            name: 'Test os2'
            role: 'BOWLER'
            isOverseas: true
            basePrice: 20
            nationality: ~
            battingStyle: ~
            bowlingStyle: ~
            image: ~
            stats: ~
            recentPerformance:
            dataSource: 'FICTIONAL'
            status: 'AVAILABLE'
            soldTo: ~
            soldPrice: ~
        playerOrder:
          0: 'bat1'
          1: 'bat2'
          2: 'bat3'
          3: 'bowl1'
          4: 'bowl2'
          5: 'ar1'
          6: 'wk1'
          7: 'wk2'
          8: 'os1'
          9: 'os2'
        lot: ~
        purchases:
        activity:
          0:
            seq: 1
            type: 'START_AUCTION'
            at: 1000
            actor:
              role: 'ADMIN'
            message: 'Auction started.'
        undoStack:
        counters:
          activity: 1
          purchase: 0
          lot: 0
      operator: 'deepStrictEqual'
      stack: |-
        TestContext.<anonymous> (file:///C:/Users/Aaryan/Desktop/anirveda/src/lib/iplAuction/__tests__/appwriteMapper.test.js:198:14)
        Test.runInAsyncScope (node:async_hooks:214:14)
        Test.run (node:internal/test_runner/test:1047:25)
        Suite.processPendingSubtests (node:internal/test_runner/test:744:18)
        Test.postRun (node:internal/test_runner/test:1173:19)
        Test.run (node:internal/test_runner/test:1101:12)
        async Suite.processPendingSubtests (node:internal/test_runner/test:744:7)
      ...
    # Subtest: a different auction is written from scratch
    ok 6 - a different auction is written from scratch
      ---
      duration_ms: 3.0955
      type: 'test'
      ...
    1..6
not ok 6 - appwrite mapper: diffToWrites
  ---
  duration_ms: 20.727
  type: 'suite'
  location: 'C:\\Users\\Aaryan\\Desktop\\anirveda\\src\\lib\\iplAuction\\__tests__\\appwriteMapper.test.js:138:1'
  failureType: 'subtestsFailed'
  error: '1 subtest failed'
  code: 'ERR_TEST_FAILURE'
  ...
# Subtest: makeId
    # Subtest: produces valid Appwrite row IDs (Γëñ 36 chars, safe characters, unique)
    ok 1 - produces valid Appwrite row IDs (Γëñ 36 chars, safe characters, unique)
      ---
      duration_ms: 30.4398
      type: 'test'
      ...
    # Subtest: rejects prefixes that would break the rules
    ok 2 - rejects prefixes that would break the rules
      ---
      duration_ms: 0.4617
      type: 'test'
      ...
    1..2
ok 7 - makeId
  ---
  duration_ms: 31.065
  type: 'suite'
  ...
# Subtest: auction exports
    # Subtest: escapes CSV cells
    ok 1 - escapes CSV cells
      ---
      duration_ms: 1.5844
      type: 'test'
      ...
    # Subtest: lists purchases in sale order with prices in lakhs
    ok 2 - lists purchases in sale order with prices in lakhs
      ---
      duration_ms: 8.4091
      type: 'test'
      ...
    # Subtest: summarises every team
    ok 3 - summarises every team
      ---
      duration_ms: 8.4143
      type: 'test'
      ...
    1..3
ok 8 - auction exports
  ---
  duration_ms: 20.671
  type: 'suite'
  ...
# Subtest: config
    # Subtest: dev defaults are valid
    ok 1 - dev defaults are valid
      ---
      duration_ms: 3.1059
      type: 'test'
      ...
    # Subtest: rejects squad.min greater than squad.max
    ok 2 - rejects squad.min greater than squad.max
      ---
      duration_ms: 0.5634
      type: 'test'
      ...
    # Subtest: rejects role minimums that cannot fit in the squad
    ok 3 - rejects role minimums that cannot fit in the squad
      ---
      duration_ms: 0.3818
      type: 'test'
      ...
    # Subtest: rejects non-whole-lakh purse and a reserve larger than the purse
    ok 4 - rejects non-whole-lakh purse and a reserve larger than the purse
      ---
      duration_ms: 0.4177
      type: 'test'
      ...
    # Subtest: rejects unknown roles
    ok 5 - rejects unknown roles
      ---
      duration_ms: 0.2069
      type: 'test'
      ...
    1..5
ok 9 - config
  ---
  duration_ms: 6.4757
  type: 'suite'
  ...
# Subtest: money
    # Subtest: formats whole lakhs for display
    ok 1 - formats whole lakhs for display
      ---
      duration_ms: 0.3603
      type: 'test'
      ...
    1..1
ok 10 - money
  ---
  duration_ms: 0.4847
  type: 'suite'
  ...
# Subtest: minimum reserve
    # Subtest: reserve covers the slots still needed to reach squad.min
    ok 1 - reserve covers the slots still needed to reach squad.min
      ---
      duration_ms: 0.4612
      type: 'test'
      ...
    1..1
ok 11 - minimum reserve
  ---
  duration_ms: 0.817
  type: 'suite'
  ...
# Subtest: mock data
    # Subtest: every mock player is labelled FICTIONAL and has a unique id
    ok 1 - every mock player is labelled FICTIONAL and has a unique id
      ---
      duration_ms: 0.2448
      type: 'test'
      ...
    1..1
ok 12 - mock data
  ---
  duration_ms: 0.4656
  type: 'suite'
  ...
# Subtest: initial state
    # Subtest: starts in SETUP with every player available
    ok 1 - starts in SETUP with every player available
      ---
      duration_ms: 2.49
      type: 'test'
      ...
    # Subtest: copies the config instead of sharing it
    ok 2 - copies the config instead of sharing it
      ---
      duration_ms: 3.8076
      type: 'test'
      ...
    # Subtest: throws on invalid seed data
    ok 3 - throws on invalid seed data
      ---
      duration_ms: 2.902
      type: 'test'
      ...
    1..3
ok 13 - initial state
  ---
  duration_ms: 10.7256
  type: 'suite'
  ...
# Subtest: commands and permissions
    # Subtest: rejects unknown commands, including the removed in-app bidding
    ok 1 - rejects unknown commands, including the removed in-app bidding
      ---
      duration_ms: 3.7005
      type: 'test'
      ...
    # Subtest: requires an actor
    ok 2 - requires an actor
      ---
      duration_ms: 2.6884
      type: 'test'
      ...
    # Subtest: teams are view-only: every command is admin-only
    ok 3 - teams are view-only: every command is admin-only
      ---
      duration_ms: 2.0726
      type: 'test'
      ...
    # Subtest: every accepted command bumps the version and logs activity
    ok 4 - every accepted command bumps the version and logs activity
      ---
      duration_ms: 0.7313
      type: 'test'
      ...
    1..4
ok 14 - commands and permissions
  ---
  duration_ms: 10.2656
  type: 'suite'
  ...
# Subtest: auction lifecycle and pause/resume
    # Subtest: needs at least two teams to start
    ok 1 - needs at least two teams to start
      ---
      duration_ms: 0.5826
      type: 'test'
      ...
    # Subtest: no player can be put up before the auction starts
    ok 2 - no player can be put up before the auction starts
      ---
      duration_ms: 0.4395
      type: 'test'
      ...
    # Subtest: rules and teams can only change during SETUP
    ok 3 - rules and teams can only change during SETUP
      ---
      duration_ms: 1.1748
      type: 'test'
      ...
    # Subtest: pause blocks opening lots and recording results; resume restores them
    ok 4 - pause blocks opening lots and recording results; resume restores them
      ---
      duration_ms: 0.7014
      type: 'test'
      ...
    # Subtest: can only end with no open lot, and nothing changes afterwards
    ok 5 - can only end with no open lot, and nothing changes afterwards
      ---
      duration_ms: 0.9055
      type: 'test'
      ...
    1..5
ok 15 - auction lifecycle and pause/resume
  ---
  duration_ms: 4.1955
  type: 'suite'
  ...
# Subtest: player sequence
    # Subtest: with no playerId, the next available player in sequence goes up
    ok 1 - with no playerId, the next available player in sequence goes up
      ---
      duration_ms: 0.906
      type: 'test'
      ...
    # Subtest: skips withdrawn players and reports when the sequence is exhausted
    ok 2 - skips withdrawn players and reports when the sequence is exhausted
      ---
      duration_ms: 1.2479
      type: 'test'
      ...
    # Subtest: the admin can still put up any available player out of order
    ok 3 - the admin can still put up any available player out of order
      ---
      duration_ms: 0.3966
      type: 'test'
      ...
    # Subtest: the sequence can be reordered, but only as a full permutation
    ok 4 - the sequence can be reordered, but only as a full permutation
      ---
      duration_ms: 0.6875
      type: 'test'
      ...
    1..4
ok 16 - player sequence
  ---
  duration_ms: 3.5313
  type: 'suite'
  ...
# Subtest: lots and player status
    # Subtest: only one player can be on the block at a time
    ok 1 - only one player can be on the block at a time
      ---
      duration_ms: 0.4314
      type: 'test'
      ...
    # Subtest: rejects unknown players
    ok 2 - rejects unknown players
      ---
      duration_ms: 0.3059
      type: 'test'
      ...
    1..2
ok 17 - lots and player status
  ---
  duration_ms: 0.8874
  type: 'suite'
  ...
# Subtest: recording a sale (SOLD)
    # Subtest: assigns the player to the team, reduces its purse and closes the lot
    ok 1 - assigns the player to the team, reduces its purse and closes the lot
      ---
      duration_ms: 1.145
      type: 'test'
      ...
    # Subtest: any whole-lakh price at or above base is accepted (the room sets the price)
    ok 2 - any whole-lakh price at or above base is accepted (the room sets the price)
      ---
      duration_ms: 0.6748
      type: 'test'
      ...
    # Subtest: rejects prices below base, non-whole lakhs and non-numbers
    ok 3 - rejects prices below base, non-whole lakhs and non-numbers
      ---
      duration_ms: 2.9269
      type: 'test'
      ...
    # Subtest: rejects unknown teams and a missing lot
    ok 4 - rejects unknown teams and a missing lot
      ---
      duration_ms: 0.6115
      type: 'test'
      ...
    # Subtest: refuses a sale aimed at a player who is no longer on the block
    ok 5 - refuses a sale aimed at a player who is no longer on the block
      ---
      duration_ms: 0.3293
      type: 'test'
      ...
    1..5
ok 18 - recording a sale (SOLD)
  ---
  duration_ms: 5.9786
  type: 'suite'
  ...
# Subtest: purse and minimum reserve
    # Subtest: a team cannot pay more than its remaining purse
    ok 1 - a team cannot pay more than its remaining purse
      ---
      duration_ms: 0.5119
      type: 'test'
      ...
    # Subtest: spending reduces the purse and blocks later over-spending
    ok 2 - spending reduces the purse and blocks later over-spending
      ---
      duration_ms: 0.4621
      type: 'test'
      ...
    # Subtest: keeps a reserve for the slots still needed to reach squad.min
    ok 3 - keeps a reserve for the slots still needed to reach squad.min
      ---
      duration_ms: 0.4707
      type: 'test'
      ...
    # Subtest: the reserve is not applied when disabled
    ok 4 - the reserve is not applied when disabled
      ---
      duration_ms: 0.2414
      type: 'test'
      ...
    1..4
ok 19 - purse and minimum reserve
  ---
  duration_ms: 1.872
  type: 'suite'
  ...
# Subtest: squad, overseas and role limits
    # Subtest: rejects a sale once the team's squad is full
    not ok 1 - rejects a sale once the team's squad is full
      ---
      duration_ms: 0.3192
      type: 'test'
      location: 'C:\\Users\\Aaryan\\Desktop\\anirveda\\src\\lib\\iplAuction\\__tests__\\engine.test.js:266:3'
      failureType: 'testCodeFailure'
      error: 'createInitialState: invalid config. The role minimums add up to more than squad.max.'
      code: 'ERR_TEST_FAILURE'
      stack: |-
        createInitialState (file:///C:/Users/Aaryan/Desktop/anirveda/src/lib/iplAuction/engine/index.js:154:34)
        setup (file:///C:/Users/Aaryan/Desktop/anirveda/src/lib/iplAuction/__tests__/fixtures.js:60:21)
        live (file:///C:/Users/Aaryan/Desktop/anirveda/src/lib/iplAuction/__tests__/fixtures.js:83:40)
        TestContext.<anonymous> (file:///C:/Users/Aaryan/Desktop/anirveda/src/lib/iplAuction/__tests__/engine.test.js:267:17)
        Test.runInAsyncScope (node:async_hooks:214:14)
        Test.run (node:internal/test_runner/test:1047:25)
        Test.start (node:internal/test_runner/test:944:17)
        node:internal/test_runner/test:1440:71
        node:internal/per_context/primordials:464:82
        new Promise (<anonymous>)
      ...
    # Subtest: enforces the overseas limit
    ok 2 - enforces the overseas limit
      ---
      duration_ms: 0.3372
      type: 'test'
      ...
    # Subtest: enforces per-role maximums
    ok 3 - enforces per-role maximums
      ---
      duration_ms: 0.3817
      type: 'test'
      ...
    # Subtest: keeps enough slots free to meet role minimums
    not ok 4 - keeps enough slots free to meet role minimums
      ---
      duration_ms: 1.3078
      type: 'test'
      location: 'C:\\Users\\Aaryan\\Desktop\\anirveda\\src\\lib\\iplAuction\\__tests__\\engine.test.js:283:3'
      failureType: 'testCodeFailure'
      error: |-
        expected SELL_PLAYER to succeed, got ROLE_MINIMUM_UNREACHABLE: Buying this batter would leave too few slots to meet the minimum requirements.
        
        false !== true
        
      code: 'ERR_ASSERTION'
      name: 'AssertionError'
      expected: true
      actual: false
      operator: 'strictEqual'
      stack: |-
        apply (file:///C:/Users/Aaryan/Desktop/anirveda/src/lib/iplAuction/__tests__/fixtures.js:69:10)
        sell (file:///C:/Users/Aaryan/Desktop/anirveda/src/lib/iplAuction/__tests__/fixtures.js:89:10)
        buy (file:///C:/Users/Aaryan/Desktop/anirveda/src/lib/iplAuction/__tests__/fixtures.js:93:56)
        TestContext.<anonymous> (file:///C:/Users/Aaryan/Desktop/anirveda/src/lib/iplAuction/__tests__/engine.test.js:293:19)
        Test.runInAsyncScope (node:async_hooks:214:14)
        Test.run (node:internal/test_runner/test:1047:25)
        Suite.processPendingSubtests (node:internal/test_runner/test:744:18)
        Test.postRun (node:internal/test_runner/test:1173:19)
        Test.run (node:internal/test_runner/test:1101:12)
        async Suite.processPendingSubtests (node:internal/test_runner/test:744:7)
      ...
    1..4
not ok 20 - squad, overseas and role limits
  ---
  duration_ms: 2.5809
  type: 'suite'
  location: 'C:\\Users\\Aaryan\\Desktop\\anirveda\\src\\lib\\iplAuction\\__tests__\\engine.test.js:265:1'
  failureType: 'subtestsFailed'
  error: '2 subtests failed'
  code: 'ERR_TEST_FAILURE'
  ...
# Subtest: duplicate sale prevention
    # Subtest: a sold player cannot be put up again
    ok 1 - a sold player cannot be put up again
      ---
      duration_ms: 0.4997
      type: 'test'
      ...
    # Subtest: recording the same sale twice fails (the lot is already closed)
    ok 2 - recording the same sale twice fails (the lot is already closed)
      ---
      duration_ms: 0.3612
      type: 'test'
      ...
    # Subtest: refuses a second sale even if the lot state is inconsistent
    ok 3 - refuses a second sale even if the lot state is inconsistent
      ---
      duration_ms: 0.3447
      type: 'test'
      ...
    # Subtest: a sold player cannot be withdrawn or edited
    ok 4 - a sold player cannot be withdrawn or edited
      ---
      duration_ms: 0.4428
      type: 'test'
      ...
    1..4
ok 21 - duplicate sale prevention
  ---
  duration_ms: 1.9062
  type: 'suite'
  ...
# Subtest: UNSOLD
    # Subtest: marks the player on the block unsold and closes the lot
    ok 1 - marks the player on the block unsold and closes the lot
      ---
      duration_ms: 1.5554
      type: 'test'
      ...
    # Subtest: unsold players can be relisted only when the config allows it
    ok 2 - unsold players can be relisted only when the config allows it
      ---
      duration_ms: 0.8299
      type: 'test'
      ...
    1..2
ok 22 - UNSOLD
  ---
  duration_ms: 2.6645
  type: 'suite'
  ...
# Subtest: cancelling an earlier sale
    # Subtest: refunds the team and returns the player to the pool
    ok 1 - refunds the team and returns the player to the pool
      ---
      duration_ms: 0.8915
      type: 'test'
      ...
    # Subtest: the player can then be sold again, to the right team
    ok 2 - the player can then be sold again, to the right team
      ---
      duration_ms: 1.1074
      type: 'test'
      ...
    # Subtest: clears the undo stack, since earlier entries no longer line up
    ok 3 - clears the undo stack, since earlier entries no longer line up
      ---
      duration_ms: 1.042
      type: 'test'
      ...
    # Subtest: rejects players who were never sold
    ok 4 - rejects players who were never sold
      ---
      duration_ms: 1.4435
      type: 'test'
      ...
    1..4
ok 23 - cancelling an earlier sale
  ---
  duration_ms: 5.3797
  type: 'suite'
  ...
# Subtest: withdrawal
    # Subtest: withdrawn players cannot be put up until reinstated
    ok 1 - withdrawn players cannot be put up until reinstated
      ---
      duration_ms: 2.1746
      type: 'test'
      ...
    # Subtest: withdrawing the player on the block closes the lot
    ok 2 - withdrawing the player on the block closes the lot
      ---
      duration_ms: 1.7207
      type: 'test'
      ...
    1..2
ok 24 - withdrawal
  ---
  duration_ms: 4.1307
  type: 'suite'
  ...
# Subtest: undo
    # Subtest: undoing a sale refunds the purse and puts the player back on the block
    ok 1 - undoing a sale refunds the purse and puts the player back on the block
      ---
      duration_ms: 0.9379
      type: 'test'
      ...
    # Subtest: steps back through several actions in reverse order
    ok 2 - steps back through several actions in reverse order
      ---
      duration_ms: 1.2941
      type: 'test'
      ...
    # Subtest: undoes UNSOLD and withdrawal
    ok 3 - undoes UNSOLD and withdrawal
      ---
      duration_ms: 0.5896
      type: 'test'
      ...
    # Subtest: is itself logged as activity and bumps the version
    ok 4 - is itself logged as activity and bumps the version
      ---
      duration_ms: 0.7681
      type: 'test'
      ...
    # Subtest: never reuses purchase sequence numbers after an undo
    ok 5 - never reuses purchase sequence numbers after an undo
      ---
      duration_ms: 2.8657
      type: 'test'
      ...
    # Subtest: does not undo a later pause or revert profile edits
    ok 6 - does not undo a later pause or revert profile edits
      ---
      duration_ms: 0.5724
      type: 'test'
      ...
    # Subtest: respects the configured undo depth
    ok 7 - respects the configured undo depth
      ---
      duration_ms: 0.5975
      type: 'test'
      ...
    1..7
ok 25 - undo
  ---
  duration_ms: 8.0543
  type: 'suite'
  ...
# Subtest: players and teams during setup
    # Subtest: adds and edits players; rejects duplicates and bad data
    ok 1 - adds and edits players; rejects duplicates and bad data
      ---
      duration_ms: 0.7561
      type: 'test'
      ...
    # Subtest: players on the block cannot be edited
    ok 2 - players on the block cannot be edited
      ---
      duration_ms: 0.3834
      type: 'test'
      ...
    # Subtest: adds teams during setup
    ok 3 - adds teams during setup
      ---
      duration_ms: 0.3154
      type: 'test'
      ...
    1..3
ok 26 - players and teams during setup
  ---
  duration_ms: 1.6507
  type: 'suite'
  ...
# Subtest: removing players and managing teams (setup only)
    # Subtest: removes a player from the pool and the sequence
    ok 1 - removes a player from the pool and the sequence
      ---
      duration_ms: 0.6554
      type: 'test'
      ...
    # Subtest: clears undo entries that could resurrect a removed player
    ok 2 - clears undo entries that could resurrect a removed player
      ---
      duration_ms: 0.5682
      type: 'test'
      ...
    # Subtest: rejects removing unknown players or removing after the start
    ok 3 - rejects removing unknown players or removing after the start
      ---
      duration_ms: 0.5151
      type: 'test'
      ...
    # Subtest: edits a team's name, short name and logo; the id cannot change
    ok 4 - edits a team's name, short name and logo; the id cannot change
      ---
      duration_ms: 0.5625
      type: 'test'
      ...
    # Subtest: rejects invalid team edits
    ok 5 - rejects invalid team edits
      ---
      duration_ms: 0.8059
      type: 'test'
      ...
    # Subtest: removes a team; the auction then needs 2 teams to start
    ok 6 - removes a team; the auction then needs 2 teams to start
      ---
      duration_ms: 0.6075
      type: 'test'
      ...
    # Subtest: rejects removing unknown teams or removing after the start
    ok 7 - rejects removing unknown teams or removing after the start
      ---
      duration_ms: 0.4587
      type: 'test'
      ...
    # Subtest: teams cannot manage players or teams
    ok 8 - teams cannot manage players or teams
      ---
      duration_ms: 0.6359
      type: 'test'
      ...
    1..8
ok 27 - removing players and managing teams (setup only)
  ---
  duration_ms: 5.2936
  type: 'suite'
  ...
# Subtest: player field validation
    # Subtest: accepts full profiles and trims text; blank optional text becomes null
    ok 1 - accepts full profiles and trims text; blank optional text becomes null
      ---
      duration_ms: 0.7039
      type: 'test'
      ...
    # Subtest: rejects values the database could not store
    not ok 2 - rejects values the database could not store
      ---
      duration_ms: 1.5203
      type: 'test'
      location: 'C:\\Users\\Aaryan\\Desktop\\anirveda\\src\\lib\\iplAuction\\__tests__\\engine.test.js:575:3'
      failureType: 'testCodeFailure'
      error: |-
        expected ADD_PLAYER to be rejected with INVALID_INPUT
        
        true !== false
        
      code: 'ERR_ASSERTION'
      name: 'AssertionError'
      expected: false
      actual: true
      operator: 'strictEqual'
      stack: |-
        reject (file:///C:/Users/Aaryan/Desktop/anirveda/src/lib/iplAuction/__tests__/fixtures.js:77:10)
        TestContext.<anonymous> (file:///C:/Users/Aaryan/Desktop/anirveda/src/lib/iplAuction/__tests__/engine.test.js:588:33)
        Test.runInAsyncScope (node:async_hooks:214:14)
        Test.run (node:internal/test_runner/test:1047:25)
        Suite.processPendingSubtests (node:internal/test_runner/test:744:18)
        Test.postRun (node:internal/test_runner/test:1173:19)
        Test.run (node:internal/test_runner/test:1101:12)
        async Promise.all (index 0)
        async Suite.run (node:internal/test_runner/test:1442:7)
        async Test.processPendingSubtests (node:internal/test_runner/test:744:7)
      ...
    # Subtest: applies the same checks to edits
    not ok 3 - applies the same checks to edits
      ---
      duration_ms: 1.33
      type: 'test'
      location: 'C:\\Users\\Aaryan\\Desktop\\anirveda\\src\\lib\\iplAuction\\__tests__\\engine.test.js:591:3'
      failureType: 'testCodeFailure'
      error: |-
        expected UPDATE_PLAYER to be rejected with INVALID_INPUT
        
        true !== false
        
      code: 'ERR_ASSERTION'
      name: 'AssertionError'
      expected: false
      actual: true
      operator: 'strictEqual'
      stack: |-
        reject (file:///C:/Users/Aaryan/Desktop/anirveda/src/lib/iplAuction/__tests__/fixtures.js:77:10)
        TestContext.<anonymous> (file:///C:/Users/Aaryan/Desktop/anirveda/src/lib/iplAuction/__tests__/engine.test.js:592:5)
        Test.runInAsyncScope (node:async_hooks:214:14)
        Test.run (node:internal/test_runner/test:1047:25)
        Suite.processPendingSubtests (node:internal/test_runner/test:744:18)
        Test.postRun (node:internal/test_runner/test:1173:19)
        Test.run (node:internal/test_runner/test:1101:12)
        async Suite.processPendingSubtests (node:internal/test_runner/test:744:7)
      ...
    1..3
not ok 28 - player field validation
  ---
  duration_ms: 3.7718
  type: 'suite'
  location: 'C:\\Users\\Aaryan\\Desktop\\anirveda\\src\\lib\\iplAuction\\__tests__\\engine.test.js:560:1'
  failureType: 'subtestsFailed'
  error: '2 subtests failed'
  code: 'ERR_TEST_FAILURE'
  ...
# Subtest: auction summary
    # Subtest: reports each team's squad, spend, minimums and pool totals
    not ok 1 - reports each team's squad, spend, minimums and pool totals
      ---
      duration_ms: 2.0386
      type: 'test'
      location: 'C:\\Users\\Aaryan\\Desktop\\anirveda\\src\\lib\\iplAuction\\__tests__\\engine.test.js:597:3'
      failureType: 'testCodeFailure'
      error: |-
        Expected values to be strictly deep-equal:
        + actual - expected
        
          [
            60,
            2,
            true,
        +   [
        +     'FEMALE'
        +   ]
        -   []
          ]
        
      code: 'ERR_ASSERTION'
      name: 'AssertionError'
      expected:
        0: 60
        1: 2
        2: true
        3:
      actual:
        0: 60
        1: 2
        2: true
        3:
          0: 'FEMALE'
      operator: 'deepStrictEqual'
      stack: |-
        TestContext.<anonymous> (file:///C:/Users/Aaryan/Desktop/anirveda/src/lib/iplAuction/__tests__/engine.test.js:608:12)
        Test.runInAsyncScope (node:async_hooks:214:14)
        Test.run (node:internal/test_runner/test:1047:25)
        Test.start (node:internal/test_runner/test:944:17)
        node:internal/test_runner/test:1440:71
        node:internal/per_context/primordials:464:82
        new Promise (<anonymous>)
        new SafePromise (node:internal/per_context/primordials:433:3)
        node:internal/per_context/primordials:464:9
        Array.map (<anonymous>)
      ...
    1..1
not ok 29 - auction summary
  ---
  duration_ms: 2.16
  type: 'suite'
  location: 'C:\\Users\\Aaryan\\Desktop\\anirveda\\src\\lib\\iplAuction\\__tests__\\engine.test.js:596:1'
  failureType: 'subtestsFailed'
  error: '1 subtest failed'
  code: 'ERR_TEST_FAILURE'
  ...
# Subtest: full simulated auction
    # Subtest: runs start ΓåÆ next player ΓåÆ sold/unsold ΓåÆ end with consistent totals
    ok 1 - runs start ΓåÆ next player ΓåÆ sold/unsold ΓåÆ end with consistent totals
      ---
      duration_ms: 0.8544
      type: 'test'
      ...
    1..1
ok 30 - full simulated auction
  ---
  duration_ms: 0.975
  type: 'suite'
  ...
# Subtest: activity attribution
    # Subtest: SOLD entries carry the player, team and price for team dashboards
    ok 1 - SOLD entries carry the player, team and price for team dashboards
      ---
      duration_ms: 0.4156
      type: 'test'
      ...
    1..1
ok 31 - activity attribution
  ---
  duration_ms: 0.5038
  type: 'suite'
  ...
# Subtest: local repository
    # Subtest: seeds once and every tab shares the same auction
    ok 1 - seeds once and every tab shares the same auction
      ---
      duration_ms: 7.7024
      type: 'test'
      ...
    # Subtest: persists accepted commands and syncs other tabs over BroadcastChannel
    ok 2 - persists accepted commands and syncs other tabs over BroadcastChannel
      ---
      duration_ms: 37.9023
      type: 'test'
      ...
    # Subtest: stamps commands with the adapter clock
    ok 3 - stamps commands with the adapter clock
      ---
      duration_ms: 3.1706
      type: 'test'
      ...
    # Subtest: does not write rejected commands
    ok 4 - does not write rejected commands
      ---
      duration_ms: 1.0891
      type: 'test'
      ...
    # Subtest: a tab that missed a broadcast still validates against the latest stored state
    ok 5 - a tab that missed a broadcast still validates against the latest stored state
      ---
      duration_ms: 8.8492
      type: 'test'
      ...
    # Subtest: reset starts a new auction in every tab
    ok 6 - reset starts a new auction in every tab
      ---
      duration_ms: 33.1727
      type: 'test'
      ...
    # Subtest: ignores corrupt or outdated stored data and reseeds
    ok 7 - ignores corrupt or outdated stored data and reseeds
      ---
      duration_ms: 1.2171
      type: 'test'
      ...
    # Subtest: the default mock seed is a valid auction built from fictional data
    ok 8 - the default mock seed is a valid auction built from fictional data
      ---
      duration_ms: 1.7976
      type: 'test'
      ...
    1..8
ok 32 - local repository
  ---
  duration_ms: 98.2395
  type: 'suite'
  ...
# Subtest: auction mode (Phase 7 production gate)
    # Subtest: development defaults to the local adapter
    ok 1 - development defaults to the local adapter
      ---
      duration_ms: 1.5461
      type: 'test'
      ...
    # Subtest: a production build never uses the local adapter (no no-login admin, no reset)
    ok 2 - a production build never uses the local adapter (no no-login admin, no reset)
      ---
      duration_ms: 1.9862
      type: 'test'
      ...
    # Subtest: appwrite mode needs a database ID, in development and production
    ok 3 - appwrite mode needs a database ID, in development and production
      ---
      duration_ms: 0.8118
      type: 'test'
      ...
    # Subtest: an unknown adapter name is disabled rather than silently local
    ok 4 - an unknown adapter name is disabled rather than silently local
      ---
      duration_ms: 0.409
      type: 'test'
      ...
    1..4
ok 33 - auction mode (Phase 7 production gate)
  ---
  duration_ms: 7.5914
  type: 'suite'
  ...
# Subtest: getMarket
    # Subtest: lists every player in sequence with position and buyer
    ok 1 - lists every player in sequence with position and buyer
      ---
      duration_ms: 12.803
      type: 'test'
      ...
    # Subtest: filters by status, role, overseas and name
    ok 2 - filters by status, role, overseas and name
      ---
      duration_ms: 1.6329
      type: 'test'
      ...
    1..2
ok 34 - getMarket
  ---
  duration_ms: 16.5907
  type: 'suite'
  ...
# Subtest: getTeamPurchaseHistory
    # Subtest: returns only that team's buys, oldest first, with players
    ok 1 - returns only that team's buys, oldest first, with players
      ---
      duration_ms: 2.6751
      type: 'test'
      ...
    1..1
ok 35 - getTeamPurchaseHistory
  ---
  duration_ms: 2.9922
  type: 'suite'
  ...
# Subtest: getRoleNeeds
    # Subtest: reports open slots, squad shortfall, overseas left and per-role needs
    ok 1 - reports open slots, squad shortfall, overseas left and per-role needs
      ---
      duration_ms: 1.2189
      type: 'test'
      ...
    # Subtest: reports no overseas limit as null
    ok 2 - reports no overseas limit as null
      ---
      duration_ms: 0.4831
      type: 'test'
      ...
    1..2
ok 36 - getRoleNeeds
  ---
  duration_ms: 2.2275
  type: 'suite'
  ...
# Subtest: getLotHistory
    # Subtest: records each lot's outcome in order, including the open lot
    ok 1 - records each lot's outcome in order, including the open lot
      ---
      duration_ms: 2.2032
      type: 'test'
      ...
    # Subtest: ignores undone actions: an undone sale re-opens its lot, an undone open never happened
    ok 2 - ignores undone actions: an undone sale re-opens its lot, an undone open never happened
      ---
      duration_ms: 1.4968
      type: 'test'
      ...
    # Subtest: keeps a cancelled sale, marked cancelled, and records the player's later lot
    ok 3 - keeps a cancelled sale, marked cancelled, and records the player's later lot
      ---
      duration_ms: 1.0008
      type: 'test'
      ...
    # Subtest: is empty before any player goes up
    ok 4 - is empty before any player goes up
      ---
      duration_ms: 1.4728
      type: 'test'
      ...
    1..4
ok 37 - getLotHistory
  ---
  duration_ms: 9.8444
  type: 'suite'
  ...
# Subtest: getTopSales
    # Subtest: orders by price, highest first, ties in purchase order, and honours the limit
    ok 1 - orders by price, highest first, ties in purchase order, and honours the limit
      ---
      duration_ms: 1.7502
      type: 'test'
      ...
    # Subtest: drops a sale that was cancelled
    ok 2 - drops a sale that was cancelled
      ---
      duration_ms: 0.6836
      type: 'test'
      ...
    1..2
ok 38 - getTopSales
  ---
  duration_ms: 2.6997
  type: 'suite'
  ...
# Subtest: CSV parsing
    # Subtest: handles quotes, escaped quotes, embedded commas/newlines and CRLF
    ok 1 - handles quotes, escaped quotes, embedded commas/newlines and CRLF
      ---
      duration_ms: 1.8439
      type: 'test'
      ...
    1..1
ok 39 - CSV parsing
  ---
  duration_ms: 3.3763
  type: 'suite'
  ...
# Subtest: parsePlayerImport
    # Subtest: reads CSV with loose headers, role aliases, overseas flags and stat columns
    not ok 1 - reads CSV with loose headers, role aliases, overseas flags and stat columns
      ---
      duration_ms: 5.3635
      type: 'test'
      location: 'C:\\Users\\Aaryan\\Desktop\\anirveda\\src\\lib\\iplAuction\\__tests__\\playerImport.test.js:18:3'
      failureType: 'testCodeFailure'
      error: |-
        Expected values to be strictly deep-equal:
        + actual - expected
        
          {
        -   age: 23,
            basePrice: 20,
            battingStyle: null,
            bowlingStyle: null,
            dataSource: null,
            image: null,
        
      code: 'ERR_ASSERTION'
      name: 'AssertionError'
      expected:
        name: 'Fictional One'
        role: 'WICKETKEEPER'
        basePrice: 20
        isOverseas: false
        nationality: 'India'
        age: 23
        battingStyle: ~
        bowlingStyle: ~
        image: ~
        dataSource: ~
        recentPerformance:
          0: '12 (9)'
          1: '40 (22)'
        stats:
          batting:
            runs: 512
            highestScore: '88*'
      actual:
        name: 'Fictional One'
        role: 'WICKETKEEPER'
        basePrice: 20
        isOverseas: false
        nationality: 'India'
        battingStyle: ~
        bowlingStyle: ~
        image: ~
        dataSource: ~
        recentPerformance:
          0: '12 (9)'
          1: '40 (22)'
        stats:
          batting:
            runs: 512
            highestScore: '88*'
      operator: 'deepStrictEqual'
      stack: |-
        TestContext.<anonymous> (file:///C:/Users/Aaryan/Desktop/anirveda/src/lib/iplAuction/__tests__/playerImport.test.js:28:12)
        Test.runInAsyncScope (node:async_hooks:214:14)
        Test.run (node:internal/test_runner/test:1047:25)
        Test.start (node:internal/test_runner/test:944:17)
        node:internal/test_runner/test:1440:71
        node:internal/per_context/primordials:464:82
        new Promise (<anonymous>)
        new SafePromise (node:internal/per_context/primordials:433:3)
        node:internal/per_context/primordials:464:9
        Array.map (<anonymous>)
      ...
    # Subtest: reads JSON arrays and { players: [...] } including nested stats
    ok 2 - reads JSON arrays and { players: [...] } including nested stats
      ---
      duration_ms: 0.6679
      type: 'test'
      ...
    # Subtest: reports unusable input
    ok 3 - reports unusable input
      ---
      duration_ms: 0.7579
      type: 'test'
      ...
    1..3
not ok 40 - parsePlayerImport
  ---
  duration_ms: 7.1834
  type: 'suite'
  location: 'C:\\Users\\Aaryan\\Desktop\\anirveda\\src\\lib\\iplAuction\\__tests__\\playerImport.test.js:17:1'
  failureType: 'subtestsFailed'
  error: '1 subtest failed'
  code: 'ERR_TEST_FAILURE'
  ...
# Subtest: planPlayerImport
    # Subtest: validates each row through the engine and reports errors per line
    ok 1 - validates each row through the engine and reports errors per line
      ---
      duration_ms: 3.1661
      type: 'test'
      ...
    # Subtest: requires a data source for every row
    not ok 2 - requires a data source for every row
      ---
      duration_ms: 0.8357
      type: 'test'
      location: 'C:\\Users\\Aaryan\\Desktop\\anirveda\\src\\lib\\iplAuction\\__tests__\\playerImport.test.js:87:3'
      failureType: 'testCodeFailure'
      error: 'The "string" argument must be of type string. Received type undefined (undefined)'
      code: 'ERR_ASSERTION'
      name: 'AssertionError'
      expected:
      operator: 'match'
      stack: |-
        TestContext.<anonymous> (file:///C:/Users/Aaryan/Desktop/anirveda/src/lib/iplAuction/__tests__/playerImport.test.js:89:12)
        Test.runInAsyncScope (node:async_hooks:214:14)
        Test.run (node:internal/test_runner/test:1047:25)
        Suite.processPendingSubtests (node:internal/test_runner/test:744:18)
        Test.postRun (node:internal/test_runner/test:1173:19)
        Test.run (node:internal/test_runner/test:1101:12)
        async Promise.all (index 0)
        async Suite.run (node:internal/test_runner/test:1442:7)
        async Test.processPendingSubtests (node:internal/test_runner/test:744:7)
      ...
    # Subtest: flags duplicates inside the file and planned commands apply cleanly in order
    ok 3 - flags duplicates inside the file and planned commands apply cleanly in order
      ---
      duration_ms: 0.9658
      type: 'test'
      ...
    # Subtest: does not change the state it plans against
    ok 4 - does not change the state it plans against
      ---
      duration_ms: 0.478
      type: 'test'
      ...
    1..4
not ok 41 - planPlayerImport
  ---
  duration_ms: 5.7352
  type: 'suite'
  location: 'C:\\Users\\Aaryan\\Desktop\\anirveda\\src\\lib\\iplAuction\\__tests__\\playerImport.test.js:65:1'
  failureType: 'subtestsFailed'
  error: '1 subtest failed'
  code: 'ERR_TEST_FAILURE'
  ...
# Subtest: price calculator steps
    # Subtest: steps 20 lakhs below Γé╣5 Cr and Γé╣1 Cr from Γé╣5 Cr
    ok 1 - steps 20 lakhs below Γé╣5 Cr and Γé╣1 Cr from Γé╣5 Cr
      ---
      duration_ms: 1.8265
      type: 'test'
      ...
    # Subtest: goes up to the next round step
    ok 2 - goes up to the next round step
      ---
      duration_ms: 1.5422
      type: 'test'
      ...
    # Subtest: walks from a base price to Γé╣7 Cr
    ok 3 - walks from a base price to Γé╣7 Cr
      ---
      duration_ms: 2.5355
      type: 'test'
      ...
    # Subtest: goes down by the step below, never under the base price
    ok 4 - goes down by the step below, never under the base price
      ---
      duration_ms: 0.4003
      type: 'test'
      ...
    1..4
ok 42 - price calculator steps
  ---
  duration_ms: 9.4773
  type: 'suite'
  ...
# Subtest: realtime: channels and events
    # Subtest: subscribes to every IPL table under both channel naming schemes
    ok 1 - subscribes to every IPL table under both channel naming schemes
      ---
      duration_ms: 1.4578
      type: 'test'
      ...
    # Subtest: reads the table and owning auction from an SDK event
    ok 2 - reads the table and owning auction from an SDK event
      ---
      duration_ms: 1.2773
      type: 'test'
      ...
    1..2
ok 43 - realtime: channels and events
  ---
  duration_ms: 4.3317
  type: 'suite'
  ...
# Subtest: realtime: adapter
    # Subtest: collapses a burst of events into one refetch
    ok 1 - collapses a burst of events into one refetch
      ---
      duration_ms: 18.3083
      type: 'test'
      ...
    # Subtest: applies a newer snapshot and ignores older or duplicate ones
    ok 2 - applies a newer snapshot and ignores older or duplicate ones
      ---
      duration_ms: 7.0234
      type: 'test'
      ...
    # Subtest: re-reads when a change signal arrives while a read is in flight
    ok 3 - re-reads when a change signal arrives while a read is in flight
      ---
      duration_ms: 1.7227
      type: 'test'
      ...
    # Subtest: ignores events for other auctions when it is pinned to one
    ok 4 - ignores events for other auctions when it is pinned to one
      ---
      duration_ms: 4.6761
      type: 'test'
      ...
    # Subtest: switches to a newly created auction when not pinned
    ok 5 - switches to a newly created auction when not pinned
      ---
      duration_ms: 4.7835
      type: 'test'
      ...
    # Subtest: reports connection status and refetches after a reconnect
    ok 6 - reports connection status and refetches after a reconnect
      ---
      duration_ms: 5.2966
      type: 'test'
      ...
    # Subtest: refetches when the tab becomes visible or the network returns, and shows offline
    ok 7 - refetches when the tab becomes visible or the network returns, and shows offline
      ---
      duration_ms: 5.5188
      type: 'test'
      ...
    # Subtest: polls every 1 hour as a safety net with realtime, every 2 s without
    ok 8 - polls every 1 hour as a safety net with realtime, every 2 s without
      ---
      duration_ms: 2.8518
      type: 'test'
      ...
    # Subtest: keeps the socket through a quick unsubscribe/resubscribe, closes it when idle
    ok 9 - keeps the socket through a quick unsubscribe/resubscribe, closes it when idle
      ---
      duration_ms: 1.9221
      type: 'test'
      ...
    1..9
ok 44 - realtime: adapter
  ---
  duration_ms: 53.5719
  type: 'suite'
  ...
# Subtest: realtime: SDK wrapper
    # Subtest: forwards events and socket status, and closes the subscription
    ok 1 - forwards events and socket status, and closes the subscription
      ---
      duration_ms: 2.3447
      type: 'test'
      ...
    # Subtest: closes a subscription that resolves after unsubscribe
    ok 2 - closes a subscription that resolves after unsubscribe
      ---
      duration_ms: 0.4917
      type: 'test'
      ...
    1..2
ok 45 - realtime: SDK wrapper
  ---
  duration_ms: 3.1344
  type: 'suite'
  ...
# Subtest: realtime: multi-device simulation
    # Subtest: every screen ends identical to the database after 50 lots
    ok 1 - every screen ends identical to the database after 50 lots
      ---
      duration_ms: 256.7731
      type: 'test'
      ...
    1..1
ok 46 - realtime: multi-device simulation
  ---
  duration_ms: 256.9863
  type: 'suite'
  ...
# Subtest: team labels
    # Subtest: builds an alphanumeric label from the team ID
    ok 1 - builds an alphanumeric label from the team ID
      ---
      duration_ms: 1.0956
      type: 'test'
      ...
    # Subtest: every generated team ID gives a valid Appwrite label (alphanumeric, Γëñ 36)
    ok 2 - every generated team ID gives a valid Appwrite label (alphanumeric, Γëñ 36)
      ---
      duration_ms: 7.0847
      type: 'test'
      ...
    # Subtest: refuses IDs that can't make a label
    ok 3 - refuses IDs that can't make a label
      ---
      duration_ms: 0.5007
      type: 'test'
      ...
    # Subtest: never collides with the admin label
    ok 4 - never collides with the admin label
      ---
      duration_ms: 0.3091
      type: 'test'
      ...
    1..4
ok 47 - team labels
  ---
  duration_ms: 11.6717
  type: 'suite'
  ...
# Subtest: resolveTeamFromLabels
    # Subtest: finds the one team the account is labelled for
    ok 1 - finds the one team the account is labelled for
      ---
      duration_ms: 2.338
      type: 'test'
      ...
    # Subtest: ignores unrelated labels
    ok 2 - ignores unrelated labels
      ---
      duration_ms: 1.1667
      type: 'test'
      ...
    # Subtest: gives no team without a matching label, or for a team not in this auction
    ok 3 - gives no team without a matching label, or for a team not in this auction
      ---
      duration_ms: 0.3559
      type: 'test'
      ...
    # Subtest: refuses an account labelled for two teams
    ok 4 - refuses an account labelled for two teams
      ---
      duration_ms: 0.4067
      type: 'test'
      ...
    1..4
ok 48 - resolveTeamFromLabels
  ---
  duration_ms: 4.8547
  type: 'suite'
  ...
1..48
# tests 177
# suites 48
# pass 160
# fail 17
# cancelled 0
# skipped 0
# todo 0
# duration_ms 1493.6927
